[2026-09-25T17:27:47.507+0000] {processor.py:161} INFO - Started process (PID=99) to work on /home/airflow/.local/lib/python3.12/site-packages/airflow/example_dags/example_local_kubernetes_executor.py
[2026-09-25T17:27:47.509+0000] {processor.py:830} INFO - Processing file /home/airflow/.local/lib/python3.12/site-packages/airflow/example_dags/example_local_kubernetes_executor.py for tasks to queue
[2026-09-25T17:27:47.515+0000] {logging_mixin.py:188} INFO - [2026-09-25T17:27:47.514+0000] {dagbag.py:545} INFO - Filling up the DagBag from /home/airflow/.local/lib/python3.12/site-packages/airflow/example_dags/example_local_kubernetes_executor.py
[2026-09-25T17:27:47.579+0000] {processor.py:840} INFO - DAG(s) 'example_local_kubernetes_executor' retrieved from /home/airflow/.local/lib/python3.12/site-packages/airflow/example_dags/example_local_kubernetes_executor.py
[2026-09-25T17:27:48.293+0000] {logging_mixin.py:188} INFO - [2026-09-25T17:27:48.293+0000] {dag.py:3096} INFO - Sync 1 DAGs
[2026-09-25T17:27:48.339+0000] {logging_mixin.py:188} INFO - [2026-09-25T17:27:48.338+0000] {dag.py:3954} INFO - Setting next_dagrun for example_local_kubernetes_executor to None, run_after=None
[2026-09-25T17:27:48.428+0000] {processor.py:183} INFO - Processing /home/airflow/.local/lib/python3.12/site-packages/airflow/example_dags/example_local_kubernetes_executor.py took 0.952 seconds
[2026-09-25T17:28:25.864+0000] {processor.py:161} INFO - Started process (PID=157) to work on /home/airflow/.local/lib/python3.12/site-packages/airflow/example_dags/example_local_kubernetes_executor.py
[2026-09-25T17:28:25.872+0000] {processor.py:830} INFO - Processing file /home/airflow/.local/lib/python3.12/site-packages/airflow/example_dags/example_local_kubernetes_executor.py for tasks to queue
[2026-09-25T17:28:25.890+0000] {logging_mixin.py:188} INFO - [2026-09-25T17:28:25.889+0000] {dagbag.py:545} INFO - Filling up the DagBag from /home/airflow/.local/lib/python3.12/site-packages/airflow/example_dags/example_local_kubernetes_executor.py
[2026-09-25T17:28:25.987+0000] {processor.py:840} INFO - DAG(s) 'example_local_kubernetes_executor' retrieved from /home/airflow/.local/lib/python3.12/site-packages/airflow/example_dags/example_local_kubernetes_executor.py
[2026-09-25T17:28:26.160+0000] {logging_mixin.py:188} INFO - [2026-09-25T17:28:26.159+0000] {dag.py:3096} INFO - Sync 1 DAGs
[2026-09-25T17:28:26.283+0000] {logging_mixin.py:188} INFO - [2026-09-25T17:28:26.282+0000] {dag.py:3954} INFO - Setting next_dagrun for example_local_kubernetes_executor to None, run_after=None
[2026-09-25T17:28:26.354+0000] {processor.py:183} INFO - Processing /home/airflow/.local/lib/python3.12/site-packages/airflow/example_dags/example_local_kubernetes_executor.py took 0.569 seconds
[2026-09-25T17:28:58.888+0000] {processor.py:161} INFO - Started process (PID=215) to work on /home/airflow/.local/lib/python3.12/site-packages/airflow/example_dags/example_local_kubernetes_executor.py
[2026-09-25T17:28:58.890+0000] {processor.py:830} INFO - Processing file /home/airflow/.local/lib/python3.12/site-packages/airflow/example_dags/example_local_kubernetes_executor.py for tasks to queue
[2026-09-25T17:28:58.895+0000] {logging_mixin.py:188} INFO - [2026-09-25T17:28:58.894+0000] {dagbag.py:545} INFO - Filling up the DagBag from /home/airflow/.local/lib/python3.12/site-packages/airflow/example_dags/example_local_kubernetes_executor.py
[2026-09-25T17:28:58.919+0000] {processor.py:840} INFO - DAG(s) 'example_local_kubernetes_executor' retrieved from /home/airflow/.local/lib/python3.12/site-packages/airflow/example_dags/example_local_kubernetes_executor.py
[2026-09-25T17:28:59.024+0000] {logging_mixin.py:188} INFO - [2026-09-25T17:28:59.023+0000] {dag.py:3096} INFO - Sync 1 DAGs
[2026-09-25T17:28:59.057+0000] {logging_mixin.py:188} INFO - [2026-09-25T17:28:59.057+0000] {dag.py:3954} INFO - Setting next_dagrun for example_local_kubernetes_executor to None, run_after=None
[2026-09-25T17:28:59.119+0000] {processor.py:183} INFO - Processing /home/airflow/.local/lib/python3.12/site-packages/airflow/example_dags/example_local_kubernetes_executor.py took 0.247 seconds
[2026-09-25T17:29:31.754+0000] {processor.py:161} INFO - Started process (PID=271) to work on /home/airflow/.local/lib/python3.12/site-packages/airflow/example_dags/example_local_kubernetes_executor.py
[2026-09-25T17:29:31.762+0000] {processor.py:830} INFO - Processing file /home/airflow/.local/lib/python3.12/site-packages/airflow/example_dags/example_local_kubernetes_executor.py for tasks to queue
[2026-09-25T17:29:31.776+0000] {logging_mixin.py:188} INFO - [2026-09-25T17:29:31.775+0000] {dagbag.py:545} INFO - Filling up the DagBag from /home/airflow/.local/lib/python3.12/site-packages/airflow/example_dags/example_local_kubernetes_executor.py
[2026-09-25T17:29:31.803+0000] {processor.py:840} INFO - DAG(s) 'example_local_kubernetes_executor' retrieved from /home/airflow/.local/lib/python3.12/site-packages/airflow/example_dags/example_local_kubernetes_executor.py
[2026-09-25T17:29:31.938+0000] {logging_mixin.py:188} INFO - [2026-09-25T17:29:31.937+0000] {dag.py:3096} INFO - Sync 1 DAGs
[2026-09-25T17:29:31.982+0000] {logging_mixin.py:188} INFO - [2026-09-25T17:29:31.981+0000] {dag.py:3954} INFO - Setting next_dagrun for example_local_kubernetes_executor to None, run_after=None
[2026-09-25T17:29:32.058+0000] {processor.py:183} INFO - Processing /home/airflow/.local/lib/python3.12/site-packages/airflow/example_dags/example_local_kubernetes_executor.py took 0.324 seconds
[2026-09-25T17:30:02.169+0000] {processor.py:161} INFO - Started process (PID=329) to work on /home/airflow/.local/lib/python3.12/site-packages/airflow/example_dags/example_local_kubernetes_executor.py
[2026-09-25T17:30:02.172+0000] {processor.py:830} INFO - Processing file /home/airflow/.local/lib/python3.12/site-packages/airflow/example_dags/example_local_kubernetes_executor.py for tasks to queue
[2026-09-25T17:30:02.180+0000] {logging_mixin.py:188} INFO - [2026-09-25T17:30:02.178+0000] {dagbag.py:545} INFO - Filling up the DagBag from /home/airflow/.local/lib/python3.12/site-packages/airflow/example_dags/example_local_kubernetes_executor.py
[2026-09-25T17:30:02.206+0000] {processor.py:840} INFO - DAG(s) 'example_local_kubernetes_executor' retrieved from /home/airflow/.local/lib/python3.12/site-packages/airflow/example_dags/example_local_kubernetes_executor.py
[2026-09-25T17:30:02.334+0000] {logging_mixin.py:188} INFO - [2026-09-25T17:30:02.333+0000] {dag.py:3096} INFO - Sync 1 DAGs
[2026-09-25T17:30:02.406+0000] {logging_mixin.py:188} INFO - [2026-09-25T17:30:02.406+0000] {dag.py:3954} INFO - Setting next_dagrun for example_local_kubernetes_executor to None, run_after=None
[2026-09-25T17:30:02.505+0000] {processor.py:183} INFO - Processing /home/airflow/.local/lib/python3.12/site-packages/airflow/example_dags/example_local_kubernetes_executor.py took 0.354 seconds
[2026-09-25T17:30:32.631+0000] {processor.py:161} INFO - Started process (PID=387) to work on /home/airflow/.local/lib/python3.12/site-packages/airflow/example_dags/example_local_kubernetes_executor.py
[2026-09-25T17:30:32.638+0000] {processor.py:830} INFO - Processing file /home/airflow/.local/lib/python3.12/site-packages/airflow/example_dags/example_local_kubernetes_executor.py for tasks to queue
[2026-09-25T17:30:32.643+0000] {logging_mixin.py:188} INFO - [2026-09-25T17:30:32.642+0000] {dagbag.py:545} INFO - Filling up the DagBag from /home/airflow/.local/lib/python3.12/site-packages/airflow/example_dags/example_local_kubernetes_executor.py
[2026-09-25T17:30:32.662+0000] {processor.py:840} INFO - DAG(s) 'example_local_kubernetes_executor' retrieved from /home/airflow/.local/lib/python3.12/site-packages/airflow/example_dags/example_local_kubernetes_executor.py
[2026-09-25T17:30:32.763+0000] {logging_mixin.py:188} INFO - [2026-09-25T17:30:32.762+0000] {dag.py:3096} INFO - Sync 1 DAGs
[2026-09-25T17:30:32.804+0000] {logging_mixin.py:188} INFO - [2026-09-25T17:30:32.804+0000] {dag.py:3954} INFO - Setting next_dagrun for example_local_kubernetes_executor to None, run_after=None
[2026-09-25T17:30:32.841+0000] {processor.py:183} INFO - Processing /home/airflow/.local/lib/python3.12/site-packages/airflow/example_dags/example_local_kubernetes_executor.py took 0.225 seconds
[2026-09-25T17:31:04.143+0000] {processor.py:161} INFO - Started process (PID=445) to work on /home/airflow/.local/lib/python3.12/site-packages/airflow/example_dags/example_local_kubernetes_executor.py
[2026-09-25T17:31:04.146+0000] {processor.py:830} INFO - Processing file /home/airflow/.local/lib/python3.12/site-packages/airflow/example_dags/example_local_kubernetes_executor.py for tasks to queue
[2026-09-25T17:31:04.154+0000] {logging_mixin.py:188} INFO - [2026-09-25T17:31:04.152+0000] {dagbag.py:545} INFO - Filling up the DagBag from /home/airflow/.local/lib/python3.12/site-packages/airflow/example_dags/example_local_kubernetes_executor.py
[2026-09-25T17:31:04.212+0000] {processor.py:840} INFO - DAG(s) 'example_local_kubernetes_executor' retrieved from /home/airflow/.local/lib/python3.12/site-packages/airflow/example_dags/example_local_kubernetes_executor.py
[2026-09-25T17:31:04.369+0000] {logging_mixin.py:188} INFO - [2026-09-25T17:31:04.368+0000] {dag.py:3096} INFO - Sync 1 DAGs
[2026-09-25T17:31:04.413+0000] {logging_mixin.py:188} INFO - [2026-09-25T17:31:04.412+0000] {dag.py:3954} INFO - Setting next_dagrun for example_local_kubernetes_executor to None, run_after=None
[2026-09-25T17:31:04.491+0000] {processor.py:183} INFO - Processing /home/airflow/.local/lib/python3.12/site-packages/airflow/example_dags/example_local_kubernetes_executor.py took 0.372 seconds
[2026-09-25T17:31:34.944+0000] {processor.py:161} INFO - Started process (PID=503) to work on /home/airflow/.local/lib/python3.12/site-packages/airflow/example_dags/example_local_kubernetes_executor.py
[2026-09-25T17:31:34.946+0000] {processor.py:830} INFO - Processing file /home/airflow/.local/lib/python3.12/site-packages/airflow/example_dags/example_local_kubernetes_executor.py for tasks to queue
[2026-09-25T17:31:34.949+0000] {logging_mixin.py:188} INFO - [2026-09-25T17:31:34.949+0000] {dagbag.py:545} INFO - Filling up the DagBag from /home/airflow/.local/lib/python3.12/site-packages/airflow/example_dags/example_local_kubernetes_executor.py
[2026-09-25T17:31:34.969+0000] {processor.py:840} INFO - DAG(s) 'example_local_kubernetes_executor' retrieved from /home/airflow/.local/lib/python3.12/site-packages/airflow/example_dags/example_local_kubernetes_executor.py
[2026-09-25T17:31:35.050+0000] {logging_mixin.py:188} INFO - [2026-09-25T17:31:35.050+0000] {dag.py:3096} INFO - Sync 1 DAGs
[2026-09-25T17:31:35.091+0000] {logging_mixin.py:188} INFO - [2026-09-25T17:31:35.090+0000] {dag.py:3954} INFO - Setting next_dagrun for example_local_kubernetes_executor to None, run_after=None
[2026-09-25T17:31:35.136+0000] {processor.py:183} INFO - Processing /home/airflow/.local/lib/python3.12/site-packages/airflow/example_dags/example_local_kubernetes_executor.py took 0.210 seconds
