[2026-09-25T17:27:58.253+0000] {processor.py:161} INFO - Started process (PID=119) to work on /home/airflow/.local/lib/python3.12/site-packages/airflow/example_dags/example_trigger_target_dag.py
[2026-09-25T17:27:58.256+0000] {processor.py:830} INFO - Processing file /home/airflow/.local/lib/python3.12/site-packages/airflow/example_dags/example_trigger_target_dag.py for tasks to queue
[2026-09-25T17:27:58.270+0000] {logging_mixin.py:188} INFO - [2026-09-25T17:27:58.265+0000] {dagbag.py:545} INFO - Filling up the DagBag from /home/airflow/.local/lib/python3.12/site-packages/airflow/example_dags/example_trigger_target_dag.py
[2026-09-25T17:27:58.311+0000] {processor.py:840} INFO - DAG(s) 'example_trigger_target_dag' retrieved from /home/airflow/.local/lib/python3.12/site-packages/airflow/example_dags/example_trigger_target_dag.py
[2026-09-25T17:27:59.063+0000] {logging_mixin.py:188} INFO - [2026-09-25T17:27:59.062+0000] {dag.py:3096} INFO - Sync 1 DAGs
[2026-09-25T17:27:59.290+0000] {logging_mixin.py:188} INFO - [2026-09-25T17:27:59.288+0000] {dag.py:3954} INFO - Setting next_dagrun for example_trigger_target_dag to None, run_after=None
[2026-09-25T17:27:59.469+0000] {processor.py:183} INFO - Processing /home/airflow/.local/lib/python3.12/site-packages/airflow/example_dags/example_trigger_target_dag.py took 1.309 seconds
[2026-09-25T17:28:34.708+0000] {processor.py:161} INFO - Started process (PID=177) to work on /home/airflow/.local/lib/python3.12/site-packages/airflow/example_dags/example_trigger_target_dag.py
[2026-09-25T17:28:34.711+0000] {processor.py:830} INFO - Processing file /home/airflow/.local/lib/python3.12/site-packages/airflow/example_dags/example_trigger_target_dag.py for tasks to queue
[2026-09-25T17:28:34.718+0000] {logging_mixin.py:188} INFO - [2026-09-25T17:28:34.717+0000] {dagbag.py:545} INFO - Filling up the DagBag from /home/airflow/.local/lib/python3.12/site-packages/airflow/example_dags/example_trigger_target_dag.py
[2026-09-25T17:28:34.738+0000] {processor.py:840} INFO - DAG(s) 'example_trigger_target_dag' retrieved from /home/airflow/.local/lib/python3.12/site-packages/airflow/example_dags/example_trigger_target_dag.py
[2026-09-25T17:28:34.836+0000] {logging_mixin.py:188} INFO - [2026-09-25T17:28:34.832+0000] {dag.py:3096} INFO - Sync 1 DAGs
[2026-09-25T17:28:35.026+0000] {logging_mixin.py:188} INFO - [2026-09-25T17:28:35.025+0000] {dag.py:3954} INFO - Setting next_dagrun for example_trigger_target_dag to None, run_after=None
[2026-09-25T17:28:35.200+0000] {processor.py:183} INFO - Processing /home/airflow/.local/lib/python3.12/site-packages/airflow/example_dags/example_trigger_target_dag.py took 0.540 seconds
[2026-09-25T17:29:05.537+0000] {processor.py:161} INFO - Started process (PID=235) to work on /home/airflow/.local/lib/python3.12/site-packages/airflow/example_dags/example_trigger_target_dag.py
[2026-09-25T17:29:05.544+0000] {processor.py:830} INFO - Processing file /home/airflow/.local/lib/python3.12/site-packages/airflow/example_dags/example_trigger_target_dag.py for tasks to queue
[2026-09-25T17:29:05.564+0000] {logging_mixin.py:188} INFO - [2026-09-25T17:29:05.563+0000] {dagbag.py:545} INFO - Filling up the DagBag from /home/airflow/.local/lib/python3.12/site-packages/airflow/example_dags/example_trigger_target_dag.py
[2026-09-25T17:29:05.599+0000] {processor.py:840} INFO - DAG(s) 'example_trigger_target_dag' retrieved from /home/airflow/.local/lib/python3.12/site-packages/airflow/example_dags/example_trigger_target_dag.py
[2026-09-25T17:29:05.693+0000] {logging_mixin.py:188} INFO - [2026-09-25T17:29:05.692+0000] {dag.py:3096} INFO - Sync 1 DAGs
[2026-09-25T17:29:05.758+0000] {logging_mixin.py:188} INFO - [2026-09-25T17:29:05.757+0000] {dag.py:3954} INFO - Setting next_dagrun for example_trigger_target_dag to None, run_after=None
[2026-09-25T17:29:05.848+0000] {processor.py:183} INFO - Processing /home/airflow/.local/lib/python3.12/site-packages/airflow/example_dags/example_trigger_target_dag.py took 0.341 seconds
[2026-09-25T17:29:42.830+0000] {processor.py:161} INFO - Started process (PID=294) to work on /home/airflow/.local/lib/python3.12/site-packages/airflow/example_dags/example_trigger_target_dag.py
[2026-09-25T17:29:42.833+0000] {processor.py:830} INFO - Processing file /home/airflow/.local/lib/python3.12/site-packages/airflow/example_dags/example_trigger_target_dag.py for tasks to queue
[2026-09-25T17:29:42.839+0000] {logging_mixin.py:188} INFO - [2026-09-25T17:29:42.838+0000] {dagbag.py:545} INFO - Filling up the DagBag from /home/airflow/.local/lib/python3.12/site-packages/airflow/example_dags/example_trigger_target_dag.py
[2026-09-25T17:29:42.858+0000] {processor.py:840} INFO - DAG(s) 'example_trigger_target_dag' retrieved from /home/airflow/.local/lib/python3.12/site-packages/airflow/example_dags/example_trigger_target_dag.py
[2026-09-25T17:29:42.937+0000] {logging_mixin.py:188} INFO - [2026-09-25T17:29:42.936+0000] {dag.py:3096} INFO - Sync 1 DAGs
[2026-09-25T17:29:42.985+0000] {logging_mixin.py:188} INFO - [2026-09-25T17:29:42.985+0000] {dag.py:3954} INFO - Setting next_dagrun for example_trigger_target_dag to None, run_after=None
[2026-09-25T17:29:43.052+0000] {processor.py:183} INFO - Processing /home/airflow/.local/lib/python3.12/site-packages/airflow/example_dags/example_trigger_target_dag.py took 0.243 seconds
[2026-09-25T17:30:15.848+0000] {processor.py:161} INFO - Started process (PID=358) to work on /home/airflow/.local/lib/python3.12/site-packages/airflow/example_dags/example_trigger_target_dag.py
[2026-09-25T17:30:15.851+0000] {processor.py:830} INFO - Processing file /home/airflow/.local/lib/python3.12/site-packages/airflow/example_dags/example_trigger_target_dag.py for tasks to queue
[2026-09-25T17:30:15.875+0000] {logging_mixin.py:188} INFO - [2026-09-25T17:30:15.872+0000] {dagbag.py:545} INFO - Filling up the DagBag from /home/airflow/.local/lib/python3.12/site-packages/airflow/example_dags/example_trigger_target_dag.py
[2026-09-25T17:30:15.904+0000] {processor.py:840} INFO - DAG(s) 'example_trigger_target_dag' retrieved from /home/airflow/.local/lib/python3.12/site-packages/airflow/example_dags/example_trigger_target_dag.py
[2026-09-25T17:30:16.102+0000] {logging_mixin.py:188} INFO - [2026-09-25T17:30:16.098+0000] {dag.py:3096} INFO - Sync 1 DAGs
[2026-09-25T17:30:16.360+0000] {logging_mixin.py:188} INFO - [2026-09-25T17:30:16.359+0000] {dag.py:3954} INFO - Setting next_dagrun for example_trigger_target_dag to None, run_after=None
[2026-09-25T17:30:16.579+0000] {processor.py:183} INFO - Processing /home/airflow/.local/lib/python3.12/site-packages/airflow/example_dags/example_trigger_target_dag.py took 0.749 seconds
[2026-09-25T17:30:48.342+0000] {processor.py:161} INFO - Started process (PID=416) to work on /home/airflow/.local/lib/python3.12/site-packages/airflow/example_dags/example_trigger_target_dag.py
[2026-09-25T17:30:48.344+0000] {processor.py:830} INFO - Processing file /home/airflow/.local/lib/python3.12/site-packages/airflow/example_dags/example_trigger_target_dag.py for tasks to queue
[2026-09-25T17:30:48.351+0000] {logging_mixin.py:188} INFO - [2026-09-25T17:30:48.350+0000] {dagbag.py:545} INFO - Filling up the DagBag from /home/airflow/.local/lib/python3.12/site-packages/airflow/example_dags/example_trigger_target_dag.py
[2026-09-25T17:30:48.372+0000] {processor.py:840} INFO - DAG(s) 'example_trigger_target_dag' retrieved from /home/airflow/.local/lib/python3.12/site-packages/airflow/example_dags/example_trigger_target_dag.py
[2026-09-25T17:30:48.477+0000] {logging_mixin.py:188} INFO - [2026-09-25T17:30:48.476+0000] {dag.py:3096} INFO - Sync 1 DAGs
[2026-09-25T17:30:48.526+0000] {logging_mixin.py:188} INFO - [2026-09-25T17:30:48.525+0000] {dag.py:3954} INFO - Setting next_dagrun for example_trigger_target_dag to None, run_after=None
[2026-09-25T17:30:48.591+0000] {processor.py:183} INFO - Processing /home/airflow/.local/lib/python3.12/site-packages/airflow/example_dags/example_trigger_target_dag.py took 0.271 seconds
[2026-09-25T17:31:18.916+0000] {processor.py:161} INFO - Started process (PID=474) to work on /home/airflow/.local/lib/python3.12/site-packages/airflow/example_dags/example_trigger_target_dag.py
[2026-09-25T17:31:18.919+0000] {processor.py:830} INFO - Processing file /home/airflow/.local/lib/python3.12/site-packages/airflow/example_dags/example_trigger_target_dag.py for tasks to queue
[2026-09-25T17:31:18.924+0000] {logging_mixin.py:188} INFO - [2026-09-25T17:31:18.923+0000] {dagbag.py:545} INFO - Filling up the DagBag from /home/airflow/.local/lib/python3.12/site-packages/airflow/example_dags/example_trigger_target_dag.py
[2026-09-25T17:31:18.937+0000] {processor.py:840} INFO - DAG(s) 'example_trigger_target_dag' retrieved from /home/airflow/.local/lib/python3.12/site-packages/airflow/example_dags/example_trigger_target_dag.py
[2026-09-25T17:31:18.976+0000] {logging_mixin.py:188} INFO - [2026-09-25T17:31:18.975+0000] {dag.py:3096} INFO - Sync 1 DAGs
[2026-09-25T17:31:19.005+0000] {logging_mixin.py:188} INFO - [2026-09-25T17:31:19.004+0000] {dag.py:3954} INFO - Setting next_dagrun for example_trigger_target_dag to None, run_after=None
[2026-09-25T17:31:19.064+0000] {processor.py:183} INFO - Processing /home/airflow/.local/lib/python3.12/site-packages/airflow/example_dags/example_trigger_target_dag.py took 0.170 seconds
