[2026-09-25T17:27:26.056+0000] {processor.py:161} INFO - Started process (PID=74) to work on /home/airflow/.local/lib/python3.12/site-packages/airflow/example_dags/example_bash_decorator.py
[2026-09-25T17:27:26.062+0000] {processor.py:830} INFO - Processing file /home/airflow/.local/lib/python3.12/site-packages/airflow/example_dags/example_bash_decorator.py for tasks to queue
[2026-09-25T17:27:26.078+0000] {logging_mixin.py:188} INFO - [2026-09-25T17:27:26.069+0000] {dagbag.py:545} INFO - Filling up the DagBag from /home/airflow/.local/lib/python3.12/site-packages/airflow/example_dags/example_bash_decorator.py
[2026-09-25T17:27:26.337+0000] {processor.py:840} INFO - DAG(s) 'example_bash_decorator' retrieved from /home/airflow/.local/lib/python3.12/site-packages/airflow/example_dags/example_bash_decorator.py
[2026-09-25T17:27:28.877+0000] {logging_mixin.py:188} INFO - [2026-09-25T17:27:28.876+0000] {dag.py:3096} INFO - Sync 1 DAGs
[2026-09-25T17:27:28.979+0000] {logging_mixin.py:188} INFO - [2026-09-25T17:27:28.979+0000] {dag.py:3954} INFO - Setting next_dagrun for example_bash_decorator to None, run_after=None
[2026-09-25T17:27:29.165+0000] {processor.py:183} INFO - Processing /home/airflow/.local/lib/python3.12/site-packages/airflow/example_dags/example_bash_decorator.py took 3.155 seconds
[2026-09-25T17:28:07.987+0000] {processor.py:161} INFO - Started process (PID=132) to work on /home/airflow/.local/lib/python3.12/site-packages/airflow/example_dags/example_bash_decorator.py
[2026-09-25T17:28:07.991+0000] {processor.py:830} INFO - Processing file /home/airflow/.local/lib/python3.12/site-packages/airflow/example_dags/example_bash_decorator.py for tasks to queue
[2026-09-25T17:28:08.004+0000] {logging_mixin.py:188} INFO - [2026-09-25T17:28:07.999+0000] {dagbag.py:545} INFO - Filling up the DagBag from /home/airflow/.local/lib/python3.12/site-packages/airflow/example_dags/example_bash_decorator.py
[2026-09-25T17:28:08.196+0000] {processor.py:840} INFO - DAG(s) 'example_bash_decorator' retrieved from /home/airflow/.local/lib/python3.12/site-packages/airflow/example_dags/example_bash_decorator.py
[2026-09-25T17:28:08.424+0000] {logging_mixin.py:188} INFO - [2026-09-25T17:28:08.424+0000] {dag.py:3096} INFO - Sync 1 DAGs
[2026-09-25T17:28:08.475+0000] {logging_mixin.py:188} INFO - [2026-09-25T17:28:08.474+0000] {dag.py:3954} INFO - Setting next_dagrun for example_bash_decorator to None, run_after=None
[2026-09-25T17:28:08.591+0000] {processor.py:183} INFO - Processing /home/airflow/.local/lib/python3.12/site-packages/airflow/example_dags/example_bash_decorator.py took 0.636 seconds
[2026-09-25T17:28:38.753+0000] {processor.py:161} INFO - Started process (PID=189) to work on /home/airflow/.local/lib/python3.12/site-packages/airflow/example_dags/example_bash_decorator.py
[2026-09-25T17:28:38.758+0000] {processor.py:830} INFO - Processing file /home/airflow/.local/lib/python3.12/site-packages/airflow/example_dags/example_bash_decorator.py for tasks to queue
[2026-09-25T17:28:38.772+0000] {logging_mixin.py:188} INFO - [2026-09-25T17:28:38.767+0000] {dagbag.py:545} INFO - Filling up the DagBag from /home/airflow/.local/lib/python3.12/site-packages/airflow/example_dags/example_bash_decorator.py
[2026-09-25T17:28:38.853+0000] {processor.py:840} INFO - DAG(s) 'example_bash_decorator' retrieved from /home/airflow/.local/lib/python3.12/site-packages/airflow/example_dags/example_bash_decorator.py
[2026-09-25T17:28:38.986+0000] {logging_mixin.py:188} INFO - [2026-09-25T17:28:38.984+0000] {dag.py:3096} INFO - Sync 1 DAGs
[2026-09-25T17:28:39.049+0000] {logging_mixin.py:188} INFO - [2026-09-25T17:28:39.048+0000] {dag.py:3954} INFO - Setting next_dagrun for example_bash_decorator to None, run_after=None
[2026-09-25T17:28:39.120+0000] {processor.py:183} INFO - Processing /home/airflow/.local/lib/python3.12/site-packages/airflow/example_dags/example_bash_decorator.py took 0.396 seconds
[2026-09-25T17:29:09.894+0000] {processor.py:161} INFO - Started process (PID=247) to work on /home/airflow/.local/lib/python3.12/site-packages/airflow/example_dags/example_bash_decorator.py
[2026-09-25T17:29:09.896+0000] {processor.py:830} INFO - Processing file /home/airflow/.local/lib/python3.12/site-packages/airflow/example_dags/example_bash_decorator.py for tasks to queue
[2026-09-25T17:29:09.901+0000] {logging_mixin.py:188} INFO - [2026-09-25T17:29:09.900+0000] {dagbag.py:545} INFO - Filling up the DagBag from /home/airflow/.local/lib/python3.12/site-packages/airflow/example_dags/example_bash_decorator.py
[2026-09-25T17:29:09.945+0000] {processor.py:840} INFO - DAG(s) 'example_bash_decorator' retrieved from /home/airflow/.local/lib/python3.12/site-packages/airflow/example_dags/example_bash_decorator.py
[2026-09-25T17:29:10.029+0000] {logging_mixin.py:188} INFO - [2026-09-25T17:29:10.029+0000] {dag.py:3096} INFO - Sync 1 DAGs
[2026-09-25T17:29:10.074+0000] {logging_mixin.py:188} INFO - [2026-09-25T17:29:10.074+0000] {dag.py:3954} INFO - Setting next_dagrun for example_bash_decorator to None, run_after=None
[2026-09-25T17:29:10.136+0000] {processor.py:183} INFO - Processing /home/airflow/.local/lib/python3.12/site-packages/airflow/example_dags/example_bash_decorator.py took 0.259 seconds
[2026-09-25T17:29:41.181+0000] {processor.py:161} INFO - Started process (PID=285) to work on /home/airflow/.local/lib/python3.12/site-packages/airflow/example_dags/example_bash_decorator.py
[2026-09-25T17:29:41.183+0000] {processor.py:830} INFO - Processing file /home/airflow/.local/lib/python3.12/site-packages/airflow/example_dags/example_bash_decorator.py for tasks to queue
[2026-09-25T17:29:41.188+0000] {logging_mixin.py:188} INFO - [2026-09-25T17:29:41.187+0000] {dagbag.py:545} INFO - Filling up the DagBag from /home/airflow/.local/lib/python3.12/site-packages/airflow/example_dags/example_bash_decorator.py
[2026-09-25T17:29:41.243+0000] {processor.py:840} INFO - DAG(s) 'example_bash_decorator' retrieved from /home/airflow/.local/lib/python3.12/site-packages/airflow/example_dags/example_bash_decorator.py
[2026-09-25T17:29:41.330+0000] {logging_mixin.py:188} INFO - [2026-09-25T17:29:41.330+0000] {dag.py:3096} INFO - Sync 1 DAGs
[2026-09-25T17:29:41.393+0000] {logging_mixin.py:188} INFO - [2026-09-25T17:29:41.393+0000] {dag.py:3954} INFO - Setting next_dagrun for example_bash_decorator to None, run_after=None
[2026-09-25T17:29:41.466+0000] {processor.py:183} INFO - Processing /home/airflow/.local/lib/python3.12/site-packages/airflow/example_dags/example_bash_decorator.py took 0.306 seconds
[2026-09-25T17:30:12.441+0000] {processor.py:161} INFO - Started process (PID=343) to work on /home/airflow/.local/lib/python3.12/site-packages/airflow/example_dags/example_bash_decorator.py
[2026-09-25T17:30:12.503+0000] {processor.py:830} INFO - Processing file /home/airflow/.local/lib/python3.12/site-packages/airflow/example_dags/example_bash_decorator.py for tasks to queue
[2026-09-25T17:30:12.532+0000] {logging_mixin.py:188} INFO - [2026-09-25T17:30:12.521+0000] {dagbag.py:545} INFO - Filling up the DagBag from /home/airflow/.local/lib/python3.12/site-packages/airflow/example_dags/example_bash_decorator.py
[2026-09-25T17:30:12.620+0000] {processor.py:840} INFO - DAG(s) 'example_bash_decorator' retrieved from /home/airflow/.local/lib/python3.12/site-packages/airflow/example_dags/example_bash_decorator.py
[2026-09-25T17:30:12.742+0000] {logging_mixin.py:188} INFO - [2026-09-25T17:30:12.742+0000] {dag.py:3096} INFO - Sync 1 DAGs
[2026-09-25T17:30:12.903+0000] {logging_mixin.py:188} INFO - [2026-09-25T17:30:12.903+0000] {dag.py:3954} INFO - Setting next_dagrun for example_bash_decorator to None, run_after=None
[2026-09-25T17:30:13.082+0000] {processor.py:183} INFO - Processing /home/airflow/.local/lib/python3.12/site-packages/airflow/example_dags/example_bash_decorator.py took 0.693 seconds
[2026-09-25T17:30:43.846+0000] {processor.py:161} INFO - Started process (PID=400) to work on /home/airflow/.local/lib/python3.12/site-packages/airflow/example_dags/example_bash_decorator.py
[2026-09-25T17:30:43.852+0000] {processor.py:830} INFO - Processing file /home/airflow/.local/lib/python3.12/site-packages/airflow/example_dags/example_bash_decorator.py for tasks to queue
[2026-09-25T17:30:43.875+0000] {logging_mixin.py:188} INFO - [2026-09-25T17:30:43.869+0000] {dagbag.py:545} INFO - Filling up the DagBag from /home/airflow/.local/lib/python3.12/site-packages/airflow/example_dags/example_bash_decorator.py
[2026-09-25T17:30:43.982+0000] {processor.py:840} INFO - DAG(s) 'example_bash_decorator' retrieved from /home/airflow/.local/lib/python3.12/site-packages/airflow/example_dags/example_bash_decorator.py
[2026-09-25T17:30:44.132+0000] {logging_mixin.py:188} INFO - [2026-09-25T17:30:44.131+0000] {dag.py:3096} INFO - Sync 1 DAGs
[2026-09-25T17:30:44.188+0000] {logging_mixin.py:188} INFO - [2026-09-25T17:30:44.188+0000] {dag.py:3954} INFO - Setting next_dagrun for example_bash_decorator to None, run_after=None
[2026-09-25T17:30:44.295+0000] {processor.py:183} INFO - Processing /home/airflow/.local/lib/python3.12/site-packages/airflow/example_dags/example_bash_decorator.py took 0.484 seconds
[2026-09-25T17:31:14.634+0000] {processor.py:161} INFO - Started process (PID=458) to work on /home/airflow/.local/lib/python3.12/site-packages/airflow/example_dags/example_bash_decorator.py
[2026-09-25T17:31:14.647+0000] {processor.py:830} INFO - Processing file /home/airflow/.local/lib/python3.12/site-packages/airflow/example_dags/example_bash_decorator.py for tasks to queue
[2026-09-25T17:31:14.651+0000] {logging_mixin.py:188} INFO - [2026-09-25T17:31:14.651+0000] {dagbag.py:545} INFO - Filling up the DagBag from /home/airflow/.local/lib/python3.12/site-packages/airflow/example_dags/example_bash_decorator.py
[2026-09-25T17:31:14.697+0000] {processor.py:840} INFO - DAG(s) 'example_bash_decorator' retrieved from /home/airflow/.local/lib/python3.12/site-packages/airflow/example_dags/example_bash_decorator.py
[2026-09-25T17:31:14.771+0000] {logging_mixin.py:188} INFO - [2026-09-25T17:31:14.771+0000] {dag.py:3096} INFO - Sync 1 DAGs
[2026-09-25T17:31:14.818+0000] {logging_mixin.py:188} INFO - [2026-09-25T17:31:14.817+0000] {dag.py:3954} INFO - Setting next_dagrun for example_bash_decorator to None, run_after=None
[2026-09-25T17:31:14.872+0000] {processor.py:183} INFO - Processing /home/airflow/.local/lib/python3.12/site-packages/airflow/example_dags/example_bash_decorator.py took 0.252 seconds
