[2026-09-25T17:27:48.523+0000] {processor.py:161} INFO - Started process (PID=101) to work on /home/airflow/.local/lib/python3.12/site-packages/airflow/example_dags/example_params_trigger_ui.py
[2026-09-25T17:27:48.525+0000] {processor.py:830} INFO - Processing file /home/airflow/.local/lib/python3.12/site-packages/airflow/example_dags/example_params_trigger_ui.py for tasks to queue
[2026-09-25T17:27:48.530+0000] {logging_mixin.py:188} INFO - [2026-09-25T17:27:48.529+0000] {dagbag.py:545} INFO - Filling up the DagBag from /home/airflow/.local/lib/python3.12/site-packages/airflow/example_dags/example_params_trigger_ui.py
[2026-09-25T17:27:48.579+0000] {processor.py:840} INFO - DAG(s) 'example_params_trigger_ui' retrieved from /home/airflow/.local/lib/python3.12/site-packages/airflow/example_dags/example_params_trigger_ui.py
[2026-09-25T17:27:49.100+0000] {logging_mixin.py:188} INFO - [2026-09-25T17:27:49.099+0000] {dag.py:3096} INFO - Sync 1 DAGs
[2026-09-25T17:27:49.132+0000] {logging_mixin.py:188} INFO - [2026-09-25T17:27:49.132+0000] {dag.py:3954} INFO - Setting next_dagrun for example_params_trigger_ui to None, run_after=None
[2026-09-25T17:27:49.179+0000] {processor.py:183} INFO - Processing /home/airflow/.local/lib/python3.12/site-packages/airflow/example_dags/example_params_trigger_ui.py took 0.675 seconds
[2026-09-25T17:28:26.646+0000] {processor.py:161} INFO - Started process (PID=159) to work on /home/airflow/.local/lib/python3.12/site-packages/airflow/example_dags/example_params_trigger_ui.py
[2026-09-25T17:28:26.653+0000] {processor.py:830} INFO - Processing file /home/airflow/.local/lib/python3.12/site-packages/airflow/example_dags/example_params_trigger_ui.py for tasks to queue
[2026-09-25T17:28:26.674+0000] {logging_mixin.py:188} INFO - [2026-09-25T17:28:26.670+0000] {dagbag.py:545} INFO - Filling up the DagBag from /home/airflow/.local/lib/python3.12/site-packages/airflow/example_dags/example_params_trigger_ui.py
[2026-09-25T17:28:26.829+0000] {processor.py:840} INFO - DAG(s) 'example_params_trigger_ui' retrieved from /home/airflow/.local/lib/python3.12/site-packages/airflow/example_dags/example_params_trigger_ui.py
[2026-09-25T17:28:27.282+0000] {logging_mixin.py:188} INFO - [2026-09-25T17:28:27.282+0000] {dag.py:3096} INFO - Sync 1 DAGs
[2026-09-25T17:28:27.528+0000] {logging_mixin.py:188} INFO - [2026-09-25T17:28:27.527+0000] {dag.py:3954} INFO - Setting next_dagrun for example_params_trigger_ui to None, run_after=None
[2026-09-25T17:28:27.803+0000] {processor.py:183} INFO - Processing /home/airflow/.local/lib/python3.12/site-packages/airflow/example_dags/example_params_trigger_ui.py took 1.220 seconds
[2026-09-25T17:28:59.221+0000] {processor.py:161} INFO - Started process (PID=217) to work on /home/airflow/.local/lib/python3.12/site-packages/airflow/example_dags/example_params_trigger_ui.py
[2026-09-25T17:28:59.223+0000] {processor.py:830} INFO - Processing file /home/airflow/.local/lib/python3.12/site-packages/airflow/example_dags/example_params_trigger_ui.py for tasks to queue
[2026-09-25T17:28:59.229+0000] {logging_mixin.py:188} INFO - [2026-09-25T17:28:59.228+0000] {dagbag.py:545} INFO - Filling up the DagBag from /home/airflow/.local/lib/python3.12/site-packages/airflow/example_dags/example_params_trigger_ui.py
[2026-09-25T17:28:59.274+0000] {processor.py:840} INFO - DAG(s) 'example_params_trigger_ui' retrieved from /home/airflow/.local/lib/python3.12/site-packages/airflow/example_dags/example_params_trigger_ui.py
[2026-09-25T17:28:59.467+0000] {logging_mixin.py:188} INFO - [2026-09-25T17:28:59.464+0000] {dag.py:3096} INFO - Sync 1 DAGs
[2026-09-25T17:28:59.511+0000] {logging_mixin.py:188} INFO - [2026-09-25T17:28:59.511+0000] {dag.py:3954} INFO - Setting next_dagrun for example_params_trigger_ui to None, run_after=None
[2026-09-25T17:28:59.578+0000] {processor.py:183} INFO - Processing /home/airflow/.local/lib/python3.12/site-packages/airflow/example_dags/example_params_trigger_ui.py took 0.383 seconds
[2026-09-25T17:29:33.591+0000] {processor.py:161} INFO - Started process (PID=275) to work on /home/airflow/.local/lib/python3.12/site-packages/airflow/example_dags/example_params_trigger_ui.py
[2026-09-25T17:29:33.593+0000] {processor.py:830} INFO - Processing file /home/airflow/.local/lib/python3.12/site-packages/airflow/example_dags/example_params_trigger_ui.py for tasks to queue
[2026-09-25T17:29:33.598+0000] {logging_mixin.py:188} INFO - [2026-09-25T17:29:33.597+0000] {dagbag.py:545} INFO - Filling up the DagBag from /home/airflow/.local/lib/python3.12/site-packages/airflow/example_dags/example_params_trigger_ui.py
[2026-09-25T17:29:33.646+0000] {processor.py:840} INFO - DAG(s) 'example_params_trigger_ui' retrieved from /home/airflow/.local/lib/python3.12/site-packages/airflow/example_dags/example_params_trigger_ui.py
[2026-09-25T17:29:34.571+0000] {logging_mixin.py:188} INFO - [2026-09-25T17:29:34.570+0000] {dag.py:3096} INFO - Sync 1 DAGs
[2026-09-25T17:29:34.638+0000] {logging_mixin.py:188} INFO - [2026-09-25T17:29:34.637+0000] {dag.py:3954} INFO - Setting next_dagrun for example_params_trigger_ui to None, run_after=None
[2026-09-25T17:29:34.715+0000] {processor.py:183} INFO - Processing /home/airflow/.local/lib/python3.12/site-packages/airflow/example_dags/example_params_trigger_ui.py took 1.159 seconds
[2026-09-25T17:30:04.928+0000] {processor.py:161} INFO - Started process (PID=331) to work on /home/airflow/.local/lib/python3.12/site-packages/airflow/example_dags/example_params_trigger_ui.py
[2026-09-25T17:30:04.931+0000] {processor.py:830} INFO - Processing file /home/airflow/.local/lib/python3.12/site-packages/airflow/example_dags/example_params_trigger_ui.py for tasks to queue
[2026-09-25T17:30:04.938+0000] {logging_mixin.py:188} INFO - [2026-09-25T17:30:04.936+0000] {dagbag.py:545} INFO - Filling up the DagBag from /home/airflow/.local/lib/python3.12/site-packages/airflow/example_dags/example_params_trigger_ui.py
[2026-09-25T17:30:04.991+0000] {processor.py:840} INFO - DAG(s) 'example_params_trigger_ui' retrieved from /home/airflow/.local/lib/python3.12/site-packages/airflow/example_dags/example_params_trigger_ui.py
[2026-09-25T17:30:05.239+0000] {logging_mixin.py:188} INFO - [2026-09-25T17:30:05.238+0000] {dag.py:3096} INFO - Sync 1 DAGs
[2026-09-25T17:30:05.315+0000] {logging_mixin.py:188} INFO - [2026-09-25T17:30:05.314+0000] {dag.py:3954} INFO - Setting next_dagrun for example_params_trigger_ui to None, run_after=None
[2026-09-25T17:30:05.410+0000] {processor.py:183} INFO - Processing /home/airflow/.local/lib/python3.12/site-packages/airflow/example_dags/example_params_trigger_ui.py took 0.509 seconds
[2026-09-25T17:30:35.941+0000] {processor.py:161} INFO - Started process (PID=389) to work on /home/airflow/.local/lib/python3.12/site-packages/airflow/example_dags/example_params_trigger_ui.py
[2026-09-25T17:30:35.942+0000] {processor.py:830} INFO - Processing file /home/airflow/.local/lib/python3.12/site-packages/airflow/example_dags/example_params_trigger_ui.py for tasks to queue
[2026-09-25T17:30:35.946+0000] {logging_mixin.py:188} INFO - [2026-09-25T17:30:35.946+0000] {dagbag.py:545} INFO - Filling up the DagBag from /home/airflow/.local/lib/python3.12/site-packages/airflow/example_dags/example_params_trigger_ui.py
[2026-09-25T17:30:35.978+0000] {processor.py:840} INFO - DAG(s) 'example_params_trigger_ui' retrieved from /home/airflow/.local/lib/python3.12/site-packages/airflow/example_dags/example_params_trigger_ui.py
[2026-09-25T17:30:36.085+0000] {logging_mixin.py:188} INFO - [2026-09-25T17:30:36.084+0000] {dag.py:3096} INFO - Sync 1 DAGs
[2026-09-25T17:30:36.113+0000] {logging_mixin.py:188} INFO - [2026-09-25T17:30:36.112+0000] {dag.py:3954} INFO - Setting next_dagrun for example_params_trigger_ui to None, run_after=None
[2026-09-25T17:30:36.160+0000] {processor.py:183} INFO - Processing /home/airflow/.local/lib/python3.12/site-packages/airflow/example_dags/example_params_trigger_ui.py took 0.236 seconds
[2026-09-25T17:31:06.615+0000] {processor.py:161} INFO - Started process (PID=447) to work on /home/airflow/.local/lib/python3.12/site-packages/airflow/example_dags/example_params_trigger_ui.py
[2026-09-25T17:31:06.624+0000] {processor.py:830} INFO - Processing file /home/airflow/.local/lib/python3.12/site-packages/airflow/example_dags/example_params_trigger_ui.py for tasks to queue
[2026-09-25T17:31:06.631+0000] {logging_mixin.py:188} INFO - [2026-09-25T17:31:06.630+0000] {dagbag.py:545} INFO - Filling up the DagBag from /home/airflow/.local/lib/python3.12/site-packages/airflow/example_dags/example_params_trigger_ui.py
[2026-09-25T17:31:06.692+0000] {processor.py:840} INFO - DAG(s) 'example_params_trigger_ui' retrieved from /home/airflow/.local/lib/python3.12/site-packages/airflow/example_dags/example_params_trigger_ui.py
[2026-09-25T17:31:06.812+0000] {logging_mixin.py:188} INFO - [2026-09-25T17:31:06.811+0000] {dag.py:3096} INFO - Sync 1 DAGs
[2026-09-25T17:31:06.849+0000] {logging_mixin.py:188} INFO - [2026-09-25T17:31:06.848+0000] {dag.py:3954} INFO - Setting next_dagrun for example_params_trigger_ui to None, run_after=None
[2026-09-25T17:31:06.895+0000] {processor.py:183} INFO - Processing /home/airflow/.local/lib/python3.12/site-packages/airflow/example_dags/example_params_trigger_ui.py took 0.304 seconds
[2026-09-25T17:31:37.242+0000] {processor.py:161} INFO - Started process (PID=505) to work on /home/airflow/.local/lib/python3.12/site-packages/airflow/example_dags/example_params_trigger_ui.py
[2026-09-25T17:31:37.245+0000] {processor.py:830} INFO - Processing file /home/airflow/.local/lib/python3.12/site-packages/airflow/example_dags/example_params_trigger_ui.py for tasks to queue
[2026-09-25T17:31:37.252+0000] {logging_mixin.py:188} INFO - [2026-09-25T17:31:37.250+0000] {dagbag.py:545} INFO - Filling up the DagBag from /home/airflow/.local/lib/python3.12/site-packages/airflow/example_dags/example_params_trigger_ui.py
[2026-09-25T17:31:37.314+0000] {processor.py:840} INFO - DAG(s) 'example_params_trigger_ui' retrieved from /home/airflow/.local/lib/python3.12/site-packages/airflow/example_dags/example_params_trigger_ui.py
[2026-09-25T17:31:37.427+0000] {logging_mixin.py:188} INFO - [2026-09-25T17:31:37.426+0000] {dag.py:3096} INFO - Sync 1 DAGs
[2026-09-25T17:31:37.459+0000] {logging_mixin.py:188} INFO - [2026-09-25T17:31:37.459+0000] {dag.py:3954} INFO - Setting next_dagrun for example_params_trigger_ui to None, run_after=None
[2026-09-25T17:31:37.509+0000] {processor.py:183} INFO - Processing /home/airflow/.local/lib/python3.12/site-packages/airflow/example_dags/example_params_trigger_ui.py took 0.292 seconds
