[2026-09-25T17:27:30.496+0000] {processor.py:161} INFO - Started process (PID=78) to work on /home/airflow/.local/lib/python3.12/site-packages/airflow/example_dags/example_branch_labels.py
[2026-09-25T17:27:30.500+0000] {processor.py:830} INFO - Processing file /home/airflow/.local/lib/python3.12/site-packages/airflow/example_dags/example_branch_labels.py for tasks to queue
[2026-09-25T17:27:30.507+0000] {logging_mixin.py:188} INFO - [2026-09-25T17:27:30.506+0000] {dagbag.py:545} INFO - Filling up the DagBag from /home/airflow/.local/lib/python3.12/site-packages/airflow/example_dags/example_branch_labels.py
[2026-09-25T17:27:30.552+0000] {processor.py:840} INFO - DAG(s) 'example_branch_labels' retrieved from /home/airflow/.local/lib/python3.12/site-packages/airflow/example_dags/example_branch_labels.py
[2026-09-25T17:27:31.650+0000] {logging_mixin.py:188} INFO - [2026-09-25T17:27:31.647+0000] {dag.py:3096} INFO - Sync 1 DAGs
[2026-09-25T17:27:31.766+0000] {logging_mixin.py:188} INFO - [2026-09-25T17:27:31.761+0000] {dag.py:3954} INFO - Setting next_dagrun for example_branch_labels to 2026-09-24 00:00:00+00:00, run_after=2026-09-25 00:00:00+00:00
[2026-09-25T17:27:32.000+0000] {processor.py:183} INFO - Processing /home/airflow/.local/lib/python3.12/site-packages/airflow/example_dags/example_branch_labels.py took 1.544 seconds
[2026-09-25T17:28:10.594+0000] {processor.py:161} INFO - Started process (PID=137) to work on /home/airflow/.local/lib/python3.12/site-packages/airflow/example_dags/example_branch_labels.py
[2026-09-25T17:28:10.598+0000] {processor.py:830} INFO - Processing file /home/airflow/.local/lib/python3.12/site-packages/airflow/example_dags/example_branch_labels.py for tasks to queue
[2026-09-25T17:28:10.604+0000] {logging_mixin.py:188} INFO - [2026-09-25T17:28:10.602+0000] {dagbag.py:545} INFO - Filling up the DagBag from /home/airflow/.local/lib/python3.12/site-packages/airflow/example_dags/example_branch_labels.py
[2026-09-25T17:28:10.636+0000] {processor.py:840} INFO - DAG(s) 'example_branch_labels' retrieved from /home/airflow/.local/lib/python3.12/site-packages/airflow/example_dags/example_branch_labels.py
[2026-09-25T17:28:10.868+0000] {logging_mixin.py:188} INFO - [2026-09-25T17:28:10.868+0000] {dag.py:3096} INFO - Sync 1 DAGs
[2026-09-25T17:28:10.967+0000] {logging_mixin.py:188} INFO - [2026-09-25T17:28:10.966+0000] {dag.py:3954} INFO - Setting next_dagrun for example_branch_labels to 2026-09-24 00:00:00+00:00, run_after=2026-09-25 00:00:00+00:00
[2026-09-25T17:28:11.071+0000] {processor.py:183} INFO - Processing /home/airflow/.local/lib/python3.12/site-packages/airflow/example_dags/example_branch_labels.py took 0.537 seconds
[2026-09-25T17:28:41.186+0000] {processor.py:161} INFO - Started process (PID=193) to work on /home/airflow/.local/lib/python3.12/site-packages/airflow/example_dags/example_branch_labels.py
[2026-09-25T17:28:41.188+0000] {processor.py:830} INFO - Processing file /home/airflow/.local/lib/python3.12/site-packages/airflow/example_dags/example_branch_labels.py for tasks to queue
[2026-09-25T17:28:41.193+0000] {logging_mixin.py:188} INFO - [2026-09-25T17:28:41.192+0000] {dagbag.py:545} INFO - Filling up the DagBag from /home/airflow/.local/lib/python3.12/site-packages/airflow/example_dags/example_branch_labels.py
[2026-09-25T17:28:41.217+0000] {processor.py:840} INFO - DAG(s) 'example_branch_labels' retrieved from /home/airflow/.local/lib/python3.12/site-packages/airflow/example_dags/example_branch_labels.py
[2026-09-25T17:28:41.299+0000] {logging_mixin.py:188} INFO - [2026-09-25T17:28:41.299+0000] {dag.py:3096} INFO - Sync 1 DAGs
[2026-09-25T17:28:41.398+0000] {logging_mixin.py:188} INFO - [2026-09-25T17:28:41.397+0000] {dag.py:3954} INFO - Setting next_dagrun for example_branch_labels to 2026-09-24 00:00:00+00:00, run_after=2026-09-25 00:00:00+00:00
[2026-09-25T17:28:41.461+0000] {processor.py:183} INFO - Processing /home/airflow/.local/lib/python3.12/site-packages/airflow/example_dags/example_branch_labels.py took 0.293 seconds
[2026-09-25T17:29:11.819+0000] {processor.py:161} INFO - Started process (PID=251) to work on /home/airflow/.local/lib/python3.12/site-packages/airflow/example_dags/example_branch_labels.py
[2026-09-25T17:29:11.823+0000] {processor.py:830} INFO - Processing file /home/airflow/.local/lib/python3.12/site-packages/airflow/example_dags/example_branch_labels.py for tasks to queue
[2026-09-25T17:29:11.832+0000] {logging_mixin.py:188} INFO - [2026-09-25T17:29:11.831+0000] {dagbag.py:545} INFO - Filling up the DagBag from /home/airflow/.local/lib/python3.12/site-packages/airflow/example_dags/example_branch_labels.py
[2026-09-25T17:29:11.872+0000] {processor.py:840} INFO - DAG(s) 'example_branch_labels' retrieved from /home/airflow/.local/lib/python3.12/site-packages/airflow/example_dags/example_branch_labels.py
[2026-09-25T17:29:11.938+0000] {logging_mixin.py:188} INFO - [2026-09-25T17:29:11.937+0000] {dag.py:3096} INFO - Sync 1 DAGs
[2026-09-25T17:29:12.004+0000] {logging_mixin.py:188} INFO - [2026-09-25T17:29:12.003+0000] {dag.py:3954} INFO - Setting next_dagrun for example_branch_labels to 2026-09-24 00:00:00+00:00, run_after=2026-09-25 00:00:00+00:00
[2026-09-25T17:29:12.058+0000] {processor.py:183} INFO - Processing /home/airflow/.local/lib/python3.12/site-packages/airflow/example_dags/example_branch_labels.py took 0.282 seconds
[2026-09-25T17:29:45.848+0000] {processor.py:161} INFO - Started process (PID=315) to work on /home/airflow/.local/lib/python3.12/site-packages/airflow/example_dags/example_branch_labels.py
[2026-09-25T17:29:45.851+0000] {processor.py:830} INFO - Processing file /home/airflow/.local/lib/python3.12/site-packages/airflow/example_dags/example_branch_labels.py for tasks to queue
[2026-09-25T17:29:45.859+0000] {logging_mixin.py:188} INFO - [2026-09-25T17:29:45.858+0000] {dagbag.py:545} INFO - Filling up the DagBag from /home/airflow/.local/lib/python3.12/site-packages/airflow/example_dags/example_branch_labels.py
[2026-09-25T17:29:45.897+0000] {processor.py:840} INFO - DAG(s) 'example_branch_labels' retrieved from /home/airflow/.local/lib/python3.12/site-packages/airflow/example_dags/example_branch_labels.py
[2026-09-25T17:29:46.076+0000] {logging_mixin.py:188} INFO - [2026-09-25T17:29:46.076+0000] {dag.py:3096} INFO - Sync 1 DAGs
[2026-09-25T17:29:46.304+0000] {logging_mixin.py:188} INFO - [2026-09-25T17:29:46.303+0000] {dag.py:3954} INFO - Setting next_dagrun for example_branch_labels to 2026-09-24 00:00:00+00:00, run_after=2026-09-25 00:00:00+00:00
[2026-09-25T17:29:46.483+0000] {processor.py:183} INFO - Processing /home/airflow/.local/lib/python3.12/site-packages/airflow/example_dags/example_branch_labels.py took 0.655 seconds
[2026-09-25T17:30:19.369+0000] {processor.py:161} INFO - Started process (PID=366) to work on /home/airflow/.local/lib/python3.12/site-packages/airflow/example_dags/example_branch_labels.py
[2026-09-25T17:30:19.381+0000] {processor.py:830} INFO - Processing file /home/airflow/.local/lib/python3.12/site-packages/airflow/example_dags/example_branch_labels.py for tasks to queue
[2026-09-25T17:30:19.393+0000] {logging_mixin.py:188} INFO - [2026-09-25T17:30:19.392+0000] {dagbag.py:545} INFO - Filling up the DagBag from /home/airflow/.local/lib/python3.12/site-packages/airflow/example_dags/example_branch_labels.py
[2026-09-25T17:30:19.444+0000] {processor.py:840} INFO - DAG(s) 'example_branch_labels' retrieved from /home/airflow/.local/lib/python3.12/site-packages/airflow/example_dags/example_branch_labels.py
[2026-09-25T17:30:19.593+0000] {logging_mixin.py:188} INFO - [2026-09-25T17:30:19.590+0000] {dag.py:3096} INFO - Sync 1 DAGs
[2026-09-25T17:30:19.710+0000] {logging_mixin.py:188} INFO - [2026-09-25T17:30:19.709+0000] {dag.py:3954} INFO - Setting next_dagrun for example_branch_labels to 2026-09-24 00:00:00+00:00, run_after=2026-09-25 00:00:00+00:00
[2026-09-25T17:30:19.814+0000] {processor.py:183} INFO - Processing /home/airflow/.local/lib/python3.12/site-packages/airflow/example_dags/example_branch_labels.py took 0.505 seconds
[2026-09-25T17:30:50.885+0000] {processor.py:161} INFO - Started process (PID=424) to work on /home/airflow/.local/lib/python3.12/site-packages/airflow/example_dags/example_branch_labels.py
[2026-09-25T17:30:50.941+0000] {processor.py:830} INFO - Processing file /home/airflow/.local/lib/python3.12/site-packages/airflow/example_dags/example_branch_labels.py for tasks to queue
[2026-09-25T17:30:50.952+0000] {logging_mixin.py:188} INFO - [2026-09-25T17:30:50.951+0000] {dagbag.py:545} INFO - Filling up the DagBag from /home/airflow/.local/lib/python3.12/site-packages/airflow/example_dags/example_branch_labels.py
[2026-09-25T17:30:51.002+0000] {processor.py:840} INFO - DAG(s) 'example_branch_labels' retrieved from /home/airflow/.local/lib/python3.12/site-packages/airflow/example_dags/example_branch_labels.py
[2026-09-25T17:30:51.081+0000] {logging_mixin.py:188} INFO - [2026-09-25T17:30:51.081+0000] {dag.py:3096} INFO - Sync 1 DAGs
[2026-09-25T17:30:51.187+0000] {logging_mixin.py:188} INFO - [2026-09-25T17:30:51.186+0000] {dag.py:3954} INFO - Setting next_dagrun for example_branch_labels to 2026-09-24 00:00:00+00:00, run_after=2026-09-25 00:00:00+00:00
[2026-09-25T17:30:51.298+0000] {processor.py:183} INFO - Processing /home/airflow/.local/lib/python3.12/site-packages/airflow/example_dags/example_branch_labels.py took 0.452 seconds
[2026-09-25T17:31:21.600+0000] {processor.py:161} INFO - Started process (PID=482) to work on /home/airflow/.local/lib/python3.12/site-packages/airflow/example_dags/example_branch_labels.py
[2026-09-25T17:31:21.609+0000] {processor.py:830} INFO - Processing file /home/airflow/.local/lib/python3.12/site-packages/airflow/example_dags/example_branch_labels.py for tasks to queue
[2026-09-25T17:31:21.615+0000] {logging_mixin.py:188} INFO - [2026-09-25T17:31:21.614+0000] {dagbag.py:545} INFO - Filling up the DagBag from /home/airflow/.local/lib/python3.12/site-packages/airflow/example_dags/example_branch_labels.py
[2026-09-25T17:31:21.640+0000] {processor.py:840} INFO - DAG(s) 'example_branch_labels' retrieved from /home/airflow/.local/lib/python3.12/site-packages/airflow/example_dags/example_branch_labels.py
[2026-09-25T17:31:21.729+0000] {logging_mixin.py:188} INFO - [2026-09-25T17:31:21.728+0000] {dag.py:3096} INFO - Sync 1 DAGs
[2026-09-25T17:31:21.822+0000] {logging_mixin.py:188} INFO - [2026-09-25T17:31:21.821+0000] {dag.py:3954} INFO - Setting next_dagrun for example_branch_labels to 2026-09-24 00:00:00+00:00, run_after=2026-09-25 00:00:00+00:00
[2026-09-25T17:31:21.902+0000] {processor.py:183} INFO - Processing /home/airflow/.local/lib/python3.12/site-packages/airflow/example_dags/example_branch_labels.py took 0.323 seconds
