[2026-09-25T17:27:45.579+0000] {processor.py:161} INFO - Started process (PID=97) to work on /home/airflow/.local/lib/python3.12/site-packages/airflow/example_dags/example_latest_only.py
[2026-09-25T17:27:45.581+0000] {processor.py:830} INFO - Processing file /home/airflow/.local/lib/python3.12/site-packages/airflow/example_dags/example_latest_only.py for tasks to queue
[2026-09-25T17:27:45.598+0000] {logging_mixin.py:188} INFO - [2026-09-25T17:27:45.597+0000] {dagbag.py:545} INFO - Filling up the DagBag from /home/airflow/.local/lib/python3.12/site-packages/airflow/example_dags/example_latest_only.py
[2026-09-25T17:27:45.717+0000] {processor.py:840} INFO - DAG(s) 'latest_only' retrieved from /home/airflow/.local/lib/python3.12/site-packages/airflow/example_dags/example_latest_only.py
[2026-09-25T17:27:46.969+0000] {logging_mixin.py:188} INFO - [2026-09-25T17:27:46.965+0000] {dag.py:3096} INFO - Sync 1 DAGs
[2026-09-25T17:27:47.185+0000] {logging_mixin.py:188} INFO - [2026-09-25T17:27:47.183+0000] {dag.py:3954} INFO - Setting next_dagrun for latest_only to 2026-09-25 12:00:00+00:00, run_after=2026-09-25 16:00:00+00:00
[2026-09-25T17:27:47.326+0000] {processor.py:183} INFO - Processing /home/airflow/.local/lib/python3.12/site-packages/airflow/example_dags/example_latest_only.py took 1.816 seconds
[2026-09-25T17:28:25.188+0000] {processor.py:161} INFO - Started process (PID=155) to work on /home/airflow/.local/lib/python3.12/site-packages/airflow/example_dags/example_latest_only.py
[2026-09-25T17:28:25.190+0000] {processor.py:830} INFO - Processing file /home/airflow/.local/lib/python3.12/site-packages/airflow/example_dags/example_latest_only.py for tasks to queue
[2026-09-25T17:28:25.195+0000] {logging_mixin.py:188} INFO - [2026-09-25T17:28:25.194+0000] {dagbag.py:545} INFO - Filling up the DagBag from /home/airflow/.local/lib/python3.12/site-packages/airflow/example_dags/example_latest_only.py
[2026-09-25T17:28:25.229+0000] {processor.py:840} INFO - DAG(s) 'latest_only' retrieved from /home/airflow/.local/lib/python3.12/site-packages/airflow/example_dags/example_latest_only.py
[2026-09-25T17:28:25.354+0000] {logging_mixin.py:188} INFO - [2026-09-25T17:28:25.353+0000] {dag.py:3096} INFO - Sync 1 DAGs
[2026-09-25T17:28:25.492+0000] {logging_mixin.py:188} INFO - [2026-09-25T17:28:25.491+0000] {dag.py:3954} INFO - Setting next_dagrun for latest_only to 2026-09-25 12:00:00+00:00, run_after=2026-09-25 16:00:00+00:00
[2026-09-25T17:28:25.619+0000] {processor.py:183} INFO - Processing /home/airflow/.local/lib/python3.12/site-packages/airflow/example_dags/example_latest_only.py took 0.452 seconds
[2026-09-25T17:28:58.288+0000] {processor.py:161} INFO - Started process (PID=213) to work on /home/airflow/.local/lib/python3.12/site-packages/airflow/example_dags/example_latest_only.py
[2026-09-25T17:28:58.292+0000] {processor.py:830} INFO - Processing file /home/airflow/.local/lib/python3.12/site-packages/airflow/example_dags/example_latest_only.py for tasks to queue
[2026-09-25T17:28:58.300+0000] {logging_mixin.py:188} INFO - [2026-09-25T17:28:58.299+0000] {dagbag.py:545} INFO - Filling up the DagBag from /home/airflow/.local/lib/python3.12/site-packages/airflow/example_dags/example_latest_only.py
[2026-09-25T17:28:58.327+0000] {processor.py:840} INFO - DAG(s) 'latest_only' retrieved from /home/airflow/.local/lib/python3.12/site-packages/airflow/example_dags/example_latest_only.py
[2026-09-25T17:28:58.392+0000] {logging_mixin.py:188} INFO - [2026-09-25T17:28:58.392+0000] {dag.py:3096} INFO - Sync 1 DAGs
[2026-09-25T17:28:58.480+0000] {logging_mixin.py:188} INFO - [2026-09-25T17:28:58.479+0000] {dag.py:3954} INFO - Setting next_dagrun for latest_only to 2026-09-25 12:00:00+00:00, run_after=2026-09-25 16:00:00+00:00
[2026-09-25T17:28:58.556+0000] {processor.py:183} INFO - Processing /home/airflow/.local/lib/python3.12/site-packages/airflow/example_dags/example_latest_only.py took 0.303 seconds
[2026-09-25T17:29:30.708+0000] {processor.py:161} INFO - Started process (PID=269) to work on /home/airflow/.local/lib/python3.12/site-packages/airflow/example_dags/example_latest_only.py
[2026-09-25T17:29:30.711+0000] {processor.py:830} INFO - Processing file /home/airflow/.local/lib/python3.12/site-packages/airflow/example_dags/example_latest_only.py for tasks to queue
[2026-09-25T17:29:30.716+0000] {logging_mixin.py:188} INFO - [2026-09-25T17:29:30.715+0000] {dagbag.py:545} INFO - Filling up the DagBag from /home/airflow/.local/lib/python3.12/site-packages/airflow/example_dags/example_latest_only.py
[2026-09-25T17:29:30.742+0000] {processor.py:840} INFO - DAG(s) 'latest_only' retrieved from /home/airflow/.local/lib/python3.12/site-packages/airflow/example_dags/example_latest_only.py
[2026-09-25T17:29:30.960+0000] {logging_mixin.py:188} INFO - [2026-09-25T17:29:30.954+0000] {dag.py:3096} INFO - Sync 1 DAGs
[2026-09-25T17:29:31.252+0000] {logging_mixin.py:188} INFO - [2026-09-25T17:29:31.244+0000] {dag.py:3954} INFO - Setting next_dagrun for latest_only to 2026-09-25 12:00:00+00:00, run_after=2026-09-25 16:00:00+00:00
[2026-09-25T17:29:31.588+0000] {processor.py:183} INFO - Processing /home/airflow/.local/lib/python3.12/site-packages/airflow/example_dags/example_latest_only.py took 0.931 seconds
[2026-09-25T17:30:01.804+0000] {processor.py:161} INFO - Started process (PID=327) to work on /home/airflow/.local/lib/python3.12/site-packages/airflow/example_dags/example_latest_only.py
[2026-09-25T17:30:01.808+0000] {processor.py:830} INFO - Processing file /home/airflow/.local/lib/python3.12/site-packages/airflow/example_dags/example_latest_only.py for tasks to queue
[2026-09-25T17:30:01.814+0000] {logging_mixin.py:188} INFO - [2026-09-25T17:30:01.813+0000] {dagbag.py:545} INFO - Filling up the DagBag from /home/airflow/.local/lib/python3.12/site-packages/airflow/example_dags/example_latest_only.py
[2026-09-25T17:30:01.829+0000] {processor.py:840} INFO - DAG(s) 'latest_only' retrieved from /home/airflow/.local/lib/python3.12/site-packages/airflow/example_dags/example_latest_only.py
[2026-09-25T17:30:01.928+0000] {logging_mixin.py:188} INFO - [2026-09-25T17:30:01.928+0000] {dag.py:3096} INFO - Sync 1 DAGs
[2026-09-25T17:30:02.030+0000] {logging_mixin.py:188} INFO - [2026-09-25T17:30:02.029+0000] {dag.py:3954} INFO - Setting next_dagrun for latest_only to 2026-09-25 12:00:00+00:00, run_after=2026-09-25 16:00:00+00:00
[2026-09-25T17:30:02.106+0000] {processor.py:183} INFO - Processing /home/airflow/.local/lib/python3.12/site-packages/airflow/example_dags/example_latest_only.py took 0.331 seconds
[2026-09-25T17:30:32.265+0000] {processor.py:161} INFO - Started process (PID=385) to work on /home/airflow/.local/lib/python3.12/site-packages/airflow/example_dags/example_latest_only.py
[2026-09-25T17:30:32.269+0000] {processor.py:830} INFO - Processing file /home/airflow/.local/lib/python3.12/site-packages/airflow/example_dags/example_latest_only.py for tasks to queue
[2026-09-25T17:30:32.273+0000] {logging_mixin.py:188} INFO - [2026-09-25T17:30:32.272+0000] {dagbag.py:545} INFO - Filling up the DagBag from /home/airflow/.local/lib/python3.12/site-packages/airflow/example_dags/example_latest_only.py
[2026-09-25T17:30:32.283+0000] {processor.py:840} INFO - DAG(s) 'latest_only' retrieved from /home/airflow/.local/lib/python3.12/site-packages/airflow/example_dags/example_latest_only.py
[2026-09-25T17:30:32.331+0000] {logging_mixin.py:188} INFO - [2026-09-25T17:30:32.330+0000] {dag.py:3096} INFO - Sync 1 DAGs
[2026-09-25T17:30:32.384+0000] {logging_mixin.py:188} INFO - [2026-09-25T17:30:32.384+0000] {dag.py:3954} INFO - Setting next_dagrun for latest_only to 2026-09-25 12:00:00+00:00, run_after=2026-09-25 16:00:00+00:00
[2026-09-25T17:30:32.432+0000] {processor.py:183} INFO - Processing /home/airflow/.local/lib/python3.12/site-packages/airflow/example_dags/example_latest_only.py took 0.181 seconds
[2026-09-25T17:31:03.678+0000] {processor.py:161} INFO - Started process (PID=443) to work on /home/airflow/.local/lib/python3.12/site-packages/airflow/example_dags/example_latest_only.py
[2026-09-25T17:31:03.682+0000] {processor.py:830} INFO - Processing file /home/airflow/.local/lib/python3.12/site-packages/airflow/example_dags/example_latest_only.py for tasks to queue
[2026-09-25T17:31:03.690+0000] {logging_mixin.py:188} INFO - [2026-09-25T17:31:03.689+0000] {dagbag.py:545} INFO - Filling up the DagBag from /home/airflow/.local/lib/python3.12/site-packages/airflow/example_dags/example_latest_only.py
[2026-09-25T17:31:03.713+0000] {processor.py:840} INFO - DAG(s) 'latest_only' retrieved from /home/airflow/.local/lib/python3.12/site-packages/airflow/example_dags/example_latest_only.py
[2026-09-25T17:31:03.809+0000] {logging_mixin.py:188} INFO - [2026-09-25T17:31:03.808+0000] {dag.py:3096} INFO - Sync 1 DAGs
[2026-09-25T17:31:03.927+0000] {logging_mixin.py:188} INFO - [2026-09-25T17:31:03.924+0000] {dag.py:3954} INFO - Setting next_dagrun for latest_only to 2026-09-25 12:00:00+00:00, run_after=2026-09-25 16:00:00+00:00
[2026-09-25T17:31:04.011+0000] {processor.py:183} INFO - Processing /home/airflow/.local/lib/python3.12/site-packages/airflow/example_dags/example_latest_only.py took 0.349 seconds
[2026-09-25T17:31:34.379+0000] {processor.py:161} INFO - Started process (PID=501) to work on /home/airflow/.local/lib/python3.12/site-packages/airflow/example_dags/example_latest_only.py
[2026-09-25T17:31:34.381+0000] {processor.py:830} INFO - Processing file /home/airflow/.local/lib/python3.12/site-packages/airflow/example_dags/example_latest_only.py for tasks to queue
[2026-09-25T17:31:34.388+0000] {logging_mixin.py:188} INFO - [2026-09-25T17:31:34.387+0000] {dagbag.py:545} INFO - Filling up the DagBag from /home/airflow/.local/lib/python3.12/site-packages/airflow/example_dags/example_latest_only.py
[2026-09-25T17:31:34.402+0000] {processor.py:840} INFO - DAG(s) 'latest_only' retrieved from /home/airflow/.local/lib/python3.12/site-packages/airflow/example_dags/example_latest_only.py
[2026-09-25T17:31:34.470+0000] {logging_mixin.py:188} INFO - [2026-09-25T17:31:34.469+0000] {dag.py:3096} INFO - Sync 1 DAGs
[2026-09-25T17:31:34.566+0000] {logging_mixin.py:188} INFO - [2026-09-25T17:31:34.565+0000] {dag.py:3954} INFO - Setting next_dagrun for latest_only to 2026-09-25 12:00:00+00:00, run_after=2026-09-25 16:00:00+00:00
[2026-09-25T17:31:34.610+0000] {processor.py:183} INFO - Processing /home/airflow/.local/lib/python3.12/site-packages/airflow/example_dags/example_latest_only.py took 0.247 seconds
