[2026-09-25T17:27:51.002+0000] {processor.py:161} INFO - Started process (PID=106) to work on /home/airflow/.local/lib/python3.12/site-packages/airflow/example_dags/example_sensor_decorator.py
[2026-09-25T17:27:51.007+0000] {processor.py:830} INFO - Processing file /home/airflow/.local/lib/python3.12/site-packages/airflow/example_dags/example_sensor_decorator.py for tasks to queue
[2026-09-25T17:27:51.018+0000] {logging_mixin.py:188} INFO - [2026-09-25T17:27:51.016+0000] {dagbag.py:545} INFO - Filling up the DagBag from /home/airflow/.local/lib/python3.12/site-packages/airflow/example_dags/example_sensor_decorator.py
[2026-09-25T17:27:51.072+0000] {processor.py:840} INFO - DAG(s) 'example_sensor_decorator' retrieved from /home/airflow/.local/lib/python3.12/site-packages/airflow/example_dags/example_sensor_decorator.py
[2026-09-25T17:27:51.644+0000] {logging_mixin.py:188} INFO - [2026-09-25T17:27:51.643+0000] {dag.py:3096} INFO - Sync 1 DAGs
[2026-09-25T17:27:51.682+0000] {logging_mixin.py:188} INFO - [2026-09-25T17:27:51.681+0000] {dag.py:3954} INFO - Setting next_dagrun for example_sensor_decorator to None, run_after=None
[2026-09-25T17:27:51.735+0000] {processor.py:183} INFO - Processing /home/airflow/.local/lib/python3.12/site-packages/airflow/example_dags/example_sensor_decorator.py took 0.779 seconds
[2026-09-25T17:28:29.541+0000] {processor.py:161} INFO - Started process (PID=164) to work on /home/airflow/.local/lib/python3.12/site-packages/airflow/example_dags/example_sensor_decorator.py
[2026-09-25T17:28:29.551+0000] {processor.py:830} INFO - Processing file /home/airflow/.local/lib/python3.12/site-packages/airflow/example_dags/example_sensor_decorator.py for tasks to queue
[2026-09-25T17:28:29.558+0000] {logging_mixin.py:188} INFO - [2026-09-25T17:28:29.556+0000] {dagbag.py:545} INFO - Filling up the DagBag from /home/airflow/.local/lib/python3.12/site-packages/airflow/example_dags/example_sensor_decorator.py
[2026-09-25T17:28:29.577+0000] {processor.py:840} INFO - DAG(s) 'example_sensor_decorator' retrieved from /home/airflow/.local/lib/python3.12/site-packages/airflow/example_dags/example_sensor_decorator.py
[2026-09-25T17:28:29.693+0000] {logging_mixin.py:188} INFO - [2026-09-25T17:28:29.692+0000] {dag.py:3096} INFO - Sync 1 DAGs
[2026-09-25T17:28:29.796+0000] {logging_mixin.py:188} INFO - [2026-09-25T17:28:29.794+0000] {dag.py:3954} INFO - Setting next_dagrun for example_sensor_decorator to None, run_after=None
[2026-09-25T17:28:29.870+0000] {processor.py:183} INFO - Processing /home/airflow/.local/lib/python3.12/site-packages/airflow/example_dags/example_sensor_decorator.py took 0.438 seconds
[2026-09-25T17:29:00.470+0000] {processor.py:161} INFO - Started process (PID=222) to work on /home/airflow/.local/lib/python3.12/site-packages/airflow/example_dags/example_sensor_decorator.py
[2026-09-25T17:29:00.472+0000] {processor.py:830} INFO - Processing file /home/airflow/.local/lib/python3.12/site-packages/airflow/example_dags/example_sensor_decorator.py for tasks to queue
[2026-09-25T17:29:00.478+0000] {logging_mixin.py:188} INFO - [2026-09-25T17:29:00.477+0000] {dagbag.py:545} INFO - Filling up the DagBag from /home/airflow/.local/lib/python3.12/site-packages/airflow/example_dags/example_sensor_decorator.py
[2026-09-25T17:29:00.496+0000] {processor.py:840} INFO - DAG(s) 'example_sensor_decorator' retrieved from /home/airflow/.local/lib/python3.12/site-packages/airflow/example_dags/example_sensor_decorator.py
[2026-09-25T17:29:00.559+0000] {logging_mixin.py:188} INFO - [2026-09-25T17:29:00.558+0000] {dag.py:3096} INFO - Sync 1 DAGs
[2026-09-25T17:29:00.598+0000] {logging_mixin.py:188} INFO - [2026-09-25T17:29:00.598+0000] {dag.py:3954} INFO - Setting next_dagrun for example_sensor_decorator to None, run_after=None
[2026-09-25T17:29:00.647+0000] {processor.py:183} INFO - Processing /home/airflow/.local/lib/python3.12/site-packages/airflow/example_dags/example_sensor_decorator.py took 0.198 seconds
[2026-09-25T17:29:39.367+0000] {processor.py:161} INFO - Started process (PID=280) to work on /home/airflow/.local/lib/python3.12/site-packages/airflow/example_dags/example_sensor_decorator.py
[2026-09-25T17:29:39.374+0000] {processor.py:830} INFO - Processing file /home/airflow/.local/lib/python3.12/site-packages/airflow/example_dags/example_sensor_decorator.py for tasks to queue
[2026-09-25T17:29:39.401+0000] {logging_mixin.py:188} INFO - [2026-09-25T17:29:39.392+0000] {dagbag.py:545} INFO - Filling up the DagBag from /home/airflow/.local/lib/python3.12/site-packages/airflow/example_dags/example_sensor_decorator.py
[2026-09-25T17:29:39.467+0000] {processor.py:840} INFO - DAG(s) 'example_sensor_decorator' retrieved from /home/airflow/.local/lib/python3.12/site-packages/airflow/example_dags/example_sensor_decorator.py
[2026-09-25T17:29:39.652+0000] {logging_mixin.py:188} INFO - [2026-09-25T17:29:39.651+0000] {dag.py:3096} INFO - Sync 1 DAGs
[2026-09-25T17:29:39.721+0000] {logging_mixin.py:188} INFO - [2026-09-25T17:29:39.721+0000] {dag.py:3954} INFO - Setting next_dagrun for example_sensor_decorator to None, run_after=None
[2026-09-25T17:29:39.840+0000] {processor.py:183} INFO - Processing /home/airflow/.local/lib/python3.12/site-packages/airflow/example_dags/example_sensor_decorator.py took 0.538 seconds
[2026-09-25T17:30:10.955+0000] {processor.py:161} INFO - Started process (PID=338) to work on /home/airflow/.local/lib/python3.12/site-packages/airflow/example_dags/example_sensor_decorator.py
[2026-09-25T17:30:10.957+0000] {processor.py:830} INFO - Processing file /home/airflow/.local/lib/python3.12/site-packages/airflow/example_dags/example_sensor_decorator.py for tasks to queue
[2026-09-25T17:30:10.975+0000] {logging_mixin.py:188} INFO - [2026-09-25T17:30:10.970+0000] {dagbag.py:545} INFO - Filling up the DagBag from /home/airflow/.local/lib/python3.12/site-packages/airflow/example_dags/example_sensor_decorator.py
[2026-09-25T17:30:11.040+0000] {processor.py:840} INFO - DAG(s) 'example_sensor_decorator' retrieved from /home/airflow/.local/lib/python3.12/site-packages/airflow/example_dags/example_sensor_decorator.py
[2026-09-25T17:30:11.183+0000] {logging_mixin.py:188} INFO - [2026-09-25T17:30:11.182+0000] {dag.py:3096} INFO - Sync 1 DAGs
[2026-09-25T17:30:11.307+0000] {logging_mixin.py:188} INFO - [2026-09-25T17:30:11.306+0000] {dag.py:3954} INFO - Setting next_dagrun for example_sensor_decorator to None, run_after=None
[2026-09-25T17:30:11.390+0000] {processor.py:183} INFO - Processing /home/airflow/.local/lib/python3.12/site-packages/airflow/example_dags/example_sensor_decorator.py took 0.459 seconds
[2026-09-25T17:30:42.618+0000] {processor.py:161} INFO - Started process (PID=396) to work on /home/airflow/.local/lib/python3.12/site-packages/airflow/example_dags/example_sensor_decorator.py
[2026-09-25T17:30:42.621+0000] {processor.py:830} INFO - Processing file /home/airflow/.local/lib/python3.12/site-packages/airflow/example_dags/example_sensor_decorator.py for tasks to queue
[2026-09-25T17:30:42.627+0000] {logging_mixin.py:188} INFO - [2026-09-25T17:30:42.626+0000] {dagbag.py:545} INFO - Filling up the DagBag from /home/airflow/.local/lib/python3.12/site-packages/airflow/example_dags/example_sensor_decorator.py
[2026-09-25T17:30:42.645+0000] {processor.py:840} INFO - DAG(s) 'example_sensor_decorator' retrieved from /home/airflow/.local/lib/python3.12/site-packages/airflow/example_dags/example_sensor_decorator.py
[2026-09-25T17:30:42.707+0000] {logging_mixin.py:188} INFO - [2026-09-25T17:30:42.706+0000] {dag.py:3096} INFO - Sync 1 DAGs
[2026-09-25T17:30:42.752+0000] {logging_mixin.py:188} INFO - [2026-09-25T17:30:42.752+0000] {dag.py:3954} INFO - Setting next_dagrun for example_sensor_decorator to None, run_after=None
[2026-09-25T17:30:42.819+0000] {processor.py:183} INFO - Processing /home/airflow/.local/lib/python3.12/site-packages/airflow/example_dags/example_sensor_decorator.py took 0.225 seconds
[2026-09-25T17:31:13.679+0000] {processor.py:161} INFO - Started process (PID=452) to work on /home/airflow/.local/lib/python3.12/site-packages/airflow/example_dags/example_sensor_decorator.py
[2026-09-25T17:31:13.683+0000] {processor.py:830} INFO - Processing file /home/airflow/.local/lib/python3.12/site-packages/airflow/example_dags/example_sensor_decorator.py for tasks to queue
[2026-09-25T17:31:13.691+0000] {logging_mixin.py:188} INFO - [2026-09-25T17:31:13.690+0000] {dagbag.py:545} INFO - Filling up the DagBag from /home/airflow/.local/lib/python3.12/site-packages/airflow/example_dags/example_sensor_decorator.py
[2026-09-25T17:31:13.723+0000] {processor.py:840} INFO - DAG(s) 'example_sensor_decorator' retrieved from /home/airflow/.local/lib/python3.12/site-packages/airflow/example_dags/example_sensor_decorator.py
[2026-09-25T17:31:13.818+0000] {logging_mixin.py:188} INFO - [2026-09-25T17:31:13.817+0000] {dag.py:3096} INFO - Sync 1 DAGs
[2026-09-25T17:31:13.860+0000] {logging_mixin.py:188} INFO - [2026-09-25T17:31:13.860+0000] {dag.py:3954} INFO - Setting next_dagrun for example_sensor_decorator to None, run_after=None
[2026-09-25T17:31:13.912+0000] {processor.py:183} INFO - Processing /home/airflow/.local/lib/python3.12/site-packages/airflow/example_dags/example_sensor_decorator.py took 0.267 seconds
