[2026-09-25T17:27:53.338+0000] {processor.py:161} INFO - Started process (PID=110) to work on /home/airflow/.local/lib/python3.12/site-packages/airflow/example_dags/example_short_circuit_decorator.py
[2026-09-25T17:27:53.345+0000] {processor.py:830} INFO - Processing file /home/airflow/.local/lib/python3.12/site-packages/airflow/example_dags/example_short_circuit_decorator.py for tasks to queue
[2026-09-25T17:27:53.351+0000] {logging_mixin.py:188} INFO - [2026-09-25T17:27:53.350+0000] {dagbag.py:545} INFO - Filling up the DagBag from /home/airflow/.local/lib/python3.12/site-packages/airflow/example_dags/example_short_circuit_decorator.py
[2026-09-25T17:27:53.399+0000] {processor.py:840} INFO - DAG(s) 'example_short_circuit_decorator' retrieved from /home/airflow/.local/lib/python3.12/site-packages/airflow/example_dags/example_short_circuit_decorator.py
[2026-09-25T17:27:53.767+0000] {logging_mixin.py:188} INFO - [2026-09-25T17:27:53.766+0000] {dag.py:3096} INFO - Sync 1 DAGs
[2026-09-25T17:27:53.884+0000] {logging_mixin.py:188} INFO - [2026-09-25T17:27:53.883+0000] {dag.py:3954} INFO - Setting next_dagrun for example_short_circuit_decorator to 2026-09-24 00:00:00+00:00, run_after=2026-09-25 00:00:00+00:00
[2026-09-25T17:27:53.987+0000] {processor.py:183} INFO - Processing /home/airflow/.local/lib/python3.12/site-packages/airflow/example_dags/example_short_circuit_decorator.py took 0.684 seconds
[2026-09-25T17:28:30.958+0000] {processor.py:161} INFO - Started process (PID=168) to work on /home/airflow/.local/lib/python3.12/site-packages/airflow/example_dags/example_short_circuit_decorator.py
[2026-09-25T17:28:30.961+0000] {processor.py:830} INFO - Processing file /home/airflow/.local/lib/python3.12/site-packages/airflow/example_dags/example_short_circuit_decorator.py for tasks to queue
[2026-09-25T17:28:30.967+0000] {logging_mixin.py:188} INFO - [2026-09-25T17:28:30.966+0000] {dagbag.py:545} INFO - Filling up the DagBag from /home/airflow/.local/lib/python3.12/site-packages/airflow/example_dags/example_short_circuit_decorator.py
[2026-09-25T17:28:31.012+0000] {processor.py:840} INFO - DAG(s) 'example_short_circuit_decorator' retrieved from /home/airflow/.local/lib/python3.12/site-packages/airflow/example_dags/example_short_circuit_decorator.py
[2026-09-25T17:28:31.098+0000] {logging_mixin.py:188} INFO - [2026-09-25T17:28:31.097+0000] {dag.py:3096} INFO - Sync 1 DAGs
[2026-09-25T17:28:31.178+0000] {logging_mixin.py:188} INFO - [2026-09-25T17:28:31.177+0000] {dag.py:3954} INFO - Setting next_dagrun for example_short_circuit_decorator to 2026-09-24 00:00:00+00:00, run_after=2026-09-25 00:00:00+00:00
[2026-09-25T17:28:31.330+0000] {processor.py:183} INFO - Processing /home/airflow/.local/lib/python3.12/site-packages/airflow/example_dags/example_short_circuit_decorator.py took 0.394 seconds
[2026-09-25T17:29:01.475+0000] {processor.py:161} INFO - Started process (PID=226) to work on /home/airflow/.local/lib/python3.12/site-packages/airflow/example_dags/example_short_circuit_decorator.py
[2026-09-25T17:29:01.478+0000] {processor.py:830} INFO - Processing file /home/airflow/.local/lib/python3.12/site-packages/airflow/example_dags/example_short_circuit_decorator.py for tasks to queue
[2026-09-25T17:29:01.485+0000] {logging_mixin.py:188} INFO - [2026-09-25T17:29:01.484+0000] {dagbag.py:545} INFO - Filling up the DagBag from /home/airflow/.local/lib/python3.12/site-packages/airflow/example_dags/example_short_circuit_decorator.py
[2026-09-25T17:29:01.563+0000] {processor.py:840} INFO - DAG(s) 'example_short_circuit_decorator' retrieved from /home/airflow/.local/lib/python3.12/site-packages/airflow/example_dags/example_short_circuit_decorator.py
[2026-09-25T17:29:01.681+0000] {logging_mixin.py:188} INFO - [2026-09-25T17:29:01.680+0000] {dag.py:3096} INFO - Sync 1 DAGs
[2026-09-25T17:29:01.775+0000] {logging_mixin.py:188} INFO - [2026-09-25T17:29:01.775+0000] {dag.py:3954} INFO - Setting next_dagrun for example_short_circuit_decorator to 2026-09-24 00:00:00+00:00, run_after=2026-09-25 00:00:00+00:00
[2026-09-25T17:29:01.850+0000] {processor.py:183} INFO - Processing /home/airflow/.local/lib/python3.12/site-packages/airflow/example_dags/example_short_circuit_decorator.py took 0.403 seconds
[2026-09-25T17:29:40.903+0000] {processor.py:161} INFO - Started process (PID=284) to work on /home/airflow/.local/lib/python3.12/site-packages/airflow/example_dags/example_short_circuit_decorator.py
[2026-09-25T17:29:40.908+0000] {processor.py:830} INFO - Processing file /home/airflow/.local/lib/python3.12/site-packages/airflow/example_dags/example_short_circuit_decorator.py for tasks to queue
[2026-09-25T17:29:40.918+0000] {logging_mixin.py:188} INFO - [2026-09-25T17:29:40.917+0000] {dagbag.py:545} INFO - Filling up the DagBag from /home/airflow/.local/lib/python3.12/site-packages/airflow/example_dags/example_short_circuit_decorator.py
[2026-09-25T17:29:40.961+0000] {processor.py:840} INFO - DAG(s) 'example_short_circuit_decorator' retrieved from /home/airflow/.local/lib/python3.12/site-packages/airflow/example_dags/example_short_circuit_decorator.py
[2026-09-25T17:29:41.053+0000] {logging_mixin.py:188} INFO - [2026-09-25T17:29:41.053+0000] {dag.py:3096} INFO - Sync 1 DAGs
[2026-09-25T17:29:41.133+0000] {logging_mixin.py:188} INFO - [2026-09-25T17:29:41.132+0000] {dag.py:3954} INFO - Setting next_dagrun for example_short_circuit_decorator to 2026-09-24 00:00:00+00:00, run_after=2026-09-25 00:00:00+00:00
[2026-09-25T17:29:41.201+0000] {processor.py:183} INFO - Processing /home/airflow/.local/lib/python3.12/site-packages/airflow/example_dags/example_short_circuit_decorator.py took 0.319 seconds
[2026-09-25T17:30:12.255+0000] {processor.py:161} INFO - Started process (PID=342) to work on /home/airflow/.local/lib/python3.12/site-packages/airflow/example_dags/example_short_circuit_decorator.py
[2026-09-25T17:30:12.261+0000] {processor.py:830} INFO - Processing file /home/airflow/.local/lib/python3.12/site-packages/airflow/example_dags/example_short_circuit_decorator.py for tasks to queue
[2026-09-25T17:30:12.279+0000] {logging_mixin.py:188} INFO - [2026-09-25T17:30:12.278+0000] {dagbag.py:545} INFO - Filling up the DagBag from /home/airflow/.local/lib/python3.12/site-packages/airflow/example_dags/example_short_circuit_decorator.py
[2026-09-25T17:30:12.378+0000] {processor.py:840} INFO - DAG(s) 'example_short_circuit_decorator' retrieved from /home/airflow/.local/lib/python3.12/site-packages/airflow/example_dags/example_short_circuit_decorator.py
[2026-09-25T17:30:12.600+0000] {logging_mixin.py:188} INFO - [2026-09-25T17:30:12.595+0000] {dag.py:3096} INFO - Sync 1 DAGs
[2026-09-25T17:30:12.769+0000] {logging_mixin.py:188} INFO - [2026-09-25T17:30:12.768+0000] {dag.py:3954} INFO - Setting next_dagrun for example_short_circuit_decorator to 2026-09-24 00:00:00+00:00, run_after=2026-09-25 00:00:00+00:00
[2026-09-25T17:30:12.872+0000] {processor.py:183} INFO - Processing /home/airflow/.local/lib/python3.12/site-packages/airflow/example_dags/example_short_circuit_decorator.py took 0.652 seconds
[2026-09-25T17:30:44.021+0000] {processor.py:161} INFO - Started process (PID=401) to work on /home/airflow/.local/lib/python3.12/site-packages/airflow/example_dags/example_short_circuit_decorator.py
[2026-09-25T17:30:44.026+0000] {processor.py:830} INFO - Processing file /home/airflow/.local/lib/python3.12/site-packages/airflow/example_dags/example_short_circuit_decorator.py for tasks to queue
[2026-09-25T17:30:44.034+0000] {logging_mixin.py:188} INFO - [2026-09-25T17:30:44.032+0000] {dagbag.py:545} INFO - Filling up the DagBag from /home/airflow/.local/lib/python3.12/site-packages/airflow/example_dags/example_short_circuit_decorator.py
[2026-09-25T17:30:44.070+0000] {processor.py:840} INFO - DAG(s) 'example_short_circuit_decorator' retrieved from /home/airflow/.local/lib/python3.12/site-packages/airflow/example_dags/example_short_circuit_decorator.py
[2026-09-25T17:30:44.159+0000] {logging_mixin.py:188} INFO - [2026-09-25T17:30:44.156+0000] {dag.py:3096} INFO - Sync 1 DAGs
[2026-09-25T17:30:44.330+0000] {logging_mixin.py:188} INFO - [2026-09-25T17:30:44.329+0000] {dag.py:3954} INFO - Setting next_dagrun for example_short_circuit_decorator to 2026-09-24 00:00:00+00:00, run_after=2026-09-25 00:00:00+00:00
[2026-09-25T17:30:44.431+0000] {processor.py:183} INFO - Processing /home/airflow/.local/lib/python3.12/site-packages/airflow/example_dags/example_short_circuit_decorator.py took 0.472 seconds
[2026-09-25T17:31:14.940+0000] {processor.py:161} INFO - Started process (PID=459) to work on /home/airflow/.local/lib/python3.12/site-packages/airflow/example_dags/example_short_circuit_decorator.py
[2026-09-25T17:31:14.942+0000] {processor.py:830} INFO - Processing file /home/airflow/.local/lib/python3.12/site-packages/airflow/example_dags/example_short_circuit_decorator.py for tasks to queue
[2026-09-25T17:31:14.947+0000] {logging_mixin.py:188} INFO - [2026-09-25T17:31:14.946+0000] {dagbag.py:545} INFO - Filling up the DagBag from /home/airflow/.local/lib/python3.12/site-packages/airflow/example_dags/example_short_circuit_decorator.py
[2026-09-25T17:31:14.969+0000] {processor.py:840} INFO - DAG(s) 'example_short_circuit_decorator' retrieved from /home/airflow/.local/lib/python3.12/site-packages/airflow/example_dags/example_short_circuit_decorator.py
[2026-09-25T17:31:15.026+0000] {logging_mixin.py:188} INFO - [2026-09-25T17:31:15.025+0000] {dag.py:3096} INFO - Sync 1 DAGs
[2026-09-25T17:31:15.100+0000] {logging_mixin.py:188} INFO - [2026-09-25T17:31:15.100+0000] {dag.py:3954} INFO - Setting next_dagrun for example_short_circuit_decorator to 2026-09-24 00:00:00+00:00, run_after=2026-09-25 00:00:00+00:00
[2026-09-25T17:31:15.165+0000] {processor.py:183} INFO - Processing /home/airflow/.local/lib/python3.12/site-packages/airflow/example_dags/example_short_circuit_decorator.py took 0.240 seconds
