[2026-09-25T17:27:29.272+0000] {processor.py:161} INFO - Started process (PID=76) to work on /home/airflow/.local/lib/python3.12/site-packages/airflow/example_dags/example_branch_datetime_operator.py
[2026-09-25T17:27:29.274+0000] {processor.py:830} INFO - Processing file /home/airflow/.local/lib/python3.12/site-packages/airflow/example_dags/example_branch_datetime_operator.py for tasks to queue
[2026-09-25T17:27:29.280+0000] {logging_mixin.py:188} INFO - [2026-09-25T17:27:29.279+0000] {dagbag.py:545} INFO - Filling up the DagBag from /home/airflow/.local/lib/python3.12/site-packages/airflow/example_dags/example_branch_datetime_operator.py
[2026-09-25T17:27:29.350+0000] {processor.py:840} INFO - DAG(s) 'example_branch_datetime_operator_3', 'example_branch_datetime_operator_2', 'example_branch_datetime_operator' retrieved from /home/airflow/.local/lib/python3.12/site-packages/airflow/example_dags/example_branch_datetime_operator.py
[2026-09-25T17:27:30.083+0000] {logging_mixin.py:188} INFO - [2026-09-25T17:27:30.083+0000] {dag.py:3096} INFO - Sync 3 DAGs
[2026-09-25T17:27:30.166+0000] {logging_mixin.py:188} INFO - [2026-09-25T17:27:30.165+0000] {dag.py:3954} INFO - Setting next_dagrun for example_branch_datetime_operator to 2026-09-24 00:00:00+00:00, run_after=2026-09-25 00:00:00+00:00
[2026-09-25T17:27:30.185+0000] {logging_mixin.py:188} INFO - [2026-09-25T17:27:30.184+0000] {dag.py:3954} INFO - Setting next_dagrun for example_branch_datetime_operator_2 to 2026-09-24 00:00:00+00:00, run_after=2026-09-25 00:00:00+00:00
[2026-09-25T17:27:30.199+0000] {logging_mixin.py:188} INFO - [2026-09-25T17:27:30.199+0000] {dag.py:3954} INFO - Setting next_dagrun for example_branch_datetime_operator_3 to 2026-09-24 00:00:00+00:00, run_after=2026-09-25 00:00:00+00:00
[2026-09-25T17:27:30.317+0000] {processor.py:183} INFO - Processing /home/airflow/.local/lib/python3.12/site-packages/airflow/example_dags/example_branch_datetime_operator.py took 1.065 seconds
[2026-09-25T17:28:09.389+0000] {processor.py:161} INFO - Started process (PID=135) to work on /home/airflow/.local/lib/python3.12/site-packages/airflow/example_dags/example_branch_datetime_operator.py
[2026-09-25T17:28:09.391+0000] {processor.py:830} INFO - Processing file /home/airflow/.local/lib/python3.12/site-packages/airflow/example_dags/example_branch_datetime_operator.py for tasks to queue
[2026-09-25T17:28:09.397+0000] {logging_mixin.py:188} INFO - [2026-09-25T17:28:09.396+0000] {dagbag.py:545} INFO - Filling up the DagBag from /home/airflow/.local/lib/python3.12/site-packages/airflow/example_dags/example_branch_datetime_operator.py
[2026-09-25T17:28:09.454+0000] {processor.py:840} INFO - DAG(s) 'example_branch_datetime_operator_2', 'example_branch_datetime_operator_3', 'example_branch_datetime_operator' retrieved from /home/airflow/.local/lib/python3.12/site-packages/airflow/example_dags/example_branch_datetime_operator.py
[2026-09-25T17:28:09.600+0000] {logging_mixin.py:188} INFO - [2026-09-25T17:28:09.599+0000] {dag.py:3096} INFO - Sync 3 DAGs
[2026-09-25T17:28:09.701+0000] {logging_mixin.py:188} INFO - [2026-09-25T17:28:09.698+0000] {dag.py:3954} INFO - Setting next_dagrun for example_branch_datetime_operator to 2026-09-24 00:00:00+00:00, run_after=2026-09-25 00:00:00+00:00
[2026-09-25T17:28:09.728+0000] {logging_mixin.py:188} INFO - [2026-09-25T17:28:09.727+0000] {dag.py:3954} INFO - Setting next_dagrun for example_branch_datetime_operator_2 to 2026-09-24 00:00:00+00:00, run_after=2026-09-25 00:00:00+00:00
[2026-09-25T17:28:09.758+0000] {logging_mixin.py:188} INFO - [2026-09-25T17:28:09.758+0000] {dag.py:3954} INFO - Setting next_dagrun for example_branch_datetime_operator_3 to 2026-09-24 00:00:00+00:00, run_after=2026-09-25 00:00:00+00:00
[2026-09-25T17:28:09.852+0000] {processor.py:183} INFO - Processing /home/airflow/.local/lib/python3.12/site-packages/airflow/example_dags/example_branch_datetime_operator.py took 0.488 seconds
[2026-09-25T17:28:40.270+0000] {processor.py:161} INFO - Started process (PID=191) to work on /home/airflow/.local/lib/python3.12/site-packages/airflow/example_dags/example_branch_datetime_operator.py
[2026-09-25T17:28:40.275+0000] {processor.py:830} INFO - Processing file /home/airflow/.local/lib/python3.12/site-packages/airflow/example_dags/example_branch_datetime_operator.py for tasks to queue
[2026-09-25T17:28:40.291+0000] {logging_mixin.py:188} INFO - [2026-09-25T17:28:40.289+0000] {dagbag.py:545} INFO - Filling up the DagBag from /home/airflow/.local/lib/python3.12/site-packages/airflow/example_dags/example_branch_datetime_operator.py
[2026-09-25T17:28:40.386+0000] {processor.py:840} INFO - DAG(s) 'example_branch_datetime_operator_2', 'example_branch_datetime_operator', 'example_branch_datetime_operator_3' retrieved from /home/airflow/.local/lib/python3.12/site-packages/airflow/example_dags/example_branch_datetime_operator.py
[2026-09-25T17:28:40.540+0000] {logging_mixin.py:188} INFO - [2026-09-25T17:28:40.539+0000] {dag.py:3096} INFO - Sync 3 DAGs
[2026-09-25T17:28:40.669+0000] {logging_mixin.py:188} INFO - [2026-09-25T17:28:40.667+0000] {dag.py:3954} INFO - Setting next_dagrun for example_branch_datetime_operator to 2026-09-24 00:00:00+00:00, run_after=2026-09-25 00:00:00+00:00
[2026-09-25T17:28:40.691+0000] {logging_mixin.py:188} INFO - [2026-09-25T17:28:40.690+0000] {dag.py:3954} INFO - Setting next_dagrun for example_branch_datetime_operator_2 to 2026-09-24 00:00:00+00:00, run_after=2026-09-25 00:00:00+00:00
[2026-09-25T17:28:40.701+0000] {logging_mixin.py:188} INFO - [2026-09-25T17:28:40.700+0000] {dag.py:3954} INFO - Setting next_dagrun for example_branch_datetime_operator_3 to 2026-09-24 00:00:00+00:00, run_after=2026-09-25 00:00:00+00:00
[2026-09-25T17:28:40.772+0000] {processor.py:183} INFO - Processing /home/airflow/.local/lib/python3.12/site-packages/airflow/example_dags/example_branch_datetime_operator.py took 0.550 seconds
[2026-09-25T17:29:11.049+0000] {processor.py:161} INFO - Started process (PID=249) to work on /home/airflow/.local/lib/python3.12/site-packages/airflow/example_dags/example_branch_datetime_operator.py
[2026-09-25T17:29:11.056+0000] {processor.py:830} INFO - Processing file /home/airflow/.local/lib/python3.12/site-packages/airflow/example_dags/example_branch_datetime_operator.py for tasks to queue
[2026-09-25T17:29:11.064+0000] {logging_mixin.py:188} INFO - [2026-09-25T17:29:11.063+0000] {dagbag.py:545} INFO - Filling up the DagBag from /home/airflow/.local/lib/python3.12/site-packages/airflow/example_dags/example_branch_datetime_operator.py
[2026-09-25T17:29:11.120+0000] {processor.py:840} INFO - DAG(s) 'example_branch_datetime_operator_3', 'example_branch_datetime_operator', 'example_branch_datetime_operator_2' retrieved from /home/airflow/.local/lib/python3.12/site-packages/airflow/example_dags/example_branch_datetime_operator.py
[2026-09-25T17:29:11.232+0000] {logging_mixin.py:188} INFO - [2026-09-25T17:29:11.231+0000] {dag.py:3096} INFO - Sync 3 DAGs
[2026-09-25T17:29:11.386+0000] {logging_mixin.py:188} INFO - [2026-09-25T17:29:11.385+0000] {dag.py:3954} INFO - Setting next_dagrun for example_branch_datetime_operator to 2026-09-24 00:00:00+00:00, run_after=2026-09-25 00:00:00+00:00
[2026-09-25T17:29:11.416+0000] {logging_mixin.py:188} INFO - [2026-09-25T17:29:11.416+0000] {dag.py:3954} INFO - Setting next_dagrun for example_branch_datetime_operator_2 to 2026-09-24 00:00:00+00:00, run_after=2026-09-25 00:00:00+00:00
[2026-09-25T17:29:11.443+0000] {logging_mixin.py:188} INFO - [2026-09-25T17:29:11.442+0000] {dag.py:3954} INFO - Setting next_dagrun for example_branch_datetime_operator_3 to 2026-09-24 00:00:00+00:00, run_after=2026-09-25 00:00:00+00:00
[2026-09-25T17:29:11.584+0000] {processor.py:183} INFO - Processing /home/airflow/.local/lib/python3.12/site-packages/airflow/example_dags/example_branch_datetime_operator.py took 0.555 seconds
[2026-09-25T17:29:45.453+0000] {processor.py:161} INFO - Started process (PID=313) to work on /home/airflow/.local/lib/python3.12/site-packages/airflow/example_dags/example_branch_datetime_operator.py
[2026-09-25T17:29:45.458+0000] {processor.py:830} INFO - Processing file /home/airflow/.local/lib/python3.12/site-packages/airflow/example_dags/example_branch_datetime_operator.py for tasks to queue
[2026-09-25T17:29:45.465+0000] {logging_mixin.py:188} INFO - [2026-09-25T17:29:45.464+0000] {dagbag.py:545} INFO - Filling up the DagBag from /home/airflow/.local/lib/python3.12/site-packages/airflow/example_dags/example_branch_datetime_operator.py
[2026-09-25T17:29:45.511+0000] {processor.py:840} INFO - DAG(s) 'example_branch_datetime_operator_3', 'example_branch_datetime_operator', 'example_branch_datetime_operator_2' retrieved from /home/airflow/.local/lib/python3.12/site-packages/airflow/example_dags/example_branch_datetime_operator.py
[2026-09-25T17:29:45.628+0000] {logging_mixin.py:188} INFO - [2026-09-25T17:29:45.627+0000] {dag.py:3096} INFO - Sync 3 DAGs
[2026-09-25T17:29:45.726+0000] {logging_mixin.py:188} INFO - [2026-09-25T17:29:45.726+0000] {dag.py:3954} INFO - Setting next_dagrun for example_branch_datetime_operator to 2026-09-24 00:00:00+00:00, run_after=2026-09-25 00:00:00+00:00
[2026-09-25T17:29:45.756+0000] {logging_mixin.py:188} INFO - [2026-09-25T17:29:45.755+0000] {dag.py:3954} INFO - Setting next_dagrun for example_branch_datetime_operator_2 to 2026-09-24 00:00:00+00:00, run_after=2026-09-25 00:00:00+00:00
[2026-09-25T17:29:45.774+0000] {logging_mixin.py:188} INFO - [2026-09-25T17:29:45.773+0000] {dag.py:3954} INFO - Setting next_dagrun for example_branch_datetime_operator_3 to 2026-09-24 00:00:00+00:00, run_after=2026-09-25 00:00:00+00:00
[2026-09-25T17:29:45.861+0000] {processor.py:183} INFO - Processing /home/airflow/.local/lib/python3.12/site-packages/airflow/example_dags/example_branch_datetime_operator.py took 0.427 seconds
[2026-09-25T17:30:18.599+0000] {processor.py:161} INFO - Started process (PID=364) to work on /home/airflow/.local/lib/python3.12/site-packages/airflow/example_dags/example_branch_datetime_operator.py
[2026-09-25T17:30:18.612+0000] {processor.py:830} INFO - Processing file /home/airflow/.local/lib/python3.12/site-packages/airflow/example_dags/example_branch_datetime_operator.py for tasks to queue
[2026-09-25T17:30:18.644+0000] {logging_mixin.py:188} INFO - [2026-09-25T17:30:18.638+0000] {dagbag.py:545} INFO - Filling up the DagBag from /home/airflow/.local/lib/python3.12/site-packages/airflow/example_dags/example_branch_datetime_operator.py
[2026-09-25T17:30:18.771+0000] {processor.py:840} INFO - DAG(s) 'example_branch_datetime_operator', 'example_branch_datetime_operator_3', 'example_branch_datetime_operator_2' retrieved from /home/airflow/.local/lib/python3.12/site-packages/airflow/example_dags/example_branch_datetime_operator.py
[2026-09-25T17:30:18.911+0000] {logging_mixin.py:188} INFO - [2026-09-25T17:30:18.911+0000] {dag.py:3096} INFO - Sync 3 DAGs
[2026-09-25T17:30:19.017+0000] {logging_mixin.py:188} INFO - [2026-09-25T17:30:19.014+0000] {dag.py:3954} INFO - Setting next_dagrun for example_branch_datetime_operator to 2026-09-24 00:00:00+00:00, run_after=2026-09-25 00:00:00+00:00
[2026-09-25T17:30:19.036+0000] {logging_mixin.py:188} INFO - [2026-09-25T17:30:19.036+0000] {dag.py:3954} INFO - Setting next_dagrun for example_branch_datetime_operator_2 to 2026-09-24 00:00:00+00:00, run_after=2026-09-25 00:00:00+00:00
[2026-09-25T17:30:19.046+0000] {logging_mixin.py:188} INFO - [2026-09-25T17:30:19.045+0000] {dag.py:3954} INFO - Setting next_dagrun for example_branch_datetime_operator_3 to 2026-09-24 00:00:00+00:00, run_after=2026-09-25 00:00:00+00:00
[2026-09-25T17:30:19.132+0000] {processor.py:183} INFO - Processing /home/airflow/.local/lib/python3.12/site-packages/airflow/example_dags/example_branch_datetime_operator.py took 0.571 seconds
[2026-09-25T17:30:49.776+0000] {processor.py:161} INFO - Started process (PID=420) to work on /home/airflow/.local/lib/python3.12/site-packages/airflow/example_dags/example_branch_datetime_operator.py
[2026-09-25T17:30:49.820+0000] {processor.py:830} INFO - Processing file /home/airflow/.local/lib/python3.12/site-packages/airflow/example_dags/example_branch_datetime_operator.py for tasks to queue
[2026-09-25T17:30:49.838+0000] {logging_mixin.py:188} INFO - [2026-09-25T17:30:49.834+0000] {dagbag.py:545} INFO - Filling up the DagBag from /home/airflow/.local/lib/python3.12/site-packages/airflow/example_dags/example_branch_datetime_operator.py
[2026-09-25T17:30:49.926+0000] {processor.py:840} INFO - DAG(s) 'example_branch_datetime_operator_2', 'example_branch_datetime_operator_3', 'example_branch_datetime_operator' retrieved from /home/airflow/.local/lib/python3.12/site-packages/airflow/example_dags/example_branch_datetime_operator.py
[2026-09-25T17:30:50.095+0000] {logging_mixin.py:188} INFO - [2026-09-25T17:30:50.094+0000] {dag.py:3096} INFO - Sync 3 DAGs
[2026-09-25T17:30:50.199+0000] {logging_mixin.py:188} INFO - [2026-09-25T17:30:50.195+0000] {dag.py:3954} INFO - Setting next_dagrun for example_branch_datetime_operator to 2026-09-24 00:00:00+00:00, run_after=2026-09-25 00:00:00+00:00
[2026-09-25T17:30:50.226+0000] {logging_mixin.py:188} INFO - [2026-09-25T17:30:50.225+0000] {dag.py:3954} INFO - Setting next_dagrun for example_branch_datetime_operator_2 to 2026-09-24 00:00:00+00:00, run_after=2026-09-25 00:00:00+00:00
[2026-09-25T17:30:50.242+0000] {logging_mixin.py:188} INFO - [2026-09-25T17:30:50.241+0000] {dag.py:3954} INFO - Setting next_dagrun for example_branch_datetime_operator_3 to 2026-09-24 00:00:00+00:00, run_after=2026-09-25 00:00:00+00:00
[2026-09-25T17:30:50.339+0000] {processor.py:183} INFO - Processing /home/airflow/.local/lib/python3.12/site-packages/airflow/example_dags/example_branch_datetime_operator.py took 0.586 seconds
[2026-09-25T17:31:20.513+0000] {processor.py:161} INFO - Started process (PID=478) to work on /home/airflow/.local/lib/python3.12/site-packages/airflow/example_dags/example_branch_datetime_operator.py
[2026-09-25T17:31:20.520+0000] {processor.py:830} INFO - Processing file /home/airflow/.local/lib/python3.12/site-packages/airflow/example_dags/example_branch_datetime_operator.py for tasks to queue
[2026-09-25T17:31:20.528+0000] {logging_mixin.py:188} INFO - [2026-09-25T17:31:20.526+0000] {dagbag.py:545} INFO - Filling up the DagBag from /home/airflow/.local/lib/python3.12/site-packages/airflow/example_dags/example_branch_datetime_operator.py
[2026-09-25T17:31:20.571+0000] {processor.py:840} INFO - DAG(s) 'example_branch_datetime_operator_2', 'example_branch_datetime_operator', 'example_branch_datetime_operator_3' retrieved from /home/airflow/.local/lib/python3.12/site-packages/airflow/example_dags/example_branch_datetime_operator.py
[2026-09-25T17:31:20.673+0000] {logging_mixin.py:188} INFO - [2026-09-25T17:31:20.672+0000] {dag.py:3096} INFO - Sync 3 DAGs
[2026-09-25T17:31:20.806+0000] {logging_mixin.py:188} INFO - [2026-09-25T17:31:20.805+0000] {dag.py:3954} INFO - Setting next_dagrun for example_branch_datetime_operator to 2026-09-24 00:00:00+00:00, run_after=2026-09-25 00:00:00+00:00
[2026-09-25T17:31:20.837+0000] {logging_mixin.py:188} INFO - [2026-09-25T17:31:20.836+0000] {dag.py:3954} INFO - Setting next_dagrun for example_branch_datetime_operator_2 to 2026-09-24 00:00:00+00:00, run_after=2026-09-25 00:00:00+00:00
[2026-09-25T17:31:20.845+0000] {logging_mixin.py:188} INFO - [2026-09-25T17:31:20.845+0000] {dag.py:3954} INFO - Setting next_dagrun for example_branch_datetime_operator_3 to 2026-09-24 00:00:00+00:00, run_after=2026-09-25 00:00:00+00:00
[2026-09-25T17:31:20.915+0000] {processor.py:183} INFO - Processing /home/airflow/.local/lib/python3.12/site-packages/airflow/example_dags/example_branch_datetime_operator.py took 0.436 seconds
