[2026-09-25T17:27:33.382+0000] {processor.py:161} INFO - Started process (PID=81) to work on /home/airflow/.local/lib/python3.12/site-packages/airflow/example_dags/example_branch_python_dop_operator_3.py
[2026-09-25T17:27:33.383+0000] {processor.py:830} INFO - Processing file /home/airflow/.local/lib/python3.12/site-packages/airflow/example_dags/example_branch_python_dop_operator_3.py for tasks to queue
[2026-09-25T17:27:33.389+0000] {logging_mixin.py:188} INFO - [2026-09-25T17:27:33.388+0000] {dagbag.py:545} INFO - Filling up the DagBag from /home/airflow/.local/lib/python3.12/site-packages/airflow/example_dags/example_branch_python_dop_operator_3.py
[2026-09-25T17:27:33.427+0000] {processor.py:840} INFO - DAG(s) 'example_branch_dop_operator_v3' retrieved from /home/airflow/.local/lib/python3.12/site-packages/airflow/example_dags/example_branch_python_dop_operator_3.py
[2026-09-25T17:27:34.325+0000] {logging_mixin.py:188} INFO - [2026-09-25T17:27:34.323+0000] {dag.py:3096} INFO - Sync 1 DAGs
[2026-09-25T17:27:34.509+0000] {logging_mixin.py:188} INFO - [2026-09-25T17:27:34.508+0000] {dag.py:3954} INFO - Setting next_dagrun for example_branch_dop_operator_v3 to 2026-09-25 17:26:00+00:00, run_after=2026-09-25 17:27:00+00:00
[2026-09-25T17:27:34.627+0000] {processor.py:183} INFO - Processing /home/airflow/.local/lib/python3.12/site-packages/airflow/example_dags/example_branch_python_dop_operator_3.py took 1.264 seconds
[2026-09-25T17:28:14.908+0000] {processor.py:161} INFO - Started process (PID=146) to work on /home/airflow/.local/lib/python3.12/site-packages/airflow/example_dags/example_branch_python_dop_operator_3.py
[2026-09-25T17:28:14.912+0000] {processor.py:830} INFO - Processing file /home/airflow/.local/lib/python3.12/site-packages/airflow/example_dags/example_branch_python_dop_operator_3.py for tasks to queue
[2026-09-25T17:28:14.941+0000] {logging_mixin.py:188} INFO - [2026-09-25T17:28:14.931+0000] {dagbag.py:545} INFO - Filling up the DagBag from /home/airflow/.local/lib/python3.12/site-packages/airflow/example_dags/example_branch_python_dop_operator_3.py
[2026-09-25T17:28:15.163+0000] {processor.py:840} INFO - DAG(s) 'example_branch_dop_operator_v3' retrieved from /home/airflow/.local/lib/python3.12/site-packages/airflow/example_dags/example_branch_python_dop_operator_3.py
[2026-09-25T17:28:15.562+0000] {logging_mixin.py:188} INFO - [2026-09-25T17:28:15.552+0000] {dag.py:3096} INFO - Sync 1 DAGs
[2026-09-25T17:28:15.826+0000] {logging_mixin.py:188} INFO - [2026-09-25T17:28:15.825+0000] {dag.py:3954} INFO - Setting next_dagrun for example_branch_dop_operator_v3 to 2026-09-25 17:27:00+00:00, run_after=2026-09-25 17:28:00+00:00
[2026-09-25T17:28:16.340+0000] {processor.py:183} INFO - Processing /home/airflow/.local/lib/python3.12/site-packages/airflow/example_dags/example_branch_python_dop_operator_3.py took 1.482 seconds
[2026-09-25T17:28:46.612+0000] {processor.py:161} INFO - Started process (PID=202) to work on /home/airflow/.local/lib/python3.12/site-packages/airflow/example_dags/example_branch_python_dop_operator_3.py
[2026-09-25T17:28:46.617+0000] {processor.py:830} INFO - Processing file /home/airflow/.local/lib/python3.12/site-packages/airflow/example_dags/example_branch_python_dop_operator_3.py for tasks to queue
[2026-09-25T17:28:46.623+0000] {logging_mixin.py:188} INFO - [2026-09-25T17:28:46.622+0000] {dagbag.py:545} INFO - Filling up the DagBag from /home/airflow/.local/lib/python3.12/site-packages/airflow/example_dags/example_branch_python_dop_operator_3.py
[2026-09-25T17:28:46.649+0000] {processor.py:840} INFO - DAG(s) 'example_branch_dop_operator_v3' retrieved from /home/airflow/.local/lib/python3.12/site-packages/airflow/example_dags/example_branch_python_dop_operator_3.py
[2026-09-25T17:28:46.715+0000] {logging_mixin.py:188} INFO - [2026-09-25T17:28:46.715+0000] {dag.py:3096} INFO - Sync 1 DAGs
[2026-09-25T17:28:46.831+0000] {logging_mixin.py:188} INFO - [2026-09-25T17:28:46.830+0000] {dag.py:3954} INFO - Setting next_dagrun for example_branch_dop_operator_v3 to 2026-09-25 17:27:00+00:00, run_after=2026-09-25 17:28:00+00:00
[2026-09-25T17:28:46.912+0000] {processor.py:183} INFO - Processing /home/airflow/.local/lib/python3.12/site-packages/airflow/example_dags/example_branch_python_dop_operator_3.py took 0.328 seconds
[2026-09-25T17:29:17.379+0000] {processor.py:161} INFO - Started process (PID=260) to work on /home/airflow/.local/lib/python3.12/site-packages/airflow/example_dags/example_branch_python_dop_operator_3.py
[2026-09-25T17:29:17.386+0000] {processor.py:830} INFO - Processing file /home/airflow/.local/lib/python3.12/site-packages/airflow/example_dags/example_branch_python_dop_operator_3.py for tasks to queue
[2026-09-25T17:29:17.392+0000] {logging_mixin.py:188} INFO - [2026-09-25T17:29:17.390+0000] {dagbag.py:545} INFO - Filling up the DagBag from /home/airflow/.local/lib/python3.12/site-packages/airflow/example_dags/example_branch_python_dop_operator_3.py
[2026-09-25T17:29:17.421+0000] {processor.py:840} INFO - DAG(s) 'example_branch_dop_operator_v3' retrieved from /home/airflow/.local/lib/python3.12/site-packages/airflow/example_dags/example_branch_python_dop_operator_3.py
[2026-09-25T17:29:17.488+0000] {logging_mixin.py:188} INFO - [2026-09-25T17:29:17.487+0000] {dag.py:3096} INFO - Sync 1 DAGs
[2026-09-25T17:29:17.579+0000] {logging_mixin.py:188} INFO - [2026-09-25T17:29:17.578+0000] {dag.py:3954} INFO - Setting next_dagrun for example_branch_dop_operator_v3 to 2026-09-25 17:28:00+00:00, run_after=2026-09-25 17:29:00+00:00
[2026-09-25T17:29:17.631+0000] {processor.py:183} INFO - Processing /home/airflow/.local/lib/python3.12/site-packages/airflow/example_dags/example_branch_python_dop_operator_3.py took 0.267 seconds
[2026-09-25T17:29:48.015+0000] {processor.py:161} INFO - Started process (PID=318) to work on /home/airflow/.local/lib/python3.12/site-packages/airflow/example_dags/example_branch_python_dop_operator_3.py
[2026-09-25T17:29:48.018+0000] {processor.py:830} INFO - Processing file /home/airflow/.local/lib/python3.12/site-packages/airflow/example_dags/example_branch_python_dop_operator_3.py for tasks to queue
[2026-09-25T17:29:48.028+0000] {logging_mixin.py:188} INFO - [2026-09-25T17:29:48.027+0000] {dagbag.py:545} INFO - Filling up the DagBag from /home/airflow/.local/lib/python3.12/site-packages/airflow/example_dags/example_branch_python_dop_operator_3.py
[2026-09-25T17:29:48.064+0000] {processor.py:840} INFO - DAG(s) 'example_branch_dop_operator_v3' retrieved from /home/airflow/.local/lib/python3.12/site-packages/airflow/example_dags/example_branch_python_dop_operator_3.py
[2026-09-25T17:29:48.136+0000] {logging_mixin.py:188} INFO - [2026-09-25T17:29:48.135+0000] {dag.py:3096} INFO - Sync 1 DAGs
[2026-09-25T17:29:48.268+0000] {logging_mixin.py:188} INFO - [2026-09-25T17:29:48.268+0000] {dag.py:3954} INFO - Setting next_dagrun for example_branch_dop_operator_v3 to 2026-09-25 17:28:00+00:00, run_after=2026-09-25 17:29:00+00:00
[2026-09-25T17:29:48.399+0000] {processor.py:183} INFO - Processing /home/airflow/.local/lib/python3.12/site-packages/airflow/example_dags/example_branch_python_dop_operator_3.py took 0.407 seconds
[2026-09-25T17:30:21.724+0000] {processor.py:161} INFO - Started process (PID=376) to work on /home/airflow/.local/lib/python3.12/site-packages/airflow/example_dags/example_branch_python_dop_operator_3.py
[2026-09-25T17:30:21.726+0000] {processor.py:830} INFO - Processing file /home/airflow/.local/lib/python3.12/site-packages/airflow/example_dags/example_branch_python_dop_operator_3.py for tasks to queue
[2026-09-25T17:30:21.731+0000] {logging_mixin.py:188} INFO - [2026-09-25T17:30:21.730+0000] {dagbag.py:545} INFO - Filling up the DagBag from /home/airflow/.local/lib/python3.12/site-packages/airflow/example_dags/example_branch_python_dop_operator_3.py
[2026-09-25T17:30:21.760+0000] {processor.py:840} INFO - DAG(s) 'example_branch_dop_operator_v3' retrieved from /home/airflow/.local/lib/python3.12/site-packages/airflow/example_dags/example_branch_python_dop_operator_3.py
[2026-09-25T17:30:21.846+0000] {logging_mixin.py:188} INFO - [2026-09-25T17:30:21.846+0000] {dag.py:3096} INFO - Sync 1 DAGs
[2026-09-25T17:30:21.952+0000] {logging_mixin.py:188} INFO - [2026-09-25T17:30:21.952+0000] {dag.py:3954} INFO - Setting next_dagrun for example_branch_dop_operator_v3 to 2026-09-25 17:29:00+00:00, run_after=2026-09-25 17:30:00+00:00
[2026-09-25T17:30:22.034+0000] {processor.py:183} INFO - Processing /home/airflow/.local/lib/python3.12/site-packages/airflow/example_dags/example_branch_python_dop_operator_3.py took 0.327 seconds
[2026-09-25T17:30:52.754+0000] {processor.py:161} INFO - Started process (PID=431) to work on /home/airflow/.local/lib/python3.12/site-packages/airflow/example_dags/example_branch_python_dop_operator_3.py
[2026-09-25T17:30:52.761+0000] {processor.py:830} INFO - Processing file /home/airflow/.local/lib/python3.12/site-packages/airflow/example_dags/example_branch_python_dop_operator_3.py for tasks to queue
[2026-09-25T17:30:52.770+0000] {logging_mixin.py:188} INFO - [2026-09-25T17:30:52.769+0000] {dagbag.py:545} INFO - Filling up the DagBag from /home/airflow/.local/lib/python3.12/site-packages/airflow/example_dags/example_branch_python_dop_operator_3.py
[2026-09-25T17:30:52.809+0000] {processor.py:840} INFO - DAG(s) 'example_branch_dop_operator_v3' retrieved from /home/airflow/.local/lib/python3.12/site-packages/airflow/example_dags/example_branch_python_dop_operator_3.py
[2026-09-25T17:30:52.947+0000] {logging_mixin.py:188} INFO - [2026-09-25T17:30:52.946+0000] {dag.py:3096} INFO - Sync 1 DAGs
[2026-09-25T17:30:53.105+0000] {logging_mixin.py:188} INFO - [2026-09-25T17:30:53.105+0000] {dag.py:3954} INFO - Setting next_dagrun for example_branch_dop_operator_v3 to 2026-09-25 17:29:00+00:00, run_after=2026-09-25 17:30:00+00:00
[2026-09-25T17:30:53.317+0000] {processor.py:183} INFO - Processing /home/airflow/.local/lib/python3.12/site-packages/airflow/example_dags/example_branch_python_dop_operator_3.py took 0.583 seconds
[2026-09-25T17:31:24.333+0000] {processor.py:161} INFO - Started process (PID=489) to work on /home/airflow/.local/lib/python3.12/site-packages/airflow/example_dags/example_branch_python_dop_operator_3.py
[2026-09-25T17:31:24.335+0000] {processor.py:830} INFO - Processing file /home/airflow/.local/lib/python3.12/site-packages/airflow/example_dags/example_branch_python_dop_operator_3.py for tasks to queue
[2026-09-25T17:31:24.338+0000] {logging_mixin.py:188} INFO - [2026-09-25T17:31:24.338+0000] {dagbag.py:545} INFO - Filling up the DagBag from /home/airflow/.local/lib/python3.12/site-packages/airflow/example_dags/example_branch_python_dop_operator_3.py
[2026-09-25T17:31:24.360+0000] {processor.py:840} INFO - DAG(s) 'example_branch_dop_operator_v3' retrieved from /home/airflow/.local/lib/python3.12/site-packages/airflow/example_dags/example_branch_python_dop_operator_3.py
[2026-09-25T17:31:24.409+0000] {logging_mixin.py:188} INFO - [2026-09-25T17:31:24.409+0000] {dag.py:3096} INFO - Sync 1 DAGs
[2026-09-25T17:31:24.490+0000] {logging_mixin.py:188} INFO - [2026-09-25T17:31:24.489+0000] {dag.py:3954} INFO - Setting next_dagrun for example_branch_dop_operator_v3 to 2026-09-25 17:30:00+00:00, run_after=2026-09-25 17:31:00+00:00
[2026-09-25T17:31:24.534+0000] {processor.py:183} INFO - Processing /home/airflow/.local/lib/python3.12/site-packages/airflow/example_dags/example_branch_python_dop_operator_3.py took 0.216 seconds
