[2026-09-25T17:27:55.510+0000] {processor.py:161} INFO - Started process (PID=115) to work on /home/airflow/.local/lib/python3.12/site-packages/airflow/example_dags/example_task_group.py
[2026-09-25T17:27:55.513+0000] {processor.py:830} INFO - Processing file /home/airflow/.local/lib/python3.12/site-packages/airflow/example_dags/example_task_group.py for tasks to queue
[2026-09-25T17:27:55.519+0000] {logging_mixin.py:188} INFO - [2026-09-25T17:27:55.517+0000] {dagbag.py:545} INFO - Filling up the DagBag from /home/airflow/.local/lib/python3.12/site-packages/airflow/example_dags/example_task_group.py
[2026-09-25T17:27:55.548+0000] {processor.py:840} INFO - DAG(s) 'example_task_group' retrieved from /home/airflow/.local/lib/python3.12/site-packages/airflow/example_dags/example_task_group.py
[2026-09-25T17:27:56.332+0000] {logging_mixin.py:188} INFO - [2026-09-25T17:27:56.324+0000] {dag.py:3096} INFO - Sync 1 DAGs
[2026-09-25T17:27:56.418+0000] {logging_mixin.py:188} INFO - [2026-09-25T17:27:56.418+0000] {dag.py:3954} INFO - Setting next_dagrun for example_task_group to 2026-09-24 00:00:00+00:00, run_after=2026-09-25 00:00:00+00:00
[2026-09-25T17:27:56.624+0000] {processor.py:183} INFO - Processing /home/airflow/.local/lib/python3.12/site-packages/airflow/example_dags/example_task_group.py took 1.135 seconds
[2026-09-25T17:28:32.897+0000] {processor.py:161} INFO - Started process (PID=173) to work on /home/airflow/.local/lib/python3.12/site-packages/airflow/example_dags/example_task_group.py
[2026-09-25T17:28:32.899+0000] {processor.py:830} INFO - Processing file /home/airflow/.local/lib/python3.12/site-packages/airflow/example_dags/example_task_group.py for tasks to queue
[2026-09-25T17:28:32.911+0000] {logging_mixin.py:188} INFO - [2026-09-25T17:28:32.908+0000] {dagbag.py:545} INFO - Filling up the DagBag from /home/airflow/.local/lib/python3.12/site-packages/airflow/example_dags/example_task_group.py
[2026-09-25T17:28:32.996+0000] {processor.py:840} INFO - DAG(s) 'example_task_group' retrieved from /home/airflow/.local/lib/python3.12/site-packages/airflow/example_dags/example_task_group.py
[2026-09-25T17:28:33.169+0000] {logging_mixin.py:188} INFO - [2026-09-25T17:28:33.169+0000] {dag.py:3096} INFO - Sync 1 DAGs
[2026-09-25T17:28:33.289+0000] {logging_mixin.py:188} INFO - [2026-09-25T17:28:33.288+0000] {dag.py:3954} INFO - Setting next_dagrun for example_task_group to 2026-09-24 00:00:00+00:00, run_after=2026-09-25 00:00:00+00:00
[2026-09-25T17:28:33.414+0000] {processor.py:183} INFO - Processing /home/airflow/.local/lib/python3.12/site-packages/airflow/example_dags/example_task_group.py took 0.537 seconds
[2026-09-25T17:29:03.661+0000] {processor.py:161} INFO - Started process (PID=231) to work on /home/airflow/.local/lib/python3.12/site-packages/airflow/example_dags/example_task_group.py
[2026-09-25T17:29:03.663+0000] {processor.py:830} INFO - Processing file /home/airflow/.local/lib/python3.12/site-packages/airflow/example_dags/example_task_group.py for tasks to queue
[2026-09-25T17:29:03.669+0000] {logging_mixin.py:188} INFO - [2026-09-25T17:29:03.668+0000] {dagbag.py:545} INFO - Filling up the DagBag from /home/airflow/.local/lib/python3.12/site-packages/airflow/example_dags/example_task_group.py
[2026-09-25T17:29:03.695+0000] {processor.py:840} INFO - DAG(s) 'example_task_group' retrieved from /home/airflow/.local/lib/python3.12/site-packages/airflow/example_dags/example_task_group.py
[2026-09-25T17:29:03.772+0000] {logging_mixin.py:188} INFO - [2026-09-25T17:29:03.771+0000] {dag.py:3096} INFO - Sync 1 DAGs
[2026-09-25T17:29:03.866+0000] {logging_mixin.py:188} INFO - [2026-09-25T17:29:03.864+0000] {dag.py:3954} INFO - Setting next_dagrun for example_task_group to 2026-09-24 00:00:00+00:00, run_after=2026-09-25 00:00:00+00:00
[2026-09-25T17:29:03.945+0000] {processor.py:183} INFO - Processing /home/airflow/.local/lib/python3.12/site-packages/airflow/example_dags/example_task_group.py took 0.314 seconds
[2026-09-25T17:29:42.103+0000] {processor.py:161} INFO - Started process (PID=290) to work on /home/airflow/.local/lib/python3.12/site-packages/airflow/example_dags/example_task_group.py
[2026-09-25T17:29:42.105+0000] {processor.py:830} INFO - Processing file /home/airflow/.local/lib/python3.12/site-packages/airflow/example_dags/example_task_group.py for tasks to queue
[2026-09-25T17:29:42.111+0000] {logging_mixin.py:188} INFO - [2026-09-25T17:29:42.110+0000] {dagbag.py:545} INFO - Filling up the DagBag from /home/airflow/.local/lib/python3.12/site-packages/airflow/example_dags/example_task_group.py
[2026-09-25T17:29:42.133+0000] {processor.py:840} INFO - DAG(s) 'example_task_group' retrieved from /home/airflow/.local/lib/python3.12/site-packages/airflow/example_dags/example_task_group.py
[2026-09-25T17:29:42.210+0000] {logging_mixin.py:188} INFO - [2026-09-25T17:29:42.209+0000] {dag.py:3096} INFO - Sync 1 DAGs
[2026-09-25T17:29:42.288+0000] {logging_mixin.py:188} INFO - [2026-09-25T17:29:42.287+0000] {dag.py:3954} INFO - Setting next_dagrun for example_task_group to 2026-09-24 00:00:00+00:00, run_after=2026-09-25 00:00:00+00:00
[2026-09-25T17:29:42.385+0000] {processor.py:183} INFO - Processing /home/airflow/.local/lib/python3.12/site-packages/airflow/example_dags/example_task_group.py took 0.301 seconds
[2026-09-25T17:30:14.435+0000] {processor.py:161} INFO - Started process (PID=348) to work on /home/airflow/.local/lib/python3.12/site-packages/airflow/example_dags/example_task_group.py
[2026-09-25T17:30:14.439+0000] {processor.py:830} INFO - Processing file /home/airflow/.local/lib/python3.12/site-packages/airflow/example_dags/example_task_group.py for tasks to queue
[2026-09-25T17:30:14.446+0000] {logging_mixin.py:188} INFO - [2026-09-25T17:30:14.445+0000] {dagbag.py:545} INFO - Filling up the DagBag from /home/airflow/.local/lib/python3.12/site-packages/airflow/example_dags/example_task_group.py
[2026-09-25T17:30:14.483+0000] {processor.py:840} INFO - DAG(s) 'example_task_group' retrieved from /home/airflow/.local/lib/python3.12/site-packages/airflow/example_dags/example_task_group.py
[2026-09-25T17:30:14.593+0000] {logging_mixin.py:188} INFO - [2026-09-25T17:30:14.592+0000] {dag.py:3096} INFO - Sync 1 DAGs
[2026-09-25T17:30:14.739+0000] {logging_mixin.py:188} INFO - [2026-09-25T17:30:14.738+0000] {dag.py:3954} INFO - Setting next_dagrun for example_task_group to 2026-09-24 00:00:00+00:00, run_after=2026-09-25 00:00:00+00:00
[2026-09-25T17:30:14.858+0000] {processor.py:183} INFO - Processing /home/airflow/.local/lib/python3.12/site-packages/airflow/example_dags/example_task_group.py took 0.573 seconds
[2026-09-25T17:30:45.457+0000] {processor.py:161} INFO - Started process (PID=405) to work on /home/airflow/.local/lib/python3.12/site-packages/airflow/example_dags/example_task_group.py
[2026-09-25T17:30:45.459+0000] {processor.py:830} INFO - Processing file /home/airflow/.local/lib/python3.12/site-packages/airflow/example_dags/example_task_group.py for tasks to queue
[2026-09-25T17:30:45.488+0000] {logging_mixin.py:188} INFO - [2026-09-25T17:30:45.477+0000] {dagbag.py:545} INFO - Filling up the DagBag from /home/airflow/.local/lib/python3.12/site-packages/airflow/example_dags/example_task_group.py
[2026-09-25T17:30:45.677+0000] {processor.py:840} INFO - DAG(s) 'example_task_group' retrieved from /home/airflow/.local/lib/python3.12/site-packages/airflow/example_dags/example_task_group.py
[2026-09-25T17:30:45.996+0000] {logging_mixin.py:188} INFO - [2026-09-25T17:30:45.995+0000] {dag.py:3096} INFO - Sync 1 DAGs
[2026-09-25T17:30:46.421+0000] {logging_mixin.py:188} INFO - [2026-09-25T17:30:46.420+0000] {dag.py:3954} INFO - Setting next_dagrun for example_task_group to 2026-09-24 00:00:00+00:00, run_after=2026-09-25 00:00:00+00:00
[2026-09-25T17:30:46.658+0000] {processor.py:183} INFO - Processing /home/airflow/.local/lib/python3.12/site-packages/airflow/example_dags/example_task_group.py took 1.230 seconds
[2026-09-25T17:31:16.915+0000] {processor.py:161} INFO - Started process (PID=469) to work on /home/airflow/.local/lib/python3.12/site-packages/airflow/example_dags/example_task_group.py
[2026-09-25T17:31:16.919+0000] {processor.py:830} INFO - Processing file /home/airflow/.local/lib/python3.12/site-packages/airflow/example_dags/example_task_group.py for tasks to queue
[2026-09-25T17:31:16.930+0000] {logging_mixin.py:188} INFO - [2026-09-25T17:31:16.928+0000] {dagbag.py:545} INFO - Filling up the DagBag from /home/airflow/.local/lib/python3.12/site-packages/airflow/example_dags/example_task_group.py
[2026-09-25T17:31:16.977+0000] {processor.py:840} INFO - DAG(s) 'example_task_group' retrieved from /home/airflow/.local/lib/python3.12/site-packages/airflow/example_dags/example_task_group.py
[2026-09-25T17:31:17.093+0000] {logging_mixin.py:188} INFO - [2026-09-25T17:31:17.092+0000] {dag.py:3096} INFO - Sync 1 DAGs
[2026-09-25T17:31:17.174+0000] {logging_mixin.py:188} INFO - [2026-09-25T17:31:17.173+0000] {dag.py:3954} INFO - Setting next_dagrun for example_task_group to 2026-09-24 00:00:00+00:00, run_after=2026-09-25 00:00:00+00:00
[2026-09-25T17:31:17.261+0000] {processor.py:183} INFO - Processing /home/airflow/.local/lib/python3.12/site-packages/airflow/example_dags/example_task_group.py took 0.378 seconds
