[2026-09-25T17:27:53.558+0000] {processor.py:161} INFO - Started process (PID=111) to work on /home/airflow/.local/lib/python3.12/site-packages/airflow/example_dags/example_short_circuit_operator.py
[2026-09-25T17:27:53.559+0000] {processor.py:830} INFO - Processing file /home/airflow/.local/lib/python3.12/site-packages/airflow/example_dags/example_short_circuit_operator.py for tasks to queue
[2026-09-25T17:27:53.564+0000] {logging_mixin.py:188} INFO - [2026-09-25T17:27:53.563+0000] {dagbag.py:545} INFO - Filling up the DagBag from /home/airflow/.local/lib/python3.12/site-packages/airflow/example_dags/example_short_circuit_operator.py
[2026-09-25T17:27:53.598+0000] {processor.py:840} INFO - DAG(s) 'example_short_circuit_operator' retrieved from /home/airflow/.local/lib/python3.12/site-packages/airflow/example_dags/example_short_circuit_operator.py
[2026-09-25T17:27:54.041+0000] {logging_mixin.py:188} INFO - [2026-09-25T17:27:54.040+0000] {dag.py:3096} INFO - Sync 1 DAGs
[2026-09-25T17:27:54.107+0000] {logging_mixin.py:188} INFO - [2026-09-25T17:27:54.106+0000] {dag.py:3954} INFO - Setting next_dagrun for example_short_circuit_operator to 2026-09-24 00:00:00+00:00, run_after=2026-09-25 00:00:00+00:00
[2026-09-25T17:27:54.177+0000] {processor.py:183} INFO - Processing /home/airflow/.local/lib/python3.12/site-packages/airflow/example_dags/example_short_circuit_operator.py took 0.638 seconds
[2026-09-25T17:28:31.400+0000] {processor.py:161} INFO - Started process (PID=169) to work on /home/airflow/.local/lib/python3.12/site-packages/airflow/example_dags/example_short_circuit_operator.py
[2026-09-25T17:28:31.402+0000] {processor.py:830} INFO - Processing file /home/airflow/.local/lib/python3.12/site-packages/airflow/example_dags/example_short_circuit_operator.py for tasks to queue
[2026-09-25T17:28:31.408+0000] {logging_mixin.py:188} INFO - [2026-09-25T17:28:31.407+0000] {dagbag.py:545} INFO - Filling up the DagBag from /home/airflow/.local/lib/python3.12/site-packages/airflow/example_dags/example_short_circuit_operator.py
[2026-09-25T17:28:31.436+0000] {processor.py:840} INFO - DAG(s) 'example_short_circuit_operator' retrieved from /home/airflow/.local/lib/python3.12/site-packages/airflow/example_dags/example_short_circuit_operator.py
[2026-09-25T17:28:31.590+0000] {logging_mixin.py:188} INFO - [2026-09-25T17:28:31.589+0000] {dag.py:3096} INFO - Sync 1 DAGs
[2026-09-25T17:28:31.808+0000] {logging_mixin.py:188} INFO - [2026-09-25T17:28:31.803+0000] {dag.py:3954} INFO - Setting next_dagrun for example_short_circuit_operator to 2026-09-24 00:00:00+00:00, run_after=2026-09-25 00:00:00+00:00
[2026-09-25T17:28:31.975+0000] {processor.py:183} INFO - Processing /home/airflow/.local/lib/python3.12/site-packages/airflow/example_dags/example_short_circuit_operator.py took 0.596 seconds
[2026-09-25T17:29:02.912+0000] {processor.py:161} INFO - Started process (PID=227) to work on /home/airflow/.local/lib/python3.12/site-packages/airflow/example_dags/example_short_circuit_operator.py
[2026-09-25T17:29:02.915+0000] {processor.py:830} INFO - Processing file /home/airflow/.local/lib/python3.12/site-packages/airflow/example_dags/example_short_circuit_operator.py for tasks to queue
[2026-09-25T17:29:02.921+0000] {logging_mixin.py:188} INFO - [2026-09-25T17:29:02.920+0000] {dagbag.py:545} INFO - Filling up the DagBag from /home/airflow/.local/lib/python3.12/site-packages/airflow/example_dags/example_short_circuit_operator.py
[2026-09-25T17:29:02.948+0000] {processor.py:840} INFO - DAG(s) 'example_short_circuit_operator' retrieved from /home/airflow/.local/lib/python3.12/site-packages/airflow/example_dags/example_short_circuit_operator.py
[2026-09-25T17:29:03.035+0000] {logging_mixin.py:188} INFO - [2026-09-25T17:29:03.035+0000] {dag.py:3096} INFO - Sync 1 DAGs
[2026-09-25T17:29:03.137+0000] {logging_mixin.py:188} INFO - [2026-09-25T17:29:03.136+0000] {dag.py:3954} INFO - Setting next_dagrun for example_short_circuit_operator to 2026-09-24 00:00:00+00:00, run_after=2026-09-25 00:00:00+00:00
[2026-09-25T17:29:03.203+0000] {processor.py:183} INFO - Processing /home/airflow/.local/lib/python3.12/site-packages/airflow/example_dags/example_short_circuit_operator.py took 0.320 seconds
[2026-09-25T17:29:41.277+0000] {processor.py:161} INFO - Started process (PID=286) to work on /home/airflow/.local/lib/python3.12/site-packages/airflow/example_dags/example_short_circuit_operator.py
[2026-09-25T17:29:41.285+0000] {processor.py:830} INFO - Processing file /home/airflow/.local/lib/python3.12/site-packages/airflow/example_dags/example_short_circuit_operator.py for tasks to queue
[2026-09-25T17:29:41.289+0000] {logging_mixin.py:188} INFO - [2026-09-25T17:29:41.288+0000] {dagbag.py:545} INFO - Filling up the DagBag from /home/airflow/.local/lib/python3.12/site-packages/airflow/example_dags/example_short_circuit_operator.py
[2026-09-25T17:29:41.323+0000] {processor.py:840} INFO - DAG(s) 'example_short_circuit_operator' retrieved from /home/airflow/.local/lib/python3.12/site-packages/airflow/example_dags/example_short_circuit_operator.py
[2026-09-25T17:29:41.422+0000] {logging_mixin.py:188} INFO - [2026-09-25T17:29:41.421+0000] {dag.py:3096} INFO - Sync 1 DAGs
[2026-09-25T17:29:41.509+0000] {logging_mixin.py:188} INFO - [2026-09-25T17:29:41.508+0000] {dag.py:3954} INFO - Setting next_dagrun for example_short_circuit_operator to 2026-09-24 00:00:00+00:00, run_after=2026-09-25 00:00:00+00:00
[2026-09-25T17:29:41.577+0000] {processor.py:183} INFO - Processing /home/airflow/.local/lib/python3.12/site-packages/airflow/example_dags/example_short_circuit_operator.py took 0.318 seconds
[2026-09-25T17:30:13.036+0000] {processor.py:161} INFO - Started process (PID=344) to work on /home/airflow/.local/lib/python3.12/site-packages/airflow/example_dags/example_short_circuit_operator.py
[2026-09-25T17:30:13.039+0000] {processor.py:830} INFO - Processing file /home/airflow/.local/lib/python3.12/site-packages/airflow/example_dags/example_short_circuit_operator.py for tasks to queue
[2026-09-25T17:30:13.047+0000] {logging_mixin.py:188} INFO - [2026-09-25T17:30:13.046+0000] {dagbag.py:545} INFO - Filling up the DagBag from /home/airflow/.local/lib/python3.12/site-packages/airflow/example_dags/example_short_circuit_operator.py
[2026-09-25T17:30:13.083+0000] {processor.py:840} INFO - DAG(s) 'example_short_circuit_operator' retrieved from /home/airflow/.local/lib/python3.12/site-packages/airflow/example_dags/example_short_circuit_operator.py
[2026-09-25T17:30:13.234+0000] {logging_mixin.py:188} INFO - [2026-09-25T17:30:13.232+0000] {dag.py:3096} INFO - Sync 1 DAGs
[2026-09-25T17:30:13.347+0000] {logging_mixin.py:188} INFO - [2026-09-25T17:30:13.347+0000] {dag.py:3954} INFO - Setting next_dagrun for example_short_circuit_operator to 2026-09-24 00:00:00+00:00, run_after=2026-09-25 00:00:00+00:00
[2026-09-25T17:30:13.494+0000] {processor.py:183} INFO - Processing /home/airflow/.local/lib/python3.12/site-packages/airflow/example_dags/example_short_circuit_operator.py took 0.500 seconds
[2026-09-25T17:30:44.387+0000] {processor.py:161} INFO - Started process (PID=402) to work on /home/airflow/.local/lib/python3.12/site-packages/airflow/example_dags/example_short_circuit_operator.py
[2026-09-25T17:30:44.404+0000] {processor.py:830} INFO - Processing file /home/airflow/.local/lib/python3.12/site-packages/airflow/example_dags/example_short_circuit_operator.py for tasks to queue
[2026-09-25T17:30:44.419+0000] {logging_mixin.py:188} INFO - [2026-09-25T17:30:44.418+0000] {dagbag.py:545} INFO - Filling up the DagBag from /home/airflow/.local/lib/python3.12/site-packages/airflow/example_dags/example_short_circuit_operator.py
[2026-09-25T17:30:44.516+0000] {processor.py:840} INFO - DAG(s) 'example_short_circuit_operator' retrieved from /home/airflow/.local/lib/python3.12/site-packages/airflow/example_dags/example_short_circuit_operator.py
[2026-09-25T17:30:44.678+0000] {logging_mixin.py:188} INFO - [2026-09-25T17:30:44.677+0000] {dag.py:3096} INFO - Sync 1 DAGs
[2026-09-25T17:30:44.768+0000] {logging_mixin.py:188} INFO - [2026-09-25T17:30:44.768+0000] {dag.py:3954} INFO - Setting next_dagrun for example_short_circuit_operator to 2026-09-24 00:00:00+00:00, run_after=2026-09-25 00:00:00+00:00
[2026-09-25T17:30:44.865+0000] {processor.py:183} INFO - Processing /home/airflow/.local/lib/python3.12/site-packages/airflow/example_dags/example_short_circuit_operator.py took 0.501 seconds
[2026-09-25T17:31:15.234+0000] {processor.py:161} INFO - Started process (PID=460) to work on /home/airflow/.local/lib/python3.12/site-packages/airflow/example_dags/example_short_circuit_operator.py
[2026-09-25T17:31:15.236+0000] {processor.py:830} INFO - Processing file /home/airflow/.local/lib/python3.12/site-packages/airflow/example_dags/example_short_circuit_operator.py for tasks to queue
[2026-09-25T17:31:15.243+0000] {logging_mixin.py:188} INFO - [2026-09-25T17:31:15.242+0000] {dagbag.py:545} INFO - Filling up the DagBag from /home/airflow/.local/lib/python3.12/site-packages/airflow/example_dags/example_short_circuit_operator.py
[2026-09-25T17:31:15.266+0000] {processor.py:840} INFO - DAG(s) 'example_short_circuit_operator' retrieved from /home/airflow/.local/lib/python3.12/site-packages/airflow/example_dags/example_short_circuit_operator.py
[2026-09-25T17:31:15.333+0000] {logging_mixin.py:188} INFO - [2026-09-25T17:31:15.332+0000] {dag.py:3096} INFO - Sync 1 DAGs
[2026-09-25T17:31:15.401+0000] {logging_mixin.py:188} INFO - [2026-09-25T17:31:15.401+0000] {dag.py:3954} INFO - Setting next_dagrun for example_short_circuit_operator to 2026-09-24 00:00:00+00:00, run_after=2026-09-25 00:00:00+00:00
[2026-09-25T17:31:15.460+0000] {processor.py:183} INFO - Processing /home/airflow/.local/lib/python3.12/site-packages/airflow/example_dags/example_short_circuit_operator.py took 0.244 seconds
