[2026-09-25T17:27:33.845+0000] {processor.py:161} INFO - Started process (PID=82) to work on /home/airflow/.local/lib/python3.12/site-packages/airflow/example_dags/example_complex.py
[2026-09-25T17:27:33.848+0000] {processor.py:830} INFO - Processing file /home/airflow/.local/lib/python3.12/site-packages/airflow/example_dags/example_complex.py for tasks to queue
[2026-09-25T17:27:33.868+0000] {logging_mixin.py:188} INFO - [2026-09-25T17:27:33.867+0000] {dagbag.py:545} INFO - Filling up the DagBag from /home/airflow/.local/lib/python3.12/site-packages/airflow/example_dags/example_complex.py
[2026-09-25T17:27:34.075+0000] {processor.py:840} INFO - DAG(s) 'example_complex' retrieved from /home/airflow/.local/lib/python3.12/site-packages/airflow/example_dags/example_complex.py
[2026-09-25T17:27:34.959+0000] {logging_mixin.py:188} INFO - [2026-09-25T17:27:34.958+0000] {dag.py:3096} INFO - Sync 1 DAGs
[2026-09-25T17:27:35.000+0000] {logging_mixin.py:188} INFO - [2026-09-25T17:27:34.999+0000] {dag.py:3954} INFO - Setting next_dagrun for example_complex to None, run_after=None
[2026-09-25T17:27:35.158+0000] {processor.py:183} INFO - Processing /home/airflow/.local/lib/python3.12/site-packages/airflow/example_dags/example_complex.py took 1.407 seconds
[2026-09-25T17:28:16.633+0000] {processor.py:161} INFO - Started process (PID=147) to work on /home/airflow/.local/lib/python3.12/site-packages/airflow/example_dags/example_complex.py
[2026-09-25T17:28:16.635+0000] {processor.py:830} INFO - Processing file /home/airflow/.local/lib/python3.12/site-packages/airflow/example_dags/example_complex.py for tasks to queue
[2026-09-25T17:28:16.640+0000] {logging_mixin.py:188} INFO - [2026-09-25T17:28:16.639+0000] {dagbag.py:545} INFO - Filling up the DagBag from /home/airflow/.local/lib/python3.12/site-packages/airflow/example_dags/example_complex.py
[2026-09-25T17:28:16.797+0000] {processor.py:840} INFO - DAG(s) 'example_complex' retrieved from /home/airflow/.local/lib/python3.12/site-packages/airflow/example_dags/example_complex.py
[2026-09-25T17:28:17.203+0000] {logging_mixin.py:188} INFO - [2026-09-25T17:28:17.203+0000] {dag.py:3096} INFO - Sync 1 DAGs
[2026-09-25T17:28:17.252+0000] {logging_mixin.py:188} INFO - [2026-09-25T17:28:17.251+0000] {dag.py:3954} INFO - Setting next_dagrun for example_complex to None, run_after=None
[2026-09-25T17:28:17.459+0000] {processor.py:183} INFO - Processing /home/airflow/.local/lib/python3.12/site-packages/airflow/example_dags/example_complex.py took 0.844 seconds
[2026-09-25T17:28:47.954+0000] {processor.py:161} INFO - Started process (PID=203) to work on /home/airflow/.local/lib/python3.12/site-packages/airflow/example_dags/example_complex.py
[2026-09-25T17:28:47.956+0000] {processor.py:830} INFO - Processing file /home/airflow/.local/lib/python3.12/site-packages/airflow/example_dags/example_complex.py for tasks to queue
[2026-09-25T17:28:47.961+0000] {logging_mixin.py:188} INFO - [2026-09-25T17:28:47.961+0000] {dagbag.py:545} INFO - Filling up the DagBag from /home/airflow/.local/lib/python3.12/site-packages/airflow/example_dags/example_complex.py
[2026-09-25T17:28:48.049+0000] {processor.py:840} INFO - DAG(s) 'example_complex' retrieved from /home/airflow/.local/lib/python3.12/site-packages/airflow/example_dags/example_complex.py
[2026-09-25T17:28:48.270+0000] {logging_mixin.py:188} INFO - [2026-09-25T17:28:48.269+0000] {dag.py:3096} INFO - Sync 1 DAGs
[2026-09-25T17:28:48.347+0000] {logging_mixin.py:188} INFO - [2026-09-25T17:28:48.347+0000] {dag.py:3954} INFO - Setting next_dagrun for example_complex to None, run_after=None
[2026-09-25T17:28:48.509+0000] {processor.py:183} INFO - Processing /home/airflow/.local/lib/python3.12/site-packages/airflow/example_dags/example_complex.py took 0.571 seconds
[2026-09-25T17:29:18.703+0000] {processor.py:161} INFO - Started process (PID=261) to work on /home/airflow/.local/lib/python3.12/site-packages/airflow/example_dags/example_complex.py
[2026-09-25T17:29:18.705+0000] {processor.py:830} INFO - Processing file /home/airflow/.local/lib/python3.12/site-packages/airflow/example_dags/example_complex.py for tasks to queue
[2026-09-25T17:29:18.709+0000] {logging_mixin.py:188} INFO - [2026-09-25T17:29:18.708+0000] {dagbag.py:545} INFO - Filling up the DagBag from /home/airflow/.local/lib/python3.12/site-packages/airflow/example_dags/example_complex.py
[2026-09-25T17:29:18.742+0000] {processor.py:840} INFO - DAG(s) 'example_complex' retrieved from /home/airflow/.local/lib/python3.12/site-packages/airflow/example_dags/example_complex.py
[2026-09-25T17:29:18.854+0000] {logging_mixin.py:188} INFO - [2026-09-25T17:29:18.854+0000] {dag.py:3096} INFO - Sync 1 DAGs
[2026-09-25T17:29:18.897+0000] {logging_mixin.py:188} INFO - [2026-09-25T17:29:18.897+0000] {dag.py:3954} INFO - Setting next_dagrun for example_complex to None, run_after=None
[2026-09-25T17:29:18.953+0000] {processor.py:183} INFO - Processing /home/airflow/.local/lib/python3.12/site-packages/airflow/example_dags/example_complex.py took 0.265 seconds
[2026-09-25T17:29:49.211+0000] {processor.py:161} INFO - Started process (PID=319) to work on /home/airflow/.local/lib/python3.12/site-packages/airflow/example_dags/example_complex.py
[2026-09-25T17:29:49.215+0000] {processor.py:830} INFO - Processing file /home/airflow/.local/lib/python3.12/site-packages/airflow/example_dags/example_complex.py for tasks to queue
[2026-09-25T17:29:49.222+0000] {logging_mixin.py:188} INFO - [2026-09-25T17:29:49.220+0000] {dagbag.py:545} INFO - Filling up the DagBag from /home/airflow/.local/lib/python3.12/site-packages/airflow/example_dags/example_complex.py
[2026-09-25T17:29:49.257+0000] {processor.py:840} INFO - DAG(s) 'example_complex' retrieved from /home/airflow/.local/lib/python3.12/site-packages/airflow/example_dags/example_complex.py
[2026-09-25T17:29:49.360+0000] {logging_mixin.py:188} INFO - [2026-09-25T17:29:49.360+0000] {dag.py:3096} INFO - Sync 1 DAGs
[2026-09-25T17:29:49.407+0000] {logging_mixin.py:188} INFO - [2026-09-25T17:29:49.406+0000] {dag.py:3954} INFO - Setting next_dagrun for example_complex to None, run_after=None
[2026-09-25T17:29:49.487+0000] {processor.py:183} INFO - Processing /home/airflow/.local/lib/python3.12/site-packages/airflow/example_dags/example_complex.py took 0.304 seconds
[2026-09-25T17:30:21.753+0000] {processor.py:161} INFO - Started process (PID=377) to work on /home/airflow/.local/lib/python3.12/site-packages/airflow/example_dags/example_complex.py
[2026-09-25T17:30:21.756+0000] {processor.py:830} INFO - Processing file /home/airflow/.local/lib/python3.12/site-packages/airflow/example_dags/example_complex.py for tasks to queue
[2026-09-25T17:30:21.761+0000] {logging_mixin.py:188} INFO - [2026-09-25T17:30:21.760+0000] {dagbag.py:545} INFO - Filling up the DagBag from /home/airflow/.local/lib/python3.12/site-packages/airflow/example_dags/example_complex.py
[2026-09-25T17:30:21.813+0000] {processor.py:840} INFO - DAG(s) 'example_complex' retrieved from /home/airflow/.local/lib/python3.12/site-packages/airflow/example_dags/example_complex.py
[2026-09-25T17:30:21.945+0000] {logging_mixin.py:188} INFO - [2026-09-25T17:30:21.944+0000] {dag.py:3096} INFO - Sync 1 DAGs
[2026-09-25T17:30:21.991+0000] {logging_mixin.py:188} INFO - [2026-09-25T17:30:21.991+0000] {dag.py:3954} INFO - Setting next_dagrun for example_complex to None, run_after=None
[2026-09-25T17:30:22.077+0000] {processor.py:183} INFO - Processing /home/airflow/.local/lib/python3.12/site-packages/airflow/example_dags/example_complex.py took 0.349 seconds
[2026-09-25T17:30:52.923+0000] {processor.py:161} INFO - Started process (PID=432) to work on /home/airflow/.local/lib/python3.12/site-packages/airflow/example_dags/example_complex.py
[2026-09-25T17:30:52.939+0000] {processor.py:830} INFO - Processing file /home/airflow/.local/lib/python3.12/site-packages/airflow/example_dags/example_complex.py for tasks to queue
[2026-09-25T17:30:52.946+0000] {logging_mixin.py:188} INFO - [2026-09-25T17:30:52.945+0000] {dagbag.py:545} INFO - Filling up the DagBag from /home/airflow/.local/lib/python3.12/site-packages/airflow/example_dags/example_complex.py
[2026-09-25T17:30:53.018+0000] {processor.py:840} INFO - DAG(s) 'example_complex' retrieved from /home/airflow/.local/lib/python3.12/site-packages/airflow/example_dags/example_complex.py
[2026-09-25T17:30:53.235+0000] {logging_mixin.py:188} INFO - [2026-09-25T17:30:53.232+0000] {dag.py:3096} INFO - Sync 1 DAGs
[2026-09-25T17:30:53.289+0000] {logging_mixin.py:188} INFO - [2026-09-25T17:30:53.288+0000] {dag.py:3954} INFO - Setting next_dagrun for example_complex to None, run_after=None
[2026-09-25T17:30:53.381+0000] {processor.py:183} INFO - Processing /home/airflow/.local/lib/python3.12/site-packages/airflow/example_dags/example_complex.py took 0.478 seconds
[2026-09-25T17:31:24.352+0000] {processor.py:161} INFO - Started process (PID=490) to work on /home/airflow/.local/lib/python3.12/site-packages/airflow/example_dags/example_complex.py
[2026-09-25T17:31:24.355+0000] {processor.py:830} INFO - Processing file /home/airflow/.local/lib/python3.12/site-packages/airflow/example_dags/example_complex.py for tasks to queue
[2026-09-25T17:31:24.361+0000] {logging_mixin.py:188} INFO - [2026-09-25T17:31:24.361+0000] {dagbag.py:545} INFO - Filling up the DagBag from /home/airflow/.local/lib/python3.12/site-packages/airflow/example_dags/example_complex.py
[2026-09-25T17:31:24.387+0000] {processor.py:840} INFO - DAG(s) 'example_complex' retrieved from /home/airflow/.local/lib/python3.12/site-packages/airflow/example_dags/example_complex.py
[2026-09-25T17:31:24.469+0000] {logging_mixin.py:188} INFO - [2026-09-25T17:31:24.469+0000] {dag.py:3096} INFO - Sync 1 DAGs
[2026-09-25T17:31:24.507+0000] {logging_mixin.py:188} INFO - [2026-09-25T17:31:24.506+0000] {dag.py:3954} INFO - Setting next_dagrun for example_complex to None, run_after=None
[2026-09-25T17:31:24.555+0000] {processor.py:183} INFO - Processing /home/airflow/.local/lib/python3.12/site-packages/airflow/example_dags/example_complex.py took 0.219 seconds
