[2026-09-25T17:27:54.242+0000] {processor.py:161} INFO - Started process (PID=113) to work on /home/airflow/.local/lib/python3.12/site-packages/airflow/example_dags/example_sla_dag.py
[2026-09-25T17:27:54.244+0000] {processor.py:830} INFO - Processing file /home/airflow/.local/lib/python3.12/site-packages/airflow/example_dags/example_sla_dag.py for tasks to queue
[2026-09-25T17:27:54.249+0000] {logging_mixin.py:188} INFO - [2026-09-25T17:27:54.248+0000] {dagbag.py:545} INFO - Filling up the DagBag from /home/airflow/.local/lib/python3.12/site-packages/airflow/example_dags/example_sla_dag.py
[2026-09-25T17:27:54.278+0000] {processor.py:840} INFO - DAG(s) 'example_sla_dag' retrieved from /home/airflow/.local/lib/python3.12/site-packages/airflow/example_dags/example_sla_dag.py
[2026-09-25T17:27:55.120+0000] {logging_mixin.py:188} INFO - [2026-09-25T17:27:55.119+0000] {dag.py:3096} INFO - Sync 1 DAGs
[2026-09-25T17:27:55.253+0000] {logging_mixin.py:188} INFO - [2026-09-25T17:27:55.252+0000] {dag.py:3954} INFO - Setting next_dagrun for example_sla_dag to 2026-09-25 17:24:00+00:00, run_after=2026-09-25 17:26:00+00:00
[2026-09-25T17:27:55.408+0000] {processor.py:183} INFO - Processing /home/airflow/.local/lib/python3.12/site-packages/airflow/example_dags/example_sla_dag.py took 1.182 seconds
[2026-09-25T17:28:32.069+0000] {processor.py:161} INFO - Started process (PID=171) to work on /home/airflow/.local/lib/python3.12/site-packages/airflow/example_dags/example_sla_dag.py
[2026-09-25T17:28:32.071+0000] {processor.py:830} INFO - Processing file /home/airflow/.local/lib/python3.12/site-packages/airflow/example_dags/example_sla_dag.py for tasks to queue
[2026-09-25T17:28:32.078+0000] {logging_mixin.py:188} INFO - [2026-09-25T17:28:32.077+0000] {dagbag.py:545} INFO - Filling up the DagBag from /home/airflow/.local/lib/python3.12/site-packages/airflow/example_dags/example_sla_dag.py
[2026-09-25T17:28:32.135+0000] {processor.py:840} INFO - DAG(s) 'example_sla_dag' retrieved from /home/airflow/.local/lib/python3.12/site-packages/airflow/example_dags/example_sla_dag.py
[2026-09-25T17:28:32.380+0000] {logging_mixin.py:188} INFO - [2026-09-25T17:28:32.379+0000] {dag.py:3096} INFO - Sync 1 DAGs
[2026-09-25T17:28:32.515+0000] {logging_mixin.py:188} INFO - [2026-09-25T17:28:32.515+0000] {dag.py:3954} INFO - Setting next_dagrun for example_sla_dag to 2026-09-25 17:26:00+00:00, run_after=2026-09-25 17:28:00+00:00
[2026-09-25T17:28:32.669+0000] {processor.py:183} INFO - Processing /home/airflow/.local/lib/python3.12/site-packages/airflow/example_dags/example_sla_dag.py took 0.630 seconds
[2026-09-25T17:29:03.286+0000] {processor.py:161} INFO - Started process (PID=229) to work on /home/airflow/.local/lib/python3.12/site-packages/airflow/example_dags/example_sla_dag.py
[2026-09-25T17:29:03.288+0000] {processor.py:830} INFO - Processing file /home/airflow/.local/lib/python3.12/site-packages/airflow/example_dags/example_sla_dag.py for tasks to queue
[2026-09-25T17:29:03.294+0000] {logging_mixin.py:188} INFO - [2026-09-25T17:29:03.293+0000] {dagbag.py:545} INFO - Filling up the DagBag from /home/airflow/.local/lib/python3.12/site-packages/airflow/example_dags/example_sla_dag.py
[2026-09-25T17:29:03.323+0000] {processor.py:840} INFO - DAG(s) 'example_sla_dag' retrieved from /home/airflow/.local/lib/python3.12/site-packages/airflow/example_dags/example_sla_dag.py
[2026-09-25T17:29:03.387+0000] {logging_mixin.py:188} INFO - [2026-09-25T17:29:03.386+0000] {dag.py:3096} INFO - Sync 1 DAGs
[2026-09-25T17:29:03.483+0000] {logging_mixin.py:188} INFO - [2026-09-25T17:29:03.482+0000] {dag.py:3954} INFO - Setting next_dagrun for example_sla_dag to 2026-09-25 17:26:00+00:00, run_after=2026-09-25 17:28:00+00:00
[2026-09-25T17:29:03.554+0000] {processor.py:183} INFO - Processing /home/airflow/.local/lib/python3.12/site-packages/airflow/example_dags/example_sla_dag.py took 0.289 seconds
[2026-09-25T17:29:41.672+0000] {processor.py:161} INFO - Started process (PID=288) to work on /home/airflow/.local/lib/python3.12/site-packages/airflow/example_dags/example_sla_dag.py
[2026-09-25T17:29:41.676+0000] {processor.py:830} INFO - Processing file /home/airflow/.local/lib/python3.12/site-packages/airflow/example_dags/example_sla_dag.py for tasks to queue
[2026-09-25T17:29:41.682+0000] {logging_mixin.py:188} INFO - [2026-09-25T17:29:41.681+0000] {dagbag.py:545} INFO - Filling up the DagBag from /home/airflow/.local/lib/python3.12/site-packages/airflow/example_dags/example_sla_dag.py
[2026-09-25T17:29:41.714+0000] {processor.py:840} INFO - DAG(s) 'example_sla_dag' retrieved from /home/airflow/.local/lib/python3.12/site-packages/airflow/example_dags/example_sla_dag.py
[2026-09-25T17:29:41.808+0000] {logging_mixin.py:188} INFO - [2026-09-25T17:29:41.805+0000] {dag.py:3096} INFO - Sync 1 DAGs
[2026-09-25T17:29:41.916+0000] {logging_mixin.py:188} INFO - [2026-09-25T17:29:41.915+0000] {dag.py:3954} INFO - Setting next_dagrun for example_sla_dag to 2026-09-25 17:26:00+00:00, run_after=2026-09-25 17:28:00+00:00
[2026-09-25T17:29:41.998+0000] {processor.py:183} INFO - Processing /home/airflow/.local/lib/python3.12/site-packages/airflow/example_dags/example_sla_dag.py took 0.348 seconds
[2026-09-25T17:30:13.736+0000] {processor.py:161} INFO - Started process (PID=346) to work on /home/airflow/.local/lib/python3.12/site-packages/airflow/example_dags/example_sla_dag.py
[2026-09-25T17:30:13.738+0000] {processor.py:830} INFO - Processing file /home/airflow/.local/lib/python3.12/site-packages/airflow/example_dags/example_sla_dag.py for tasks to queue
[2026-09-25T17:30:13.744+0000] {logging_mixin.py:188} INFO - [2026-09-25T17:30:13.743+0000] {dagbag.py:545} INFO - Filling up the DagBag from /home/airflow/.local/lib/python3.12/site-packages/airflow/example_dags/example_sla_dag.py
[2026-09-25T17:30:13.792+0000] {processor.py:840} INFO - DAG(s) 'example_sla_dag' retrieved from /home/airflow/.local/lib/python3.12/site-packages/airflow/example_dags/example_sla_dag.py
[2026-09-25T17:30:13.885+0000] {logging_mixin.py:188} INFO - [2026-09-25T17:30:13.884+0000] {dag.py:3096} INFO - Sync 1 DAGs
[2026-09-25T17:30:13.984+0000] {logging_mixin.py:188} INFO - [2026-09-25T17:30:13.983+0000] {dag.py:3954} INFO - Setting next_dagrun for example_sla_dag to 2026-09-25 17:28:00+00:00, run_after=2026-09-25 17:30:00+00:00
[2026-09-25T17:30:14.099+0000] {processor.py:183} INFO - Processing /home/airflow/.local/lib/python3.12/site-packages/airflow/example_dags/example_sla_dag.py took 0.393 seconds
[2026-09-25T17:30:45.052+0000] {processor.py:161} INFO - Started process (PID=404) to work on /home/airflow/.local/lib/python3.12/site-packages/airflow/example_dags/example_sla_dag.py
[2026-09-25T17:30:45.055+0000] {processor.py:830} INFO - Processing file /home/airflow/.local/lib/python3.12/site-packages/airflow/example_dags/example_sla_dag.py for tasks to queue
[2026-09-25T17:30:45.064+0000] {logging_mixin.py:188} INFO - [2026-09-25T17:30:45.063+0000] {dagbag.py:545} INFO - Filling up the DagBag from /home/airflow/.local/lib/python3.12/site-packages/airflow/example_dags/example_sla_dag.py
[2026-09-25T17:30:45.119+0000] {processor.py:840} INFO - DAG(s) 'example_sla_dag' retrieved from /home/airflow/.local/lib/python3.12/site-packages/airflow/example_dags/example_sla_dag.py
[2026-09-25T17:30:45.395+0000] {logging_mixin.py:188} INFO - [2026-09-25T17:30:45.393+0000] {dag.py:3096} INFO - Sync 1 DAGs
[2026-09-25T17:30:46.101+0000] {logging_mixin.py:188} INFO - [2026-09-25T17:30:46.098+0000] {dag.py:3954} INFO - Setting next_dagrun for example_sla_dag to 2026-09-25 17:28:00+00:00, run_after=2026-09-25 17:30:00+00:00
[2026-09-25T17:30:46.438+0000] {processor.py:183} INFO - Processing /home/airflow/.local/lib/python3.12/site-packages/airflow/example_dags/example_sla_dag.py took 1.427 seconds
[2026-09-25T17:31:16.885+0000] {processor.py:161} INFO - Started process (PID=468) to work on /home/airflow/.local/lib/python3.12/site-packages/airflow/example_dags/example_sla_dag.py
[2026-09-25T17:31:16.894+0000] {processor.py:830} INFO - Processing file /home/airflow/.local/lib/python3.12/site-packages/airflow/example_dags/example_sla_dag.py for tasks to queue
[2026-09-25T17:31:16.905+0000] {logging_mixin.py:188} INFO - [2026-09-25T17:31:16.903+0000] {dagbag.py:545} INFO - Filling up the DagBag from /home/airflow/.local/lib/python3.12/site-packages/airflow/example_dags/example_sla_dag.py
[2026-09-25T17:31:16.960+0000] {processor.py:840} INFO - DAG(s) 'example_sla_dag' retrieved from /home/airflow/.local/lib/python3.12/site-packages/airflow/example_dags/example_sla_dag.py
[2026-09-25T17:31:17.069+0000] {logging_mixin.py:188} INFO - [2026-09-25T17:31:17.068+0000] {dag.py:3096} INFO - Sync 1 DAGs
[2026-09-25T17:31:17.167+0000] {logging_mixin.py:188} INFO - [2026-09-25T17:31:17.166+0000] {dag.py:3954} INFO - Setting next_dagrun for example_sla_dag to 2026-09-25 17:28:00+00:00, run_after=2026-09-25 17:30:00+00:00
[2026-09-25T17:31:17.237+0000] {processor.py:183} INFO - Processing /home/airflow/.local/lib/python3.12/site-packages/airflow/example_dags/example_sla_dag.py took 0.381 seconds
