[2026-09-25T17:27:26.180+0000] {processor.py:161} INFO - Started process (PID=75) to work on /home/airflow/.local/lib/python3.12/site-packages/airflow/example_dags/example_bash_operator.py
[2026-09-25T17:27:26.186+0000] {processor.py:830} INFO - Processing file /home/airflow/.local/lib/python3.12/site-packages/airflow/example_dags/example_bash_operator.py for tasks to queue
[2026-09-25T17:27:26.204+0000] {logging_mixin.py:188} INFO - [2026-09-25T17:27:26.200+0000] {dagbag.py:545} INFO - Filling up the DagBag from /home/airflow/.local/lib/python3.12/site-packages/airflow/example_dags/example_bash_operator.py
[2026-09-25T17:27:26.382+0000] {processor.py:840} INFO - DAG(s) 'example_bash_operator' retrieved from /home/airflow/.local/lib/python3.12/site-packages/airflow/example_dags/example_bash_operator.py
[2026-09-25T17:27:28.910+0000] {logging_mixin.py:188} INFO - [2026-09-25T17:27:28.909+0000] {dag.py:3096} INFO - Sync 1 DAGs
[2026-09-25T17:27:28.990+0000] {logging_mixin.py:188} INFO - [2026-09-25T17:27:28.989+0000] {dag.py:3954} INFO - Setting next_dagrun for example_bash_operator to 2026-09-24 00:00:00+00:00, run_after=2026-09-25 00:00:00+00:00
[2026-09-25T17:27:29.117+0000] {processor.py:183} INFO - Processing /home/airflow/.local/lib/python3.12/site-packages/airflow/example_dags/example_bash_operator.py took 3.022 seconds
[2026-09-25T17:28:08.709+0000] {processor.py:161} INFO - Started process (PID=134) to work on /home/airflow/.local/lib/python3.12/site-packages/airflow/example_dags/example_bash_operator.py
[2026-09-25T17:28:08.711+0000] {processor.py:830} INFO - Processing file /home/airflow/.local/lib/python3.12/site-packages/airflow/example_dags/example_bash_operator.py for tasks to queue
[2026-09-25T17:28:08.716+0000] {logging_mixin.py:188} INFO - [2026-09-25T17:28:08.715+0000] {dagbag.py:545} INFO - Filling up the DagBag from /home/airflow/.local/lib/python3.12/site-packages/airflow/example_dags/example_bash_operator.py
[2026-09-25T17:28:08.768+0000] {processor.py:840} INFO - DAG(s) 'example_bash_operator' retrieved from /home/airflow/.local/lib/python3.12/site-packages/airflow/example_dags/example_bash_operator.py
[2026-09-25T17:28:08.929+0000] {logging_mixin.py:188} INFO - [2026-09-25T17:28:08.928+0000] {dag.py:3096} INFO - Sync 1 DAGs
[2026-09-25T17:28:09.168+0000] {logging_mixin.py:188} INFO - [2026-09-25T17:28:09.165+0000] {dag.py:3954} INFO - Setting next_dagrun for example_bash_operator to 2026-09-24 00:00:00+00:00, run_after=2026-09-25 00:00:00+00:00
[2026-09-25T17:28:09.240+0000] {processor.py:183} INFO - Processing /home/airflow/.local/lib/python3.12/site-packages/airflow/example_dags/example_bash_operator.py took 0.549 seconds
[2026-09-25T17:28:39.791+0000] {processor.py:161} INFO - Started process (PID=190) to work on /home/airflow/.local/lib/python3.12/site-packages/airflow/example_dags/example_bash_operator.py
[2026-09-25T17:28:39.793+0000] {processor.py:830} INFO - Processing file /home/airflow/.local/lib/python3.12/site-packages/airflow/example_dags/example_bash_operator.py for tasks to queue
[2026-09-25T17:28:39.798+0000] {logging_mixin.py:188} INFO - [2026-09-25T17:28:39.797+0000] {dagbag.py:545} INFO - Filling up the DagBag from /home/airflow/.local/lib/python3.12/site-packages/airflow/example_dags/example_bash_operator.py
[2026-09-25T17:28:39.840+0000] {processor.py:840} INFO - DAG(s) 'example_bash_operator' retrieved from /home/airflow/.local/lib/python3.12/site-packages/airflow/example_dags/example_bash_operator.py
[2026-09-25T17:28:39.975+0000] {logging_mixin.py:188} INFO - [2026-09-25T17:28:39.974+0000] {dag.py:3096} INFO - Sync 1 DAGs
[2026-09-25T17:28:40.131+0000] {logging_mixin.py:188} INFO - [2026-09-25T17:28:40.130+0000] {dag.py:3954} INFO - Setting next_dagrun for example_bash_operator to 2026-09-24 00:00:00+00:00, run_after=2026-09-25 00:00:00+00:00
[2026-09-25T17:28:40.202+0000] {processor.py:183} INFO - Processing /home/airflow/.local/lib/python3.12/site-packages/airflow/example_dags/example_bash_operator.py took 0.435 seconds
[2026-09-25T17:29:11.020+0000] {processor.py:161} INFO - Started process (PID=248) to work on /home/airflow/.local/lib/python3.12/site-packages/airflow/example_dags/example_bash_operator.py
[2026-09-25T17:29:11.022+0000] {processor.py:830} INFO - Processing file /home/airflow/.local/lib/python3.12/site-packages/airflow/example_dags/example_bash_operator.py for tasks to queue
[2026-09-25T17:29:11.028+0000] {logging_mixin.py:188} INFO - [2026-09-25T17:29:11.027+0000] {dagbag.py:545} INFO - Filling up the DagBag from /home/airflow/.local/lib/python3.12/site-packages/airflow/example_dags/example_bash_operator.py
[2026-09-25T17:29:11.066+0000] {processor.py:840} INFO - DAG(s) 'example_bash_operator' retrieved from /home/airflow/.local/lib/python3.12/site-packages/airflow/example_dags/example_bash_operator.py
[2026-09-25T17:29:11.203+0000] {logging_mixin.py:188} INFO - [2026-09-25T17:29:11.202+0000] {dag.py:3096} INFO - Sync 1 DAGs
[2026-09-25T17:29:11.307+0000] {logging_mixin.py:188} INFO - [2026-09-25T17:29:11.306+0000] {dag.py:3954} INFO - Setting next_dagrun for example_bash_operator to 2026-09-24 00:00:00+00:00, run_after=2026-09-25 00:00:00+00:00
[2026-09-25T17:29:11.399+0000] {processor.py:183} INFO - Processing /home/airflow/.local/lib/python3.12/site-packages/airflow/example_dags/example_bash_operator.py took 0.402 seconds
[2026-09-25T17:29:45.079+0000] {processor.py:161} INFO - Started process (PID=312) to work on /home/airflow/.local/lib/python3.12/site-packages/airflow/example_dags/example_bash_operator.py
[2026-09-25T17:29:45.083+0000] {processor.py:830} INFO - Processing file /home/airflow/.local/lib/python3.12/site-packages/airflow/example_dags/example_bash_operator.py for tasks to queue
[2026-09-25T17:29:45.089+0000] {logging_mixin.py:188} INFO - [2026-09-25T17:29:45.088+0000] {dagbag.py:545} INFO - Filling up the DagBag from /home/airflow/.local/lib/python3.12/site-packages/airflow/example_dags/example_bash_operator.py
[2026-09-25T17:29:45.131+0000] {processor.py:840} INFO - DAG(s) 'example_bash_operator' retrieved from /home/airflow/.local/lib/python3.12/site-packages/airflow/example_dags/example_bash_operator.py
[2026-09-25T17:29:45.238+0000] {logging_mixin.py:188} INFO - [2026-09-25T17:29:45.237+0000] {dag.py:3096} INFO - Sync 1 DAGs
[2026-09-25T17:29:45.317+0000] {logging_mixin.py:188} INFO - [2026-09-25T17:29:45.317+0000] {dag.py:3954} INFO - Setting next_dagrun for example_bash_operator to 2026-09-24 00:00:00+00:00, run_after=2026-09-25 00:00:00+00:00
[2026-09-25T17:29:45.382+0000] {processor.py:183} INFO - Processing /home/airflow/.local/lib/python3.12/site-packages/airflow/example_dags/example_bash_operator.py took 0.330 seconds
[2026-09-25T17:30:18.144+0000] {processor.py:161} INFO - Started process (PID=363) to work on /home/airflow/.local/lib/python3.12/site-packages/airflow/example_dags/example_bash_operator.py
[2026-09-25T17:30:18.146+0000] {processor.py:830} INFO - Processing file /home/airflow/.local/lib/python3.12/site-packages/airflow/example_dags/example_bash_operator.py for tasks to queue
[2026-09-25T17:30:18.153+0000] {logging_mixin.py:188} INFO - [2026-09-25T17:30:18.152+0000] {dagbag.py:545} INFO - Filling up the DagBag from /home/airflow/.local/lib/python3.12/site-packages/airflow/example_dags/example_bash_operator.py
[2026-09-25T17:30:18.189+0000] {processor.py:840} INFO - DAG(s) 'example_bash_operator' retrieved from /home/airflow/.local/lib/python3.12/site-packages/airflow/example_dags/example_bash_operator.py
[2026-09-25T17:30:18.306+0000] {logging_mixin.py:188} INFO - [2026-09-25T17:30:18.305+0000] {dag.py:3096} INFO - Sync 1 DAGs
[2026-09-25T17:30:18.415+0000] {logging_mixin.py:188} INFO - [2026-09-25T17:30:18.415+0000] {dag.py:3954} INFO - Setting next_dagrun for example_bash_operator to 2026-09-24 00:00:00+00:00, run_after=2026-09-25 00:00:00+00:00
[2026-09-25T17:30:18.515+0000] {processor.py:183} INFO - Processing /home/airflow/.local/lib/python3.12/site-packages/airflow/example_dags/example_bash_operator.py took 0.398 seconds
[2026-09-25T17:30:49.451+0000] {processor.py:161} INFO - Started process (PID=419) to work on /home/airflow/.local/lib/python3.12/site-packages/airflow/example_dags/example_bash_operator.py
[2026-09-25T17:30:49.452+0000] {processor.py:830} INFO - Processing file /home/airflow/.local/lib/python3.12/site-packages/airflow/example_dags/example_bash_operator.py for tasks to queue
[2026-09-25T17:30:49.457+0000] {logging_mixin.py:188} INFO - [2026-09-25T17:30:49.456+0000] {dagbag.py:545} INFO - Filling up the DagBag from /home/airflow/.local/lib/python3.12/site-packages/airflow/example_dags/example_bash_operator.py
[2026-09-25T17:30:49.495+0000] {processor.py:840} INFO - DAG(s) 'example_bash_operator' retrieved from /home/airflow/.local/lib/python3.12/site-packages/airflow/example_dags/example_bash_operator.py
[2026-09-25T17:30:49.596+0000] {logging_mixin.py:188} INFO - [2026-09-25T17:30:49.595+0000] {dag.py:3096} INFO - Sync 1 DAGs
[2026-09-25T17:30:49.686+0000] {logging_mixin.py:188} INFO - [2026-09-25T17:30:49.685+0000] {dag.py:3954} INFO - Setting next_dagrun for example_bash_operator to 2026-09-24 00:00:00+00:00, run_after=2026-09-25 00:00:00+00:00
[2026-09-25T17:30:49.797+0000] {processor.py:183} INFO - Processing /home/airflow/.local/lib/python3.12/site-packages/airflow/example_dags/example_bash_operator.py took 0.361 seconds
[2026-09-25T17:31:20.014+0000] {processor.py:161} INFO - Started process (PID=475) to work on /home/airflow/.local/lib/python3.12/site-packages/airflow/example_dags/example_bash_operator.py
[2026-09-25T17:31:20.025+0000] {processor.py:830} INFO - Processing file /home/airflow/.local/lib/python3.12/site-packages/airflow/example_dags/example_bash_operator.py for tasks to queue
[2026-09-25T17:31:20.041+0000] {logging_mixin.py:188} INFO - [2026-09-25T17:31:20.038+0000] {dagbag.py:545} INFO - Filling up the DagBag from /home/airflow/.local/lib/python3.12/site-packages/airflow/example_dags/example_bash_operator.py
[2026-09-25T17:31:20.094+0000] {processor.py:840} INFO - DAG(s) 'example_bash_operator' retrieved from /home/airflow/.local/lib/python3.12/site-packages/airflow/example_dags/example_bash_operator.py
[2026-09-25T17:31:20.211+0000] {logging_mixin.py:188} INFO - [2026-09-25T17:31:20.210+0000] {dag.py:3096} INFO - Sync 1 DAGs
[2026-09-25T17:31:20.316+0000] {logging_mixin.py:188} INFO - [2026-09-25T17:31:20.313+0000] {dag.py:3954} INFO - Setting next_dagrun for example_bash_operator to 2026-09-24 00:00:00+00:00, run_after=2026-09-25 00:00:00+00:00
[2026-09-25T17:31:20.399+0000] {processor.py:183} INFO - Processing /home/airflow/.local/lib/python3.12/site-packages/airflow/example_dags/example_bash_operator.py took 0.429 seconds
