[2026-09-25T17:27:59.224+0000] {processor.py:161} INFO - Started process (PID=120) to work on /home/airflow/.local/lib/python3.12/site-packages/airflow/example_dags/example_xcom.py
[2026-09-25T17:27:59.226+0000] {processor.py:830} INFO - Processing file /home/airflow/.local/lib/python3.12/site-packages/airflow/example_dags/example_xcom.py for tasks to queue
[2026-09-25T17:27:59.237+0000] {logging_mixin.py:188} INFO - [2026-09-25T17:27:59.236+0000] {dagbag.py:545} INFO - Filling up the DagBag from /home/airflow/.local/lib/python3.12/site-packages/airflow/example_dags/example_xcom.py
[2026-09-25T17:27:59.349+0000] {processor.py:840} INFO - DAG(s) 'example_xcom' retrieved from /home/airflow/.local/lib/python3.12/site-packages/airflow/example_dags/example_xcom.py
[2026-09-25T17:27:59.849+0000] {logging_mixin.py:188} INFO - [2026-09-25T17:27:59.848+0000] {dag.py:3096} INFO - Sync 1 DAGs
[2026-09-25T17:27:59.904+0000] {logging_mixin.py:188} INFO - [2026-09-25T17:27:59.904+0000] {dag.py:3954} INFO - Setting next_dagrun for example_xcom to 2021-01-01 00:00:00+00:00, run_after=2021-01-01 00:00:00+00:00
[2026-09-25T17:27:59.951+0000] {processor.py:183} INFO - Processing /home/airflow/.local/lib/python3.12/site-packages/airflow/example_dags/example_xcom.py took 0.748 seconds
[2026-09-25T17:28:34.714+0000] {processor.py:161} INFO - Started process (PID=178) to work on /home/airflow/.local/lib/python3.12/site-packages/airflow/example_dags/example_xcom.py
[2026-09-25T17:28:34.718+0000] {processor.py:830} INFO - Processing file /home/airflow/.local/lib/python3.12/site-packages/airflow/example_dags/example_xcom.py for tasks to queue
[2026-09-25T17:28:34.726+0000] {logging_mixin.py:188} INFO - [2026-09-25T17:28:34.725+0000] {dagbag.py:545} INFO - Filling up the DagBag from /home/airflow/.local/lib/python3.12/site-packages/airflow/example_dags/example_xcom.py
[2026-09-25T17:28:34.781+0000] {processor.py:840} INFO - DAG(s) 'example_xcom' retrieved from /home/airflow/.local/lib/python3.12/site-packages/airflow/example_dags/example_xcom.py
[2026-09-25T17:28:35.094+0000] {logging_mixin.py:188} INFO - [2026-09-25T17:28:35.092+0000] {dag.py:3096} INFO - Sync 1 DAGs
[2026-09-25T17:28:35.198+0000] {logging_mixin.py:188} INFO - [2026-09-25T17:28:35.197+0000] {dag.py:3954} INFO - Setting next_dagrun for example_xcom to 2021-01-01 00:00:00+00:00, run_after=2021-01-01 00:00:00+00:00
[2026-09-25T17:28:35.332+0000] {processor.py:183} INFO - Processing /home/airflow/.local/lib/python3.12/site-packages/airflow/example_dags/example_xcom.py took 0.638 seconds
[2026-09-25T17:29:05.898+0000] {processor.py:161} INFO - Started process (PID=236) to work on /home/airflow/.local/lib/python3.12/site-packages/airflow/example_dags/example_xcom.py
[2026-09-25T17:29:05.900+0000] {processor.py:830} INFO - Processing file /home/airflow/.local/lib/python3.12/site-packages/airflow/example_dags/example_xcom.py for tasks to queue
[2026-09-25T17:29:05.906+0000] {logging_mixin.py:188} INFO - [2026-09-25T17:29:05.905+0000] {dagbag.py:545} INFO - Filling up the DagBag from /home/airflow/.local/lib/python3.12/site-packages/airflow/example_dags/example_xcom.py
[2026-09-25T17:29:05.933+0000] {processor.py:840} INFO - DAG(s) 'example_xcom' retrieved from /home/airflow/.local/lib/python3.12/site-packages/airflow/example_dags/example_xcom.py
[2026-09-25T17:29:06.016+0000] {logging_mixin.py:188} INFO - [2026-09-25T17:29:06.015+0000] {dag.py:3096} INFO - Sync 1 DAGs
[2026-09-25T17:29:06.142+0000] {logging_mixin.py:188} INFO - [2026-09-25T17:29:06.139+0000] {dag.py:3954} INFO - Setting next_dagrun for example_xcom to 2021-01-01 00:00:00+00:00, run_after=2021-01-01 00:00:00+00:00
[2026-09-25T17:29:06.284+0000] {processor.py:183} INFO - Processing /home/airflow/.local/lib/python3.12/site-packages/airflow/example_dags/example_xcom.py took 0.415 seconds
[2026-09-25T17:29:43.147+0000] {processor.py:161} INFO - Started process (PID=295) to work on /home/airflow/.local/lib/python3.12/site-packages/airflow/example_dags/example_xcom.py
[2026-09-25T17:29:43.149+0000] {processor.py:830} INFO - Processing file /home/airflow/.local/lib/python3.12/site-packages/airflow/example_dags/example_xcom.py for tasks to queue
[2026-09-25T17:29:43.156+0000] {logging_mixin.py:188} INFO - [2026-09-25T17:29:43.154+0000] {dagbag.py:545} INFO - Filling up the DagBag from /home/airflow/.local/lib/python3.12/site-packages/airflow/example_dags/example_xcom.py
[2026-09-25T17:29:43.186+0000] {processor.py:840} INFO - DAG(s) 'example_xcom' retrieved from /home/airflow/.local/lib/python3.12/site-packages/airflow/example_dags/example_xcom.py
[2026-09-25T17:29:43.286+0000] {logging_mixin.py:188} INFO - [2026-09-25T17:29:43.285+0000] {dag.py:3096} INFO - Sync 1 DAGs
[2026-09-25T17:29:43.376+0000] {logging_mixin.py:188} INFO - [2026-09-25T17:29:43.375+0000] {dag.py:3954} INFO - Setting next_dagrun for example_xcom to 2021-01-01 00:00:00+00:00, run_after=2021-01-01 00:00:00+00:00
[2026-09-25T17:29:43.453+0000] {processor.py:183} INFO - Processing /home/airflow/.local/lib/python3.12/site-packages/airflow/example_dags/example_xcom.py took 0.326 seconds
[2026-09-25T17:30:16.490+0000] {processor.py:161} INFO - Started process (PID=359) to work on /home/airflow/.local/lib/python3.12/site-packages/airflow/example_dags/example_xcom.py
[2026-09-25T17:30:16.493+0000] {processor.py:830} INFO - Processing file /home/airflow/.local/lib/python3.12/site-packages/airflow/example_dags/example_xcom.py for tasks to queue
[2026-09-25T17:30:16.534+0000] {logging_mixin.py:188} INFO - [2026-09-25T17:30:16.528+0000] {dagbag.py:545} INFO - Filling up the DagBag from /home/airflow/.local/lib/python3.12/site-packages/airflow/example_dags/example_xcom.py
[2026-09-25T17:30:16.612+0000] {processor.py:840} INFO - DAG(s) 'example_xcom' retrieved from /home/airflow/.local/lib/python3.12/site-packages/airflow/example_dags/example_xcom.py
[2026-09-25T17:30:17.000+0000] {logging_mixin.py:188} INFO - [2026-09-25T17:30:16.999+0000] {dag.py:3096} INFO - Sync 1 DAGs
[2026-09-25T17:30:17.217+0000] {logging_mixin.py:188} INFO - [2026-09-25T17:30:17.214+0000] {dag.py:3954} INFO - Setting next_dagrun for example_xcom to 2021-01-01 00:00:00+00:00, run_after=2021-01-01 00:00:00+00:00
[2026-09-25T17:30:17.357+0000] {processor.py:183} INFO - Processing /home/airflow/.local/lib/python3.12/site-packages/airflow/example_dags/example_xcom.py took 0.943 seconds
[2026-09-25T17:30:48.695+0000] {processor.py:161} INFO - Started process (PID=417) to work on /home/airflow/.local/lib/python3.12/site-packages/airflow/example_dags/example_xcom.py
[2026-09-25T17:30:48.699+0000] {processor.py:830} INFO - Processing file /home/airflow/.local/lib/python3.12/site-packages/airflow/example_dags/example_xcom.py for tasks to queue
[2026-09-25T17:30:48.713+0000] {logging_mixin.py:188} INFO - [2026-09-25T17:30:48.712+0000] {dagbag.py:545} INFO - Filling up the DagBag from /home/airflow/.local/lib/python3.12/site-packages/airflow/example_dags/example_xcom.py
[2026-09-25T17:30:48.753+0000] {processor.py:840} INFO - DAG(s) 'example_xcom' retrieved from /home/airflow/.local/lib/python3.12/site-packages/airflow/example_dags/example_xcom.py
[2026-09-25T17:30:48.880+0000] {logging_mixin.py:188} INFO - [2026-09-25T17:30:48.879+0000] {dag.py:3096} INFO - Sync 1 DAGs
[2026-09-25T17:30:49.106+0000] {logging_mixin.py:188} INFO - [2026-09-25T17:30:49.100+0000] {dag.py:3954} INFO - Setting next_dagrun for example_xcom to 2021-01-01 00:00:00+00:00, run_after=2021-01-01 00:00:00+00:00
[2026-09-25T17:30:49.368+0000] {processor.py:183} INFO - Processing /home/airflow/.local/lib/python3.12/site-packages/airflow/example_dags/example_xcom.py took 0.743 seconds
[2026-09-25T17:31:20.055+0000] {processor.py:161} INFO - Started process (PID=476) to work on /home/airflow/.local/lib/python3.12/site-packages/airflow/example_dags/example_xcom.py
[2026-09-25T17:31:20.059+0000] {processor.py:830} INFO - Processing file /home/airflow/.local/lib/python3.12/site-packages/airflow/example_dags/example_xcom.py for tasks to queue
[2026-09-25T17:31:20.067+0000] {logging_mixin.py:188} INFO - [2026-09-25T17:31:20.065+0000] {dagbag.py:545} INFO - Filling up the DagBag from /home/airflow/.local/lib/python3.12/site-packages/airflow/example_dags/example_xcom.py
[2026-09-25T17:31:20.096+0000] {processor.py:840} INFO - DAG(s) 'example_xcom' retrieved from /home/airflow/.local/lib/python3.12/site-packages/airflow/example_dags/example_xcom.py
[2026-09-25T17:31:20.176+0000] {logging_mixin.py:188} INFO - [2026-09-25T17:31:20.175+0000] {dag.py:3096} INFO - Sync 1 DAGs
[2026-09-25T17:31:20.254+0000] {logging_mixin.py:188} INFO - [2026-09-25T17:31:20.253+0000] {dag.py:3954} INFO - Setting next_dagrun for example_xcom to 2021-01-01 00:00:00+00:00, run_after=2021-01-01 00:00:00+00:00
[2026-09-25T17:31:20.326+0000] {processor.py:183} INFO - Processing /home/airflow/.local/lib/python3.12/site-packages/airflow/example_dags/example_xcom.py took 0.309 seconds
