[2026-09-25T17:27:34.809+0000] {processor.py:161} INFO - Started process (PID=83) to work on /home/airflow/.local/lib/python3.12/site-packages/airflow/example_dags/example_dag_decorator.py
[2026-09-25T17:27:34.813+0000] {processor.py:830} INFO - Processing file /home/airflow/.local/lib/python3.12/site-packages/airflow/example_dags/example_dag_decorator.py for tasks to queue
[2026-09-25T17:27:34.822+0000] {logging_mixin.py:188} INFO - [2026-09-25T17:27:34.819+0000] {dagbag.py:545} INFO - Filling up the DagBag from /home/airflow/.local/lib/python3.12/site-packages/airflow/example_dags/example_dag_decorator.py
[2026-09-25T17:27:41.284+0000] {processor.py:840} INFO - DAG(s) 'example_dag_decorator' retrieved from /home/airflow/.local/lib/python3.12/site-packages/airflow/example_dags/example_dag_decorator.py
[2026-09-25T17:27:42.684+0000] {logging_mixin.py:188} INFO - [2026-09-25T17:27:42.683+0000] {dag.py:3096} INFO - Sync 1 DAGs
[2026-09-25T17:27:42.765+0000] {logging_mixin.py:188} INFO - [2026-09-25T17:27:42.759+0000] {dag.py:3954} INFO - Setting next_dagrun for example_dag_decorator to None, run_after=None
[2026-09-25T17:27:43.104+0000] {processor.py:183} INFO - Processing /home/airflow/.local/lib/python3.12/site-packages/airflow/example_dags/example_dag_decorator.py took 8.324 seconds
[2026-09-25T17:28:17.733+0000] {processor.py:161} INFO - Started process (PID=148) to work on /home/airflow/.local/lib/python3.12/site-packages/airflow/example_dags/example_dag_decorator.py
[2026-09-25T17:28:17.745+0000] {processor.py:830} INFO - Processing file /home/airflow/.local/lib/python3.12/site-packages/airflow/example_dags/example_dag_decorator.py for tasks to queue
[2026-09-25T17:28:17.772+0000] {logging_mixin.py:188} INFO - [2026-09-25T17:28:17.762+0000] {dagbag.py:545} INFO - Filling up the DagBag from /home/airflow/.local/lib/python3.12/site-packages/airflow/example_dags/example_dag_decorator.py
[2026-09-25T17:28:21.511+0000] {processor.py:840} INFO - DAG(s) 'example_dag_decorator' retrieved from /home/airflow/.local/lib/python3.12/site-packages/airflow/example_dags/example_dag_decorator.py
[2026-09-25T17:28:22.517+0000] {logging_mixin.py:188} INFO - [2026-09-25T17:28:22.516+0000] {dag.py:3096} INFO - Sync 1 DAGs
[2026-09-25T17:28:22.601+0000] {logging_mixin.py:188} INFO - [2026-09-25T17:28:22.599+0000] {dag.py:3954} INFO - Setting next_dagrun for example_dag_decorator to None, run_after=None
[2026-09-25T17:28:22.836+0000] {processor.py:183} INFO - Processing /home/airflow/.local/lib/python3.12/site-packages/airflow/example_dags/example_dag_decorator.py took 5.202 seconds
[2026-09-25T17:28:53.086+0000] {processor.py:161} INFO - Started process (PID=204) to work on /home/airflow/.local/lib/python3.12/site-packages/airflow/example_dags/example_dag_decorator.py
[2026-09-25T17:28:53.089+0000] {processor.py:830} INFO - Processing file /home/airflow/.local/lib/python3.12/site-packages/airflow/example_dags/example_dag_decorator.py for tasks to queue
[2026-09-25T17:28:53.095+0000] {logging_mixin.py:188} INFO - [2026-09-25T17:28:53.094+0000] {dagbag.py:545} INFO - Filling up the DagBag from /home/airflow/.local/lib/python3.12/site-packages/airflow/example_dags/example_dag_decorator.py
[2026-09-25T17:28:54.772+0000] {processor.py:840} INFO - DAG(s) 'example_dag_decorator' retrieved from /home/airflow/.local/lib/python3.12/site-packages/airflow/example_dags/example_dag_decorator.py
[2026-09-25T17:28:55.331+0000] {logging_mixin.py:188} INFO - [2026-09-25T17:28:55.331+0000] {dag.py:3096} INFO - Sync 1 DAGs
[2026-09-25T17:28:55.395+0000] {logging_mixin.py:188} INFO - [2026-09-25T17:28:55.394+0000] {dag.py:3954} INFO - Setting next_dagrun for example_dag_decorator to None, run_after=None
[2026-09-25T17:28:55.555+0000] {processor.py:183} INFO - Processing /home/airflow/.local/lib/python3.12/site-packages/airflow/example_dags/example_dag_decorator.py took 2.488 seconds
[2026-09-25T17:29:25.875+0000] {processor.py:161} INFO - Started process (PID=262) to work on /home/airflow/.local/lib/python3.12/site-packages/airflow/example_dags/example_dag_decorator.py
[2026-09-25T17:29:25.883+0000] {processor.py:830} INFO - Processing file /home/airflow/.local/lib/python3.12/site-packages/airflow/example_dags/example_dag_decorator.py for tasks to queue
[2026-09-25T17:29:25.893+0000] {logging_mixin.py:188} INFO - [2026-09-25T17:29:25.892+0000] {dagbag.py:545} INFO - Filling up the DagBag from /home/airflow/.local/lib/python3.12/site-packages/airflow/example_dags/example_dag_decorator.py
[2026-09-25T17:29:26.933+0000] {processor.py:840} INFO - DAG(s) 'example_dag_decorator' retrieved from /home/airflow/.local/lib/python3.12/site-packages/airflow/example_dags/example_dag_decorator.py
[2026-09-25T17:29:28.840+0000] {logging_mixin.py:188} INFO - [2026-09-25T17:29:28.836+0000] {dag.py:3096} INFO - Sync 1 DAGs
[2026-09-25T17:29:29.162+0000] {logging_mixin.py:188} INFO - [2026-09-25T17:29:29.153+0000] {dag.py:3954} INFO - Setting next_dagrun for example_dag_decorator to None, run_after=None
[2026-09-25T17:29:29.469+0000] {processor.py:183} INFO - Processing /home/airflow/.local/lib/python3.12/site-packages/airflow/example_dags/example_dag_decorator.py took 3.657 seconds
[2026-09-25T17:30:00.062+0000] {processor.py:161} INFO - Started process (PID=322) to work on /home/airflow/.local/lib/python3.12/site-packages/airflow/example_dags/example_dag_decorator.py
[2026-09-25T17:30:00.063+0000] {processor.py:830} INFO - Processing file /home/airflow/.local/lib/python3.12/site-packages/airflow/example_dags/example_dag_decorator.py for tasks to queue
[2026-09-25T17:30:00.068+0000] {logging_mixin.py:188} INFO - [2026-09-25T17:30:00.067+0000] {dagbag.py:545} INFO - Filling up the DagBag from /home/airflow/.local/lib/python3.12/site-packages/airflow/example_dags/example_dag_decorator.py
[2026-09-25T17:30:00.528+0000] {processor.py:840} INFO - DAG(s) 'example_dag_decorator' retrieved from /home/airflow/.local/lib/python3.12/site-packages/airflow/example_dags/example_dag_decorator.py
[2026-09-25T17:30:01.053+0000] {logging_mixin.py:188} INFO - [2026-09-25T17:30:01.053+0000] {dag.py:3096} INFO - Sync 1 DAGs
[2026-09-25T17:30:01.093+0000] {logging_mixin.py:188} INFO - [2026-09-25T17:30:01.093+0000] {dag.py:3954} INFO - Setting next_dagrun for example_dag_decorator to None, run_after=None
[2026-09-25T17:30:01.152+0000] {processor.py:183} INFO - Processing /home/airflow/.local/lib/python3.12/site-packages/airflow/example_dags/example_dag_decorator.py took 1.115 seconds
[2026-09-25T17:30:31.438+0000] {processor.py:161} INFO - Started process (PID=382) to work on /home/airflow/.local/lib/python3.12/site-packages/airflow/example_dags/example_dag_decorator.py
[2026-09-25T17:30:31.440+0000] {processor.py:830} INFO - Processing file /home/airflow/.local/lib/python3.12/site-packages/airflow/example_dags/example_dag_decorator.py for tasks to queue
[2026-09-25T17:30:31.445+0000] {logging_mixin.py:188} INFO - [2026-09-25T17:30:31.444+0000] {dagbag.py:545} INFO - Filling up the DagBag from /home/airflow/.local/lib/python3.12/site-packages/airflow/example_dags/example_dag_decorator.py
[2026-09-25T17:30:31.677+0000] {processor.py:840} INFO - DAG(s) 'example_dag_decorator' retrieved from /home/airflow/.local/lib/python3.12/site-packages/airflow/example_dags/example_dag_decorator.py
[2026-09-25T17:30:31.918+0000] {logging_mixin.py:188} INFO - [2026-09-25T17:30:31.917+0000] {dag.py:3096} INFO - Sync 1 DAGs
[2026-09-25T17:30:31.944+0000] {logging_mixin.py:188} INFO - [2026-09-25T17:30:31.943+0000] {dag.py:3954} INFO - Setting next_dagrun for example_dag_decorator to None, run_after=None
[2026-09-25T17:30:31.989+0000] {processor.py:183} INFO - Processing /home/airflow/.local/lib/python3.12/site-packages/airflow/example_dags/example_dag_decorator.py took 0.570 seconds
[2026-09-25T17:31:02.421+0000] {processor.py:161} INFO - Started process (PID=439) to work on /home/airflow/.local/lib/python3.12/site-packages/airflow/example_dags/example_dag_decorator.py
[2026-09-25T17:31:02.424+0000] {processor.py:830} INFO - Processing file /home/airflow/.local/lib/python3.12/site-packages/airflow/example_dags/example_dag_decorator.py for tasks to queue
[2026-09-25T17:31:02.435+0000] {logging_mixin.py:188} INFO - [2026-09-25T17:31:02.433+0000] {dagbag.py:545} INFO - Filling up the DagBag from /home/airflow/.local/lib/python3.12/site-packages/airflow/example_dags/example_dag_decorator.py
[2026-09-25T17:31:03.010+0000] {processor.py:840} INFO - DAG(s) 'example_dag_decorator' retrieved from /home/airflow/.local/lib/python3.12/site-packages/airflow/example_dags/example_dag_decorator.py
[2026-09-25T17:31:03.385+0000] {logging_mixin.py:188} INFO - [2026-09-25T17:31:03.385+0000] {dag.py:3096} INFO - Sync 1 DAGs
[2026-09-25T17:31:03.435+0000] {logging_mixin.py:188} INFO - [2026-09-25T17:31:03.434+0000] {dag.py:3954} INFO - Setting next_dagrun for example_dag_decorator to None, run_after=None
[2026-09-25T17:31:03.593+0000] {processor.py:183} INFO - Processing /home/airflow/.local/lib/python3.12/site-packages/airflow/example_dags/example_dag_decorator.py took 1.205 seconds
[2026-09-25T17:31:33.924+0000] {processor.py:161} INFO - Started process (PID=499) to work on /home/airflow/.local/lib/python3.12/site-packages/airflow/example_dags/example_dag_decorator.py
[2026-09-25T17:31:33.927+0000] {processor.py:830} INFO - Processing file /home/airflow/.local/lib/python3.12/site-packages/airflow/example_dags/example_dag_decorator.py for tasks to queue
[2026-09-25T17:31:33.934+0000] {logging_mixin.py:188} INFO - [2026-09-25T17:31:33.933+0000] {dagbag.py:545} INFO - Filling up the DagBag from /home/airflow/.local/lib/python3.12/site-packages/airflow/example_dags/example_dag_decorator.py
[2026-09-25T17:31:34.375+0000] {processor.py:840} INFO - DAG(s) 'example_dag_decorator' retrieved from /home/airflow/.local/lib/python3.12/site-packages/airflow/example_dags/example_dag_decorator.py
[2026-09-25T17:31:34.826+0000] {logging_mixin.py:188} INFO - [2026-09-25T17:31:34.825+0000] {dag.py:3096} INFO - Sync 1 DAGs
[2026-09-25T17:31:34.867+0000] {logging_mixin.py:188} INFO - [2026-09-25T17:31:34.867+0000] {dag.py:3954} INFO - Setting next_dagrun for example_dag_decorator to None, run_after=None
[2026-09-25T17:31:34.937+0000] {processor.py:183} INFO - Processing /home/airflow/.local/lib/python3.12/site-packages/airflow/example_dags/example_dag_decorator.py took 1.035 seconds
