[2026-09-25T17:27:43.843+0000] {processor.py:161} INFO - Started process (PID=95) to work on /home/airflow/.local/lib/python3.12/site-packages/airflow/example_dags/example_external_task_marker_dag.py
[2026-09-25T17:27:43.846+0000] {processor.py:830} INFO - Processing file /home/airflow/.local/lib/python3.12/site-packages/airflow/example_dags/example_external_task_marker_dag.py for tasks to queue
[2026-09-25T17:27:43.854+0000] {logging_mixin.py:188} INFO - [2026-09-25T17:27:43.853+0000] {dagbag.py:545} INFO - Filling up the DagBag from /home/airflow/.local/lib/python3.12/site-packages/airflow/example_dags/example_external_task_marker_dag.py
[2026-09-25T17:27:43.888+0000] {processor.py:840} INFO - DAG(s) 'example_external_task_marker_parent', 'example_external_task_marker_child' retrieved from /home/airflow/.local/lib/python3.12/site-packages/airflow/example_dags/example_external_task_marker_dag.py
[2026-09-25T17:27:44.753+0000] {logging_mixin.py:188} INFO - [2026-09-25T17:27:44.749+0000] {dag.py:3096} INFO - Sync 2 DAGs
[2026-09-25T17:27:45.049+0000] {logging_mixin.py:188} INFO - [2026-09-25T17:27:45.040+0000] {dag.py:3954} INFO - Setting next_dagrun for example_external_task_marker_child to None, run_after=None
[2026-09-25T17:27:45.087+0000] {logging_mixin.py:188} INFO - [2026-09-25T17:27:45.084+0000] {dag.py:3954} INFO - Setting next_dagrun for example_external_task_marker_parent to None, run_after=None
[2026-09-25T17:27:45.351+0000] {processor.py:183} INFO - Processing /home/airflow/.local/lib/python3.12/site-packages/airflow/example_dags/example_external_task_marker_dag.py took 1.536 seconds
[2026-09-25T17:28:24.708+0000] {processor.py:161} INFO - Started process (PID=153) to work on /home/airflow/.local/lib/python3.12/site-packages/airflow/example_dags/example_external_task_marker_dag.py
[2026-09-25T17:28:24.710+0000] {processor.py:830} INFO - Processing file /home/airflow/.local/lib/python3.12/site-packages/airflow/example_dags/example_external_task_marker_dag.py for tasks to queue
[2026-09-25T17:28:24.717+0000] {logging_mixin.py:188} INFO - [2026-09-25T17:28:24.715+0000] {dagbag.py:545} INFO - Filling up the DagBag from /home/airflow/.local/lib/python3.12/site-packages/airflow/example_dags/example_external_task_marker_dag.py
[2026-09-25T17:28:24.749+0000] {processor.py:840} INFO - DAG(s) 'example_external_task_marker_parent', 'example_external_task_marker_child' retrieved from /home/airflow/.local/lib/python3.12/site-packages/airflow/example_dags/example_external_task_marker_dag.py
[2026-09-25T17:28:24.974+0000] {logging_mixin.py:188} INFO - [2026-09-25T17:28:24.973+0000] {dag.py:3096} INFO - Sync 2 DAGs
[2026-09-25T17:28:25.027+0000] {logging_mixin.py:188} INFO - [2026-09-25T17:28:25.026+0000] {dag.py:3954} INFO - Setting next_dagrun for example_external_task_marker_child to None, run_after=None
[2026-09-25T17:28:25.040+0000] {logging_mixin.py:188} INFO - [2026-09-25T17:28:25.040+0000] {dag.py:3954} INFO - Setting next_dagrun for example_external_task_marker_parent to None, run_after=None
[2026-09-25T17:28:25.103+0000] {processor.py:183} INFO - Processing /home/airflow/.local/lib/python3.12/site-packages/airflow/example_dags/example_external_task_marker_dag.py took 0.417 seconds
[2026-09-25T17:28:57.944+0000] {processor.py:161} INFO - Started process (PID=211) to work on /home/airflow/.local/lib/python3.12/site-packages/airflow/example_dags/example_external_task_marker_dag.py
[2026-09-25T17:28:57.946+0000] {processor.py:830} INFO - Processing file /home/airflow/.local/lib/python3.12/site-packages/airflow/example_dags/example_external_task_marker_dag.py for tasks to queue
[2026-09-25T17:28:57.952+0000] {logging_mixin.py:188} INFO - [2026-09-25T17:28:57.951+0000] {dagbag.py:545} INFO - Filling up the DagBag from /home/airflow/.local/lib/python3.12/site-packages/airflow/example_dags/example_external_task_marker_dag.py
[2026-09-25T17:28:57.974+0000] {processor.py:840} INFO - DAG(s) 'example_external_task_marker_child', 'example_external_task_marker_parent' retrieved from /home/airflow/.local/lib/python3.12/site-packages/airflow/example_dags/example_external_task_marker_dag.py
[2026-09-25T17:28:58.055+0000] {logging_mixin.py:188} INFO - [2026-09-25T17:28:58.055+0000] {dag.py:3096} INFO - Sync 2 DAGs
[2026-09-25T17:28:58.110+0000] {logging_mixin.py:188} INFO - [2026-09-25T17:28:58.110+0000] {dag.py:3954} INFO - Setting next_dagrun for example_external_task_marker_child to None, run_after=None
[2026-09-25T17:28:58.124+0000] {logging_mixin.py:188} INFO - [2026-09-25T17:28:58.123+0000] {dag.py:3954} INFO - Setting next_dagrun for example_external_task_marker_parent to None, run_after=None
[2026-09-25T17:28:58.191+0000] {processor.py:183} INFO - Processing /home/airflow/.local/lib/python3.12/site-packages/airflow/example_dags/example_external_task_marker_dag.py took 0.266 seconds
[2026-09-25T17:29:30.035+0000] {processor.py:161} INFO - Started process (PID=267) to work on /home/airflow/.local/lib/python3.12/site-packages/airflow/example_dags/example_external_task_marker_dag.py
[2026-09-25T17:29:30.038+0000] {processor.py:830} INFO - Processing file /home/airflow/.local/lib/python3.12/site-packages/airflow/example_dags/example_external_task_marker_dag.py for tasks to queue
[2026-09-25T17:29:30.046+0000] {logging_mixin.py:188} INFO - [2026-09-25T17:29:30.044+0000] {dagbag.py:545} INFO - Filling up the DagBag from /home/airflow/.local/lib/python3.12/site-packages/airflow/example_dags/example_external_task_marker_dag.py
[2026-09-25T17:29:30.086+0000] {processor.py:840} INFO - DAG(s) 'example_external_task_marker_parent', 'example_external_task_marker_child' retrieved from /home/airflow/.local/lib/python3.12/site-packages/airflow/example_dags/example_external_task_marker_dag.py
[2026-09-25T17:29:30.200+0000] {logging_mixin.py:188} INFO - [2026-09-25T17:29:30.199+0000] {dag.py:3096} INFO - Sync 2 DAGs
[2026-09-25T17:29:30.257+0000] {logging_mixin.py:188} INFO - [2026-09-25T17:29:30.256+0000] {dag.py:3954} INFO - Setting next_dagrun for example_external_task_marker_child to None, run_after=None
[2026-09-25T17:29:30.275+0000] {logging_mixin.py:188} INFO - [2026-09-25T17:29:30.275+0000] {dag.py:3954} INFO - Setting next_dagrun for example_external_task_marker_parent to None, run_after=None
[2026-09-25T17:29:30.423+0000] {processor.py:183} INFO - Processing /home/airflow/.local/lib/python3.12/site-packages/airflow/example_dags/example_external_task_marker_dag.py took 0.457 seconds
[2026-09-25T17:30:01.177+0000] {processor.py:161} INFO - Started process (PID=325) to work on /home/airflow/.local/lib/python3.12/site-packages/airflow/example_dags/example_external_task_marker_dag.py
[2026-09-25T17:30:01.180+0000] {processor.py:830} INFO - Processing file /home/airflow/.local/lib/python3.12/site-packages/airflow/example_dags/example_external_task_marker_dag.py for tasks to queue
[2026-09-25T17:30:01.185+0000] {logging_mixin.py:188} INFO - [2026-09-25T17:30:01.184+0000] {dagbag.py:545} INFO - Filling up the DagBag from /home/airflow/.local/lib/python3.12/site-packages/airflow/example_dags/example_external_task_marker_dag.py
[2026-09-25T17:30:01.201+0000] {processor.py:840} INFO - DAG(s) 'example_external_task_marker_parent', 'example_external_task_marker_child' retrieved from /home/airflow/.local/lib/python3.12/site-packages/airflow/example_dags/example_external_task_marker_dag.py
[2026-09-25T17:30:01.279+0000] {logging_mixin.py:188} INFO - [2026-09-25T17:30:01.278+0000] {dag.py:3096} INFO - Sync 2 DAGs
[2026-09-25T17:30:01.333+0000] {logging_mixin.py:188} INFO - [2026-09-25T17:30:01.332+0000] {dag.py:3954} INFO - Setting next_dagrun for example_external_task_marker_child to None, run_after=None
[2026-09-25T17:30:01.347+0000] {logging_mixin.py:188} INFO - [2026-09-25T17:30:01.346+0000] {dag.py:3954} INFO - Setting next_dagrun for example_external_task_marker_parent to None, run_after=None
[2026-09-25T17:30:01.394+0000] {processor.py:183} INFO - Processing /home/airflow/.local/lib/python3.12/site-packages/airflow/example_dags/example_external_task_marker_dag.py took 0.241 seconds
[2026-09-25T17:30:32.055+0000] {processor.py:161} INFO - Started process (PID=383) to work on /home/airflow/.local/lib/python3.12/site-packages/airflow/example_dags/example_external_task_marker_dag.py
[2026-09-25T17:30:32.057+0000] {processor.py:830} INFO - Processing file /home/airflow/.local/lib/python3.12/site-packages/airflow/example_dags/example_external_task_marker_dag.py for tasks to queue
[2026-09-25T17:30:32.061+0000] {logging_mixin.py:188} INFO - [2026-09-25T17:30:32.060+0000] {dagbag.py:545} INFO - Filling up the DagBag from /home/airflow/.local/lib/python3.12/site-packages/airflow/example_dags/example_external_task_marker_dag.py
[2026-09-25T17:30:32.074+0000] {processor.py:840} INFO - DAG(s) 'example_external_task_marker_parent', 'example_external_task_marker_child' retrieved from /home/airflow/.local/lib/python3.12/site-packages/airflow/example_dags/example_external_task_marker_dag.py
[2026-09-25T17:30:32.128+0000] {logging_mixin.py:188} INFO - [2026-09-25T17:30:32.127+0000] {dag.py:3096} INFO - Sync 2 DAGs
[2026-09-25T17:30:32.160+0000] {logging_mixin.py:188} INFO - [2026-09-25T17:30:32.160+0000] {dag.py:3954} INFO - Setting next_dagrun for example_external_task_marker_child to None, run_after=None
[2026-09-25T17:30:32.169+0000] {logging_mixin.py:188} INFO - [2026-09-25T17:30:32.169+0000] {dag.py:3954} INFO - Setting next_dagrun for example_external_task_marker_parent to None, run_after=None
[2026-09-25T17:30:32.206+0000] {processor.py:183} INFO - Processing /home/airflow/.local/lib/python3.12/site-packages/airflow/example_dags/example_external_task_marker_dag.py took 0.170 seconds
[2026-09-25T17:31:03.058+0000] {processor.py:161} INFO - Started process (PID=441) to work on /home/airflow/.local/lib/python3.12/site-packages/airflow/example_dags/example_external_task_marker_dag.py
[2026-09-25T17:31:03.060+0000] {processor.py:830} INFO - Processing file /home/airflow/.local/lib/python3.12/site-packages/airflow/example_dags/example_external_task_marker_dag.py for tasks to queue
[2026-09-25T17:31:03.064+0000] {logging_mixin.py:188} INFO - [2026-09-25T17:31:03.063+0000] {dagbag.py:545} INFO - Filling up the DagBag from /home/airflow/.local/lib/python3.12/site-packages/airflow/example_dags/example_external_task_marker_dag.py
[2026-09-25T17:31:03.078+0000] {processor.py:840} INFO - DAG(s) 'example_external_task_marker_child', 'example_external_task_marker_parent' retrieved from /home/airflow/.local/lib/python3.12/site-packages/airflow/example_dags/example_external_task_marker_dag.py
[2026-09-25T17:31:03.128+0000] {logging_mixin.py:188} INFO - [2026-09-25T17:31:03.127+0000] {dag.py:3096} INFO - Sync 2 DAGs
[2026-09-25T17:31:03.167+0000] {logging_mixin.py:188} INFO - [2026-09-25T17:31:03.167+0000] {dag.py:3954} INFO - Setting next_dagrun for example_external_task_marker_child to None, run_after=None
[2026-09-25T17:31:03.177+0000] {logging_mixin.py:188} INFO - [2026-09-25T17:31:03.176+0000] {dag.py:3954} INFO - Setting next_dagrun for example_external_task_marker_parent to None, run_after=None
[2026-09-25T17:31:03.227+0000] {processor.py:183} INFO - Processing /home/airflow/.local/lib/python3.12/site-packages/airflow/example_dags/example_external_task_marker_dag.py took 0.184 seconds
[2026-09-25T17:31:33.591+0000] {processor.py:161} INFO - Started process (PID=498) to work on /home/airflow/.local/lib/python3.12/site-packages/airflow/example_dags/example_external_task_marker_dag.py
[2026-09-25T17:31:33.621+0000] {processor.py:830} INFO - Processing file /home/airflow/.local/lib/python3.12/site-packages/airflow/example_dags/example_external_task_marker_dag.py for tasks to queue
[2026-09-25T17:31:33.626+0000] {logging_mixin.py:188} INFO - [2026-09-25T17:31:33.625+0000] {dagbag.py:545} INFO - Filling up the DagBag from /home/airflow/.local/lib/python3.12/site-packages/airflow/example_dags/example_external_task_marker_dag.py
[2026-09-25T17:31:33.646+0000] {processor.py:840} INFO - DAG(s) 'example_external_task_marker_child', 'example_external_task_marker_parent' retrieved from /home/airflow/.local/lib/python3.12/site-packages/airflow/example_dags/example_external_task_marker_dag.py
[2026-09-25T17:31:33.724+0000] {logging_mixin.py:188} INFO - [2026-09-25T17:31:33.723+0000] {dag.py:3096} INFO - Sync 2 DAGs
[2026-09-25T17:31:33.765+0000] {logging_mixin.py:188} INFO - [2026-09-25T17:31:33.764+0000] {dag.py:3954} INFO - Setting next_dagrun for example_external_task_marker_child to None, run_after=None
[2026-09-25T17:31:33.779+0000] {logging_mixin.py:188} INFO - [2026-09-25T17:31:33.779+0000] {dag.py:3954} INFO - Setting next_dagrun for example_external_task_marker_parent to None, run_after=None
[2026-09-25T17:31:33.924+0000] {processor.py:183} INFO - Processing /home/airflow/.local/lib/python3.12/site-packages/airflow/example_dags/example_external_task_marker_dag.py took 0.348 seconds
