[2026-09-25T17:27:35.335+0000] {processor.py:161} INFO - Started process (PID=84) to work on /home/airflow/.local/lib/python3.12/site-packages/airflow/example_dags/example_datasets.py
[2026-09-25T17:27:35.341+0000] {processor.py:830} INFO - Processing file /home/airflow/.local/lib/python3.12/site-packages/airflow/example_dags/example_datasets.py for tasks to queue
[2026-09-25T17:27:35.361+0000] {logging_mixin.py:188} INFO - [2026-09-25T17:27:35.351+0000] {dagbag.py:545} INFO - Filling up the DagBag from /home/airflow/.local/lib/python3.12/site-packages/airflow/example_dags/example_datasets.py
[2026-09-25T17:27:35.575+0000] {processor.py:840} INFO - DAG(s) 'dataset_produces_1', 'dataset_produces_2', 'consume_1_and_2_with_dataset_expressions', 'dataset_consumes_1_and_2', 'conditional_dataset_and_time_based_timetable', 'consume_1_or_2_with_dataset_expressions', 'dataset_consumes_1', 'consume_1_or_both_2_and_3_with_dataset_expressions', 'dataset_consumes_1_never_scheduled', 'dataset_consumes_unknown_never_scheduled' retrieved from /home/airflow/.local/lib/python3.12/site-packages/airflow/example_dags/example_datasets.py
[2026-09-25T17:27:37.869+0000] {logging_mixin.py:188} INFO - [2026-09-25T17:27:37.867+0000] {dag.py:3096} INFO - Sync 10 DAGs
[2026-09-25T17:27:38.115+0000] {logging_mixin.py:188} INFO - [2026-09-25T17:27:38.113+0000] {dag.py:3954} INFO - Setting next_dagrun for conditional_dataset_and_time_based_timetable to 2026-09-23 01:00:00+00:00, run_after=2026-09-23 01:00:00+00:00
[2026-09-25T17:27:38.152+0000] {logging_mixin.py:188} INFO - [2026-09-25T17:27:38.151+0000] {dag.py:3954} INFO - Setting next_dagrun for consume_1_and_2_with_dataset_expressions to None, run_after=None
[2026-09-25T17:27:38.158+0000] {logging_mixin.py:188} INFO - [2026-09-25T17:27:38.157+0000] {dag.py:3954} INFO - Setting next_dagrun for consume_1_or_2_with_dataset_expressions to None, run_after=None
[2026-09-25T17:27:38.167+0000] {logging_mixin.py:188} INFO - [2026-09-25T17:27:38.164+0000] {dag.py:3954} INFO - Setting next_dagrun for consume_1_or_both_2_and_3_with_dataset_expressions to None, run_after=None
[2026-09-25T17:27:38.172+0000] {logging_mixin.py:188} INFO - [2026-09-25T17:27:38.171+0000] {dag.py:3954} INFO - Setting next_dagrun for dataset_consumes_1 to None, run_after=None
[2026-09-25T17:27:38.178+0000] {logging_mixin.py:188} INFO - [2026-09-25T17:27:38.177+0000] {dag.py:3954} INFO - Setting next_dagrun for dataset_consumes_1_and_2 to None, run_after=None
[2026-09-25T17:27:38.183+0000] {logging_mixin.py:188} INFO - [2026-09-25T17:27:38.182+0000] {dag.py:3954} INFO - Setting next_dagrun for dataset_consumes_1_never_scheduled to None, run_after=None
[2026-09-25T17:27:38.188+0000] {logging_mixin.py:188} INFO - [2026-09-25T17:27:38.187+0000] {dag.py:3954} INFO - Setting next_dagrun for dataset_consumes_unknown_never_scheduled to None, run_after=None
[2026-09-25T17:27:38.200+0000] {logging_mixin.py:188} INFO - [2026-09-25T17:27:38.199+0000] {dag.py:3954} INFO - Setting next_dagrun for dataset_produces_1 to 2026-09-24 00:00:00+00:00, run_after=2026-09-25 00:00:00+00:00
[2026-09-25T17:27:38.208+0000] {logging_mixin.py:188} INFO - [2026-09-25T17:27:38.204+0000] {dag.py:3954} INFO - Setting next_dagrun for dataset_produces_2 to None, run_after=None
[2026-09-25T17:27:38.631+0000] {processor.py:183} INFO - Processing /home/airflow/.local/lib/python3.12/site-packages/airflow/example_dags/example_datasets.py took 3.352 seconds
[2026-09-25T17:28:23.098+0000] {processor.py:161} INFO - Started process (PID=149) to work on /home/airflow/.local/lib/python3.12/site-packages/airflow/example_dags/example_datasets.py
[2026-09-25T17:28:23.117+0000] {processor.py:830} INFO - Processing file /home/airflow/.local/lib/python3.12/site-packages/airflow/example_dags/example_datasets.py for tasks to queue
[2026-09-25T17:28:23.123+0000] {logging_mixin.py:188} INFO - [2026-09-25T17:28:23.121+0000] {dagbag.py:545} INFO - Filling up the DagBag from /home/airflow/.local/lib/python3.12/site-packages/airflow/example_dags/example_datasets.py
[2026-09-25T17:28:23.307+0000] {processor.py:840} INFO - DAG(s) 'dataset_consumes_unknown_never_scheduled', 'dataset_produces_2', 'conditional_dataset_and_time_based_timetable', 'consume_1_or_2_with_dataset_expressions', 'dataset_produces_1', 'consume_1_and_2_with_dataset_expressions', 'dataset_consumes_1_never_scheduled', 'consume_1_or_both_2_and_3_with_dataset_expressions', 'dataset_consumes_1', 'dataset_consumes_1_and_2' retrieved from /home/airflow/.local/lib/python3.12/site-packages/airflow/example_dags/example_datasets.py
[2026-09-25T17:28:23.598+0000] {logging_mixin.py:188} INFO - [2026-09-25T17:28:23.597+0000] {dag.py:3096} INFO - Sync 10 DAGs
[2026-09-25T17:28:23.843+0000] {logging_mixin.py:188} INFO - [2026-09-25T17:28:23.842+0000] {dag.py:3954} INFO - Setting next_dagrun for conditional_dataset_and_time_based_timetable to 2026-09-23 01:00:00+00:00, run_after=2026-09-23 01:00:00+00:00
[2026-09-25T17:28:23.866+0000] {logging_mixin.py:188} INFO - [2026-09-25T17:28:23.865+0000] {dag.py:3954} INFO - Setting next_dagrun for consume_1_and_2_with_dataset_expressions to None, run_after=None
[2026-09-25T17:28:23.872+0000] {logging_mixin.py:188} INFO - [2026-09-25T17:28:23.871+0000] {dag.py:3954} INFO - Setting next_dagrun for consume_1_or_2_with_dataset_expressions to None, run_after=None
[2026-09-25T17:28:23.877+0000] {logging_mixin.py:188} INFO - [2026-09-25T17:28:23.877+0000] {dag.py:3954} INFO - Setting next_dagrun for consume_1_or_both_2_and_3_with_dataset_expressions to None, run_after=None
[2026-09-25T17:28:23.883+0000] {logging_mixin.py:188} INFO - [2026-09-25T17:28:23.882+0000] {dag.py:3954} INFO - Setting next_dagrun for dataset_consumes_1 to None, run_after=None
[2026-09-25T17:28:23.889+0000] {logging_mixin.py:188} INFO - [2026-09-25T17:28:23.889+0000] {dag.py:3954} INFO - Setting next_dagrun for dataset_consumes_1_and_2 to None, run_after=None
[2026-09-25T17:28:23.894+0000] {logging_mixin.py:188} INFO - [2026-09-25T17:28:23.893+0000] {dag.py:3954} INFO - Setting next_dagrun for dataset_consumes_1_never_scheduled to None, run_after=None
[2026-09-25T17:28:23.898+0000] {logging_mixin.py:188} INFO - [2026-09-25T17:28:23.897+0000] {dag.py:3954} INFO - Setting next_dagrun for dataset_consumes_unknown_never_scheduled to None, run_after=None
[2026-09-25T17:28:23.910+0000] {logging_mixin.py:188} INFO - [2026-09-25T17:28:23.909+0000] {dag.py:3954} INFO - Setting next_dagrun for dataset_produces_1 to 2026-09-24 00:00:00+00:00, run_after=2026-09-25 00:00:00+00:00
[2026-09-25T17:28:23.917+0000] {logging_mixin.py:188} INFO - [2026-09-25T17:28:23.914+0000] {dag.py:3954} INFO - Setting next_dagrun for dataset_produces_2 to None, run_after=None
[2026-09-25T17:28:24.220+0000] {processor.py:183} INFO - Processing /home/airflow/.local/lib/python3.12/site-packages/airflow/example_dags/example_datasets.py took 1.207 seconds
[2026-09-25T17:28:55.724+0000] {processor.py:161} INFO - Started process (PID=207) to work on /home/airflow/.local/lib/python3.12/site-packages/airflow/example_dags/example_datasets.py
[2026-09-25T17:28:55.737+0000] {processor.py:830} INFO - Processing file /home/airflow/.local/lib/python3.12/site-packages/airflow/example_dags/example_datasets.py for tasks to queue
[2026-09-25T17:28:55.744+0000] {logging_mixin.py:188} INFO - [2026-09-25T17:28:55.743+0000] {dagbag.py:545} INFO - Filling up the DagBag from /home/airflow/.local/lib/python3.12/site-packages/airflow/example_dags/example_datasets.py
[2026-09-25T17:28:55.844+0000] {processor.py:840} INFO - DAG(s) 'dataset_consumes_1_and_2', 'dataset_consumes_unknown_never_scheduled', 'consume_1_or_both_2_and_3_with_dataset_expressions', 'dataset_produces_2', 'conditional_dataset_and_time_based_timetable', 'dataset_consumes_1', 'dataset_produces_1', 'consume_1_or_2_with_dataset_expressions', 'dataset_consumes_1_never_scheduled', 'consume_1_and_2_with_dataset_expressions' retrieved from /home/airflow/.local/lib/python3.12/site-packages/airflow/example_dags/example_datasets.py
[2026-09-25T17:28:56.214+0000] {logging_mixin.py:188} INFO - [2026-09-25T17:28:56.213+0000] {dag.py:3096} INFO - Sync 10 DAGs
[2026-09-25T17:28:56.382+0000] {logging_mixin.py:188} INFO - [2026-09-25T17:28:56.382+0000] {dag.py:3954} INFO - Setting next_dagrun for conditional_dataset_and_time_based_timetable to 2026-09-23 01:00:00+00:00, run_after=2026-09-23 01:00:00+00:00
[2026-09-25T17:28:56.438+0000] {logging_mixin.py:188} INFO - [2026-09-25T17:28:56.435+0000] {dag.py:3954} INFO - Setting next_dagrun for consume_1_and_2_with_dataset_expressions to None, run_after=None
[2026-09-25T17:28:56.455+0000] {logging_mixin.py:188} INFO - [2026-09-25T17:28:56.452+0000] {dag.py:3954} INFO - Setting next_dagrun for consume_1_or_2_with_dataset_expressions to None, run_after=None
[2026-09-25T17:28:56.471+0000] {logging_mixin.py:188} INFO - [2026-09-25T17:28:56.467+0000] {dag.py:3954} INFO - Setting next_dagrun for consume_1_or_both_2_and_3_with_dataset_expressions to None, run_after=None
[2026-09-25T17:28:56.484+0000] {logging_mixin.py:188} INFO - [2026-09-25T17:28:56.480+0000] {dag.py:3954} INFO - Setting next_dagrun for dataset_consumes_1 to None, run_after=None
[2026-09-25T17:28:56.490+0000] {logging_mixin.py:188} INFO - [2026-09-25T17:28:56.489+0000] {dag.py:3954} INFO - Setting next_dagrun for dataset_consumes_1_and_2 to None, run_after=None
[2026-09-25T17:28:56.496+0000] {logging_mixin.py:188} INFO - [2026-09-25T17:28:56.495+0000] {dag.py:3954} INFO - Setting next_dagrun for dataset_consumes_1_never_scheduled to None, run_after=None
[2026-09-25T17:28:56.501+0000] {logging_mixin.py:188} INFO - [2026-09-25T17:28:56.500+0000] {dag.py:3954} INFO - Setting next_dagrun for dataset_consumes_unknown_never_scheduled to None, run_after=None
[2026-09-25T17:28:56.528+0000] {logging_mixin.py:188} INFO - [2026-09-25T17:28:56.525+0000] {dag.py:3954} INFO - Setting next_dagrun for dataset_produces_1 to 2026-09-24 00:00:00+00:00, run_after=2026-09-25 00:00:00+00:00
[2026-09-25T17:28:56.537+0000] {logging_mixin.py:188} INFO - [2026-09-25T17:28:56.536+0000] {dag.py:3954} INFO - Setting next_dagrun for dataset_produces_2 to None, run_after=None
[2026-09-25T17:28:56.781+0000] {processor.py:183} INFO - Processing /home/airflow/.local/lib/python3.12/site-packages/airflow/example_dags/example_datasets.py took 1.084 seconds
[2026-09-25T17:29:26.946+0000] {processor.py:161} INFO - Started process (PID=263) to work on /home/airflow/.local/lib/python3.12/site-packages/airflow/example_dags/example_datasets.py
[2026-09-25T17:29:26.948+0000] {processor.py:830} INFO - Processing file /home/airflow/.local/lib/python3.12/site-packages/airflow/example_dags/example_datasets.py for tasks to queue
[2026-09-25T17:29:26.954+0000] {logging_mixin.py:188} INFO - [2026-09-25T17:29:26.953+0000] {dagbag.py:545} INFO - Filling up the DagBag from /home/airflow/.local/lib/python3.12/site-packages/airflow/example_dags/example_datasets.py
[2026-09-25T17:29:27.078+0000] {processor.py:840} INFO - DAG(s) 'dataset_consumes_1', 'dataset_consumes_1_and_2', 'dataset_produces_2', 'consume_1_or_2_with_dataset_expressions', 'conditional_dataset_and_time_based_timetable', 'consume_1_and_2_with_dataset_expressions', 'consume_1_or_both_2_and_3_with_dataset_expressions', 'dataset_produces_1', 'dataset_consumes_1_never_scheduled', 'dataset_consumes_unknown_never_scheduled' retrieved from /home/airflow/.local/lib/python3.12/site-packages/airflow/example_dags/example_datasets.py
[2026-09-25T17:29:27.509+0000] {logging_mixin.py:188} INFO - [2026-09-25T17:29:27.498+0000] {dag.py:3096} INFO - Sync 10 DAGs
[2026-09-25T17:29:28.502+0000] {logging_mixin.py:188} INFO - [2026-09-25T17:29:28.492+0000] {dag.py:3954} INFO - Setting next_dagrun for conditional_dataset_and_time_based_timetable to 2026-09-23 01:00:00+00:00, run_after=2026-09-23 01:00:00+00:00
[2026-09-25T17:29:28.567+0000] {logging_mixin.py:188} INFO - [2026-09-25T17:29:28.562+0000] {dag.py:3954} INFO - Setting next_dagrun for consume_1_and_2_with_dataset_expressions to None, run_after=None
[2026-09-25T17:29:28.580+0000] {logging_mixin.py:188} INFO - [2026-09-25T17:29:28.576+0000] {dag.py:3954} INFO - Setting next_dagrun for consume_1_or_2_with_dataset_expressions to None, run_after=None
[2026-09-25T17:29:28.592+0000] {logging_mixin.py:188} INFO - [2026-09-25T17:29:28.591+0000] {dag.py:3954} INFO - Setting next_dagrun for consume_1_or_both_2_and_3_with_dataset_expressions to None, run_after=None
[2026-09-25T17:29:28.612+0000] {logging_mixin.py:188} INFO - [2026-09-25T17:29:28.611+0000] {dag.py:3954} INFO - Setting next_dagrun for dataset_consumes_1 to None, run_after=None
[2026-09-25T17:29:28.618+0000] {logging_mixin.py:188} INFO - [2026-09-25T17:29:28.618+0000] {dag.py:3954} INFO - Setting next_dagrun for dataset_consumes_1_and_2 to None, run_after=None
[2026-09-25T17:29:28.632+0000] {logging_mixin.py:188} INFO - [2026-09-25T17:29:28.631+0000] {dag.py:3954} INFO - Setting next_dagrun for dataset_consumes_1_never_scheduled to None, run_after=None
[2026-09-25T17:29:28.647+0000] {logging_mixin.py:188} INFO - [2026-09-25T17:29:28.644+0000] {dag.py:3954} INFO - Setting next_dagrun for dataset_consumes_unknown_never_scheduled to None, run_after=None
[2026-09-25T17:29:28.658+0000] {logging_mixin.py:188} INFO - [2026-09-25T17:29:28.658+0000] {dag.py:3954} INFO - Setting next_dagrun for dataset_produces_1 to 2026-09-24 00:00:00+00:00, run_after=2026-09-25 00:00:00+00:00
[2026-09-25T17:29:28.671+0000] {logging_mixin.py:188} INFO - [2026-09-25T17:29:28.666+0000] {dag.py:3954} INFO - Setting next_dagrun for dataset_produces_2 to None, run_after=None
[2026-09-25T17:29:28.843+0000] {processor.py:183} INFO - Processing /home/airflow/.local/lib/python3.12/site-packages/airflow/example_dags/example_datasets.py took 1.945 seconds
[2026-09-25T17:29:59.595+0000] {processor.py:161} INFO - Started process (PID=320) to work on /home/airflow/.local/lib/python3.12/site-packages/airflow/example_dags/example_datasets.py
[2026-09-25T17:29:59.601+0000] {processor.py:830} INFO - Processing file /home/airflow/.local/lib/python3.12/site-packages/airflow/example_dags/example_datasets.py for tasks to queue
[2026-09-25T17:29:59.623+0000] {logging_mixin.py:188} INFO - [2026-09-25T17:29:59.618+0000] {dagbag.py:545} INFO - Filling up the DagBag from /home/airflow/.local/lib/python3.12/site-packages/airflow/example_dags/example_datasets.py
[2026-09-25T17:29:59.691+0000] {processor.py:840} INFO - DAG(s) 'dataset_produces_1', 'dataset_consumes_1_never_scheduled', 'consume_1_or_2_with_dataset_expressions', 'dataset_consumes_1', 'consume_1_or_both_2_and_3_with_dataset_expressions', 'dataset_consumes_1_and_2', 'consume_1_and_2_with_dataset_expressions', 'dataset_produces_2', 'dataset_consumes_unknown_never_scheduled', 'conditional_dataset_and_time_based_timetable' retrieved from /home/airflow/.local/lib/python3.12/site-packages/airflow/example_dags/example_datasets.py
[2026-09-25T17:29:59.994+0000] {logging_mixin.py:188} INFO - [2026-09-25T17:29:59.993+0000] {dag.py:3096} INFO - Sync 10 DAGs
[2026-09-25T17:30:00.111+0000] {logging_mixin.py:188} INFO - [2026-09-25T17:30:00.110+0000] {dag.py:3954} INFO - Setting next_dagrun for conditional_dataset_and_time_based_timetable to 2026-09-23 01:00:00+00:00, run_after=2026-09-23 01:00:00+00:00
[2026-09-25T17:30:00.129+0000] {logging_mixin.py:188} INFO - [2026-09-25T17:30:00.127+0000] {dag.py:3954} INFO - Setting next_dagrun for consume_1_and_2_with_dataset_expressions to None, run_after=None
[2026-09-25T17:30:00.134+0000] {logging_mixin.py:188} INFO - [2026-09-25T17:30:00.134+0000] {dag.py:3954} INFO - Setting next_dagrun for consume_1_or_2_with_dataset_expressions to None, run_after=None
[2026-09-25T17:30:00.140+0000] {logging_mixin.py:188} INFO - [2026-09-25T17:30:00.139+0000] {dag.py:3954} INFO - Setting next_dagrun for consume_1_or_both_2_and_3_with_dataset_expressions to None, run_after=None
[2026-09-25T17:30:00.147+0000] {logging_mixin.py:188} INFO - [2026-09-25T17:30:00.146+0000] {dag.py:3954} INFO - Setting next_dagrun for dataset_consumes_1 to None, run_after=None
[2026-09-25T17:30:00.151+0000] {logging_mixin.py:188} INFO - [2026-09-25T17:30:00.150+0000] {dag.py:3954} INFO - Setting next_dagrun for dataset_consumes_1_and_2 to None, run_after=None
[2026-09-25T17:30:00.160+0000] {logging_mixin.py:188} INFO - [2026-09-25T17:30:00.158+0000] {dag.py:3954} INFO - Setting next_dagrun for dataset_consumes_1_never_scheduled to None, run_after=None
[2026-09-25T17:30:00.167+0000] {logging_mixin.py:188} INFO - [2026-09-25T17:30:00.166+0000] {dag.py:3954} INFO - Setting next_dagrun for dataset_consumes_unknown_never_scheduled to None, run_after=None
[2026-09-25T17:30:00.184+0000] {logging_mixin.py:188} INFO - [2026-09-25T17:30:00.182+0000] {dag.py:3954} INFO - Setting next_dagrun for dataset_produces_1 to 2026-09-24 00:00:00+00:00, run_after=2026-09-25 00:00:00+00:00
[2026-09-25T17:30:00.195+0000] {logging_mixin.py:188} INFO - [2026-09-25T17:30:00.193+0000] {dag.py:3954} INFO - Setting next_dagrun for dataset_produces_2 to None, run_after=None
[2026-09-25T17:30:00.391+0000] {processor.py:183} INFO - Processing /home/airflow/.local/lib/python3.12/site-packages/airflow/example_dags/example_datasets.py took 0.814 seconds
[2026-09-25T17:30:30.550+0000] {processor.py:161} INFO - Started process (PID=379) to work on /home/airflow/.local/lib/python3.12/site-packages/airflow/example_dags/example_datasets.py
[2026-09-25T17:30:30.557+0000] {processor.py:830} INFO - Processing file /home/airflow/.local/lib/python3.12/site-packages/airflow/example_dags/example_datasets.py for tasks to queue
[2026-09-25T17:30:30.563+0000] {logging_mixin.py:188} INFO - [2026-09-25T17:30:30.562+0000] {dagbag.py:545} INFO - Filling up the DagBag from /home/airflow/.local/lib/python3.12/site-packages/airflow/example_dags/example_datasets.py
[2026-09-25T17:30:30.607+0000] {processor.py:840} INFO - DAG(s) 'dataset_produces_1', 'dataset_produces_2', 'dataset_consumes_1_never_scheduled', 'dataset_consumes_1_and_2', 'consume_1_or_2_with_dataset_expressions', 'consume_1_or_both_2_and_3_with_dataset_expressions', 'dataset_consumes_1', 'dataset_consumes_unknown_never_scheduled', 'conditional_dataset_and_time_based_timetable', 'consume_1_and_2_with_dataset_expressions' retrieved from /home/airflow/.local/lib/python3.12/site-packages/airflow/example_dags/example_datasets.py
[2026-09-25T17:30:30.731+0000] {logging_mixin.py:188} INFO - [2026-09-25T17:30:30.731+0000] {dag.py:3096} INFO - Sync 10 DAGs
[2026-09-25T17:30:30.785+0000] {logging_mixin.py:188} INFO - [2026-09-25T17:30:30.785+0000] {dag.py:3954} INFO - Setting next_dagrun for conditional_dataset_and_time_based_timetable to 2026-09-23 01:00:00+00:00, run_after=2026-09-23 01:00:00+00:00
[2026-09-25T17:30:30.796+0000] {logging_mixin.py:188} INFO - [2026-09-25T17:30:30.796+0000] {dag.py:3954} INFO - Setting next_dagrun for consume_1_and_2_with_dataset_expressions to None, run_after=None
[2026-09-25T17:30:30.799+0000] {logging_mixin.py:188} INFO - [2026-09-25T17:30:30.799+0000] {dag.py:3954} INFO - Setting next_dagrun for consume_1_or_2_with_dataset_expressions to None, run_after=None
[2026-09-25T17:30:30.802+0000] {logging_mixin.py:188} INFO - [2026-09-25T17:30:30.801+0000] {dag.py:3954} INFO - Setting next_dagrun for consume_1_or_both_2_and_3_with_dataset_expressions to None, run_after=None
[2026-09-25T17:30:30.804+0000] {logging_mixin.py:188} INFO - [2026-09-25T17:30:30.804+0000] {dag.py:3954} INFO - Setting next_dagrun for dataset_consumes_1 to None, run_after=None
[2026-09-25T17:30:30.807+0000] {logging_mixin.py:188} INFO - [2026-09-25T17:30:30.806+0000] {dag.py:3954} INFO - Setting next_dagrun for dataset_consumes_1_and_2 to None, run_after=None
[2026-09-25T17:30:30.809+0000] {logging_mixin.py:188} INFO - [2026-09-25T17:30:30.809+0000] {dag.py:3954} INFO - Setting next_dagrun for dataset_consumes_1_never_scheduled to None, run_after=None
[2026-09-25T17:30:30.812+0000] {logging_mixin.py:188} INFO - [2026-09-25T17:30:30.811+0000] {dag.py:3954} INFO - Setting next_dagrun for dataset_consumes_unknown_never_scheduled to None, run_after=None
[2026-09-25T17:30:30.817+0000] {logging_mixin.py:188} INFO - [2026-09-25T17:30:30.817+0000] {dag.py:3954} INFO - Setting next_dagrun for dataset_produces_1 to 2026-09-24 00:00:00+00:00, run_after=2026-09-25 00:00:00+00:00
[2026-09-25T17:30:30.820+0000] {logging_mixin.py:188} INFO - [2026-09-25T17:30:30.820+0000] {dag.py:3954} INFO - Setting next_dagrun for dataset_produces_2 to None, run_after=None
[2026-09-25T17:30:30.898+0000] {processor.py:183} INFO - Processing /home/airflow/.local/lib/python3.12/site-packages/airflow/example_dags/example_datasets.py took 0.364 seconds
[2026-09-25T17:31:01.297+0000] {processor.py:161} INFO - Started process (PID=436) to work on /home/airflow/.local/lib/python3.12/site-packages/airflow/example_dags/example_datasets.py
[2026-09-25T17:31:01.300+0000] {processor.py:830} INFO - Processing file /home/airflow/.local/lib/python3.12/site-packages/airflow/example_dags/example_datasets.py for tasks to queue
[2026-09-25T17:31:01.309+0000] {logging_mixin.py:188} INFO - [2026-09-25T17:31:01.307+0000] {dagbag.py:545} INFO - Filling up the DagBag from /home/airflow/.local/lib/python3.12/site-packages/airflow/example_dags/example_datasets.py
[2026-09-25T17:31:01.382+0000] {processor.py:840} INFO - DAG(s) 'dataset_consumes_1', 'dataset_produces_1', 'consume_1_and_2_with_dataset_expressions', 'dataset_produces_2', 'conditional_dataset_and_time_based_timetable', 'dataset_consumes_1_never_scheduled', 'dataset_consumes_unknown_never_scheduled', 'consume_1_or_2_with_dataset_expressions', 'dataset_consumes_1_and_2', 'consume_1_or_both_2_and_3_with_dataset_expressions' retrieved from /home/airflow/.local/lib/python3.12/site-packages/airflow/example_dags/example_datasets.py
[2026-09-25T17:31:01.872+0000] {logging_mixin.py:188} INFO - [2026-09-25T17:31:01.872+0000] {dag.py:3096} INFO - Sync 10 DAGs
[2026-09-25T17:31:01.981+0000] {logging_mixin.py:188} INFO - [2026-09-25T17:31:01.980+0000] {dag.py:3954} INFO - Setting next_dagrun for conditional_dataset_and_time_based_timetable to 2026-09-23 01:00:00+00:00, run_after=2026-09-23 01:00:00+00:00
[2026-09-25T17:31:01.991+0000] {logging_mixin.py:188} INFO - [2026-09-25T17:31:01.990+0000] {dag.py:3954} INFO - Setting next_dagrun for consume_1_and_2_with_dataset_expressions to None, run_after=None
[2026-09-25T17:31:01.994+0000] {logging_mixin.py:188} INFO - [2026-09-25T17:31:01.994+0000] {dag.py:3954} INFO - Setting next_dagrun for consume_1_or_2_with_dataset_expressions to None, run_after=None
[2026-09-25T17:31:01.997+0000] {logging_mixin.py:188} INFO - [2026-09-25T17:31:01.997+0000] {dag.py:3954} INFO - Setting next_dagrun for consume_1_or_both_2_and_3_with_dataset_expressions to None, run_after=None
[2026-09-25T17:31:02.000+0000] {logging_mixin.py:188} INFO - [2026-09-25T17:31:02.000+0000] {dag.py:3954} INFO - Setting next_dagrun for dataset_consumes_1 to None, run_after=None
[2026-09-25T17:31:02.004+0000] {logging_mixin.py:188} INFO - [2026-09-25T17:31:02.003+0000] {dag.py:3954} INFO - Setting next_dagrun for dataset_consumes_1_and_2 to None, run_after=None
[2026-09-25T17:31:02.007+0000] {logging_mixin.py:188} INFO - [2026-09-25T17:31:02.007+0000] {dag.py:3954} INFO - Setting next_dagrun for dataset_consumes_1_never_scheduled to None, run_after=None
[2026-09-25T17:31:02.010+0000] {logging_mixin.py:188} INFO - [2026-09-25T17:31:02.009+0000] {dag.py:3954} INFO - Setting next_dagrun for dataset_consumes_unknown_never_scheduled to None, run_after=None
[2026-09-25T17:31:02.015+0000] {logging_mixin.py:188} INFO - [2026-09-25T17:31:02.015+0000] {dag.py:3954} INFO - Setting next_dagrun for dataset_produces_1 to 2026-09-24 00:00:00+00:00, run_after=2026-09-25 00:00:00+00:00
[2026-09-25T17:31:02.017+0000] {logging_mixin.py:188} INFO - [2026-09-25T17:31:02.017+0000] {dag.py:3954} INFO - Setting next_dagrun for dataset_produces_2 to None, run_after=None
[2026-09-25T17:31:02.180+0000] {processor.py:183} INFO - Processing /home/airflow/.local/lib/python3.12/site-packages/airflow/example_dags/example_datasets.py took 0.923 seconds
[2026-09-25T17:31:32.937+0000] {processor.py:161} INFO - Started process (PID=494) to work on /home/airflow/.local/lib/python3.12/site-packages/airflow/example_dags/example_datasets.py
[2026-09-25T17:31:32.942+0000] {processor.py:830} INFO - Processing file /home/airflow/.local/lib/python3.12/site-packages/airflow/example_dags/example_datasets.py for tasks to queue
[2026-09-25T17:31:32.966+0000] {logging_mixin.py:188} INFO - [2026-09-25T17:31:32.964+0000] {dagbag.py:545} INFO - Filling up the DagBag from /home/airflow/.local/lib/python3.12/site-packages/airflow/example_dags/example_datasets.py
[2026-09-25T17:31:33.041+0000] {processor.py:840} INFO - DAG(s) 'conditional_dataset_and_time_based_timetable', 'dataset_consumes_1_never_scheduled', 'consume_1_or_both_2_and_3_with_dataset_expressions', 'dataset_produces_2', 'dataset_consumes_unknown_never_scheduled', 'dataset_consumes_1', 'dataset_consumes_1_and_2', 'dataset_produces_1', 'consume_1_and_2_with_dataset_expressions', 'consume_1_or_2_with_dataset_expressions' retrieved from /home/airflow/.local/lib/python3.12/site-packages/airflow/example_dags/example_datasets.py
[2026-09-25T17:31:33.215+0000] {logging_mixin.py:188} INFO - [2026-09-25T17:31:33.214+0000] {dag.py:3096} INFO - Sync 10 DAGs
[2026-09-25T17:31:33.290+0000] {logging_mixin.py:188} INFO - [2026-09-25T17:31:33.290+0000] {dag.py:3954} INFO - Setting next_dagrun for conditional_dataset_and_time_based_timetable to 2026-09-23 01:00:00+00:00, run_after=2026-09-23 01:00:00+00:00
[2026-09-25T17:31:33.302+0000] {logging_mixin.py:188} INFO - [2026-09-25T17:31:33.302+0000] {dag.py:3954} INFO - Setting next_dagrun for consume_1_and_2_with_dataset_expressions to None, run_after=None
[2026-09-25T17:31:33.305+0000] {logging_mixin.py:188} INFO - [2026-09-25T17:31:33.304+0000] {dag.py:3954} INFO - Setting next_dagrun for consume_1_or_2_with_dataset_expressions to None, run_after=None
[2026-09-25T17:31:33.308+0000] {logging_mixin.py:188} INFO - [2026-09-25T17:31:33.307+0000] {dag.py:3954} INFO - Setting next_dagrun for consume_1_or_both_2_and_3_with_dataset_expressions to None, run_after=None
[2026-09-25T17:31:33.310+0000] {logging_mixin.py:188} INFO - [2026-09-25T17:31:33.310+0000] {dag.py:3954} INFO - Setting next_dagrun for dataset_consumes_1 to None, run_after=None
[2026-09-25T17:31:33.313+0000] {logging_mixin.py:188} INFO - [2026-09-25T17:31:33.313+0000] {dag.py:3954} INFO - Setting next_dagrun for dataset_consumes_1_and_2 to None, run_after=None
[2026-09-25T17:31:33.316+0000] {logging_mixin.py:188} INFO - [2026-09-25T17:31:33.316+0000] {dag.py:3954} INFO - Setting next_dagrun for dataset_consumes_1_never_scheduled to None, run_after=None
[2026-09-25T17:31:33.320+0000] {logging_mixin.py:188} INFO - [2026-09-25T17:31:33.320+0000] {dag.py:3954} INFO - Setting next_dagrun for dataset_consumes_unknown_never_scheduled to None, run_after=None
[2026-09-25T17:31:33.329+0000] {logging_mixin.py:188} INFO - [2026-09-25T17:31:33.328+0000] {dag.py:3954} INFO - Setting next_dagrun for dataset_produces_1 to 2026-09-24 00:00:00+00:00, run_after=2026-09-25 00:00:00+00:00
[2026-09-25T17:31:33.333+0000] {logging_mixin.py:188} INFO - [2026-09-25T17:31:33.332+0000] {dag.py:3954} INFO - Setting next_dagrun for dataset_produces_2 to None, run_after=None
[2026-09-25T17:31:33.462+0000] {processor.py:183} INFO - Processing /home/airflow/.local/lib/python3.12/site-packages/airflow/example_dags/example_datasets.py took 0.554 seconds
