[2026-09-25T17:27:39.469+0000] {processor.py:161} INFO - Started process (PID=85) to work on /home/airflow/.local/lib/python3.12/site-packages/airflow/example_dags/example_display_name.py
[2026-09-25T17:27:39.471+0000] {processor.py:830} INFO - Processing file /home/airflow/.local/lib/python3.12/site-packages/airflow/example_dags/example_display_name.py for tasks to queue
[2026-09-25T17:27:39.477+0000] {logging_mixin.py:188} INFO - [2026-09-25T17:27:39.476+0000] {dagbag.py:545} INFO - Filling up the DagBag from /home/airflow/.local/lib/python3.12/site-packages/airflow/example_dags/example_display_name.py
[2026-09-25T17:27:39.505+0000] {processor.py:840} INFO - DAG(s) 'example_display_name' retrieved from /home/airflow/.local/lib/python3.12/site-packages/airflow/example_dags/example_display_name.py
[2026-09-25T17:27:41.079+0000] {logging_mixin.py:188} INFO - [2026-09-25T17:27:41.076+0000] {dag.py:3096} INFO - Sync 1 DAGs
[2026-09-25T17:27:41.173+0000] {logging_mixin.py:188} INFO - [2026-09-25T17:27:41.171+0000] {dag.py:3954} INFO - Setting next_dagrun for example_display_name to None, run_after=None
[2026-09-25T17:27:41.474+0000] {processor.py:183} INFO - Processing /home/airflow/.local/lib/python3.12/site-packages/airflow/example_dags/example_display_name.py took 2.027 seconds
[2026-09-25T17:28:23.962+0000] {processor.py:161} INFO - Started process (PID=150) to work on /home/airflow/.local/lib/python3.12/site-packages/airflow/example_dags/example_display_name.py
[2026-09-25T17:28:23.964+0000] {processor.py:830} INFO - Processing file /home/airflow/.local/lib/python3.12/site-packages/airflow/example_dags/example_display_name.py for tasks to queue
[2026-09-25T17:28:23.970+0000] {logging_mixin.py:188} INFO - [2026-09-25T17:28:23.969+0000] {dagbag.py:545} INFO - Filling up the DagBag from /home/airflow/.local/lib/python3.12/site-packages/airflow/example_dags/example_display_name.py
[2026-09-25T17:28:23.987+0000] {processor.py:840} INFO - DAG(s) 'example_display_name' retrieved from /home/airflow/.local/lib/python3.12/site-packages/airflow/example_dags/example_display_name.py
[2026-09-25T17:28:24.054+0000] {logging_mixin.py:188} INFO - [2026-09-25T17:28:24.053+0000] {dag.py:3096} INFO - Sync 1 DAGs
[2026-09-25T17:28:24.106+0000] {logging_mixin.py:188} INFO - [2026-09-25T17:28:24.106+0000] {dag.py:3954} INFO - Setting next_dagrun for example_display_name to None, run_after=None
[2026-09-25T17:28:24.196+0000] {processor.py:183} INFO - Processing /home/airflow/.local/lib/python3.12/site-packages/airflow/example_dags/example_display_name.py took 0.265 seconds
[2026-09-25T17:28:56.856+0000] {processor.py:161} INFO - Started process (PID=208) to work on /home/airflow/.local/lib/python3.12/site-packages/airflow/example_dags/example_display_name.py
[2026-09-25T17:28:56.858+0000] {processor.py:830} INFO - Processing file /home/airflow/.local/lib/python3.12/site-packages/airflow/example_dags/example_display_name.py for tasks to queue
[2026-09-25T17:28:56.861+0000] {logging_mixin.py:188} INFO - [2026-09-25T17:28:56.861+0000] {dagbag.py:545} INFO - Filling up the DagBag from /home/airflow/.local/lib/python3.12/site-packages/airflow/example_dags/example_display_name.py
[2026-09-25T17:28:56.879+0000] {processor.py:840} INFO - DAG(s) 'example_display_name' retrieved from /home/airflow/.local/lib/python3.12/site-packages/airflow/example_dags/example_display_name.py
[2026-09-25T17:28:56.942+0000] {logging_mixin.py:188} INFO - [2026-09-25T17:28:56.942+0000] {dag.py:3096} INFO - Sync 1 DAGs
[2026-09-25T17:28:57.003+0000] {logging_mixin.py:188} INFO - [2026-09-25T17:28:57.002+0000] {dag.py:3954} INFO - Setting next_dagrun for example_display_name to None, run_after=None
[2026-09-25T17:28:57.087+0000] {processor.py:183} INFO - Processing /home/airflow/.local/lib/python3.12/site-packages/airflow/example_dags/example_display_name.py took 0.253 seconds
[2026-09-25T17:29:28.964+0000] {processor.py:161} INFO - Started process (PID=264) to work on /home/airflow/.local/lib/python3.12/site-packages/airflow/example_dags/example_display_name.py
[2026-09-25T17:29:28.966+0000] {processor.py:830} INFO - Processing file /home/airflow/.local/lib/python3.12/site-packages/airflow/example_dags/example_display_name.py for tasks to queue
[2026-09-25T17:29:28.972+0000] {logging_mixin.py:188} INFO - [2026-09-25T17:29:28.971+0000] {dagbag.py:545} INFO - Filling up the DagBag from /home/airflow/.local/lib/python3.12/site-packages/airflow/example_dags/example_display_name.py
[2026-09-25T17:29:28.989+0000] {processor.py:840} INFO - DAG(s) 'example_display_name' retrieved from /home/airflow/.local/lib/python3.12/site-packages/airflow/example_dags/example_display_name.py
[2026-09-25T17:29:29.160+0000] {logging_mixin.py:188} INFO - [2026-09-25T17:29:29.155+0000] {dag.py:3096} INFO - Sync 1 DAGs
[2026-09-25T17:29:29.293+0000] {logging_mixin.py:188} INFO - [2026-09-25T17:29:29.292+0000] {dag.py:3954} INFO - Setting next_dagrun for example_display_name to None, run_after=None
[2026-09-25T17:29:29.404+0000] {processor.py:183} INFO - Processing /home/airflow/.local/lib/python3.12/site-packages/airflow/example_dags/example_display_name.py took 0.463 seconds
[2026-09-25T17:29:59.638+0000] {processor.py:161} INFO - Started process (PID=321) to work on /home/airflow/.local/lib/python3.12/site-packages/airflow/example_dags/example_display_name.py
[2026-09-25T17:29:59.645+0000] {processor.py:830} INFO - Processing file /home/airflow/.local/lib/python3.12/site-packages/airflow/example_dags/example_display_name.py for tasks to queue
[2026-09-25T17:29:59.664+0000] {logging_mixin.py:188} INFO - [2026-09-25T17:29:59.661+0000] {dagbag.py:545} INFO - Filling up the DagBag from /home/airflow/.local/lib/python3.12/site-packages/airflow/example_dags/example_display_name.py
[2026-09-25T17:29:59.712+0000] {processor.py:840} INFO - DAG(s) 'example_display_name' retrieved from /home/airflow/.local/lib/python3.12/site-packages/airflow/example_dags/example_display_name.py
[2026-09-25T17:29:59.845+0000] {logging_mixin.py:188} INFO - [2026-09-25T17:29:59.841+0000] {dag.py:3096} INFO - Sync 1 DAGs
[2026-09-25T17:29:59.907+0000] {logging_mixin.py:188} INFO - [2026-09-25T17:29:59.904+0000] {dag.py:3954} INFO - Setting next_dagrun for example_display_name to None, run_after=None
[2026-09-25T17:29:59.982+0000] {processor.py:183} INFO - Processing /home/airflow/.local/lib/python3.12/site-packages/airflow/example_dags/example_display_name.py took 0.368 seconds
[2026-09-25T17:30:30.263+0000] {processor.py:161} INFO - Started process (PID=378) to work on /home/airflow/.local/lib/python3.12/site-packages/airflow/example_dags/example_display_name.py
[2026-09-25T17:30:30.271+0000] {processor.py:830} INFO - Processing file /home/airflow/.local/lib/python3.12/site-packages/airflow/example_dags/example_display_name.py for tasks to queue
[2026-09-25T17:30:30.278+0000] {logging_mixin.py:188} INFO - [2026-09-25T17:30:30.277+0000] {dagbag.py:545} INFO - Filling up the DagBag from /home/airflow/.local/lib/python3.12/site-packages/airflow/example_dags/example_display_name.py
[2026-09-25T17:30:30.301+0000] {processor.py:840} INFO - DAG(s) 'example_display_name' retrieved from /home/airflow/.local/lib/python3.12/site-packages/airflow/example_dags/example_display_name.py
[2026-09-25T17:30:30.386+0000] {logging_mixin.py:188} INFO - [2026-09-25T17:30:30.385+0000] {dag.py:3096} INFO - Sync 1 DAGs
[2026-09-25T17:30:30.434+0000] {logging_mixin.py:188} INFO - [2026-09-25T17:30:30.434+0000] {dag.py:3954} INFO - Setting next_dagrun for example_display_name to None, run_after=None
[2026-09-25T17:30:30.488+0000] {processor.py:183} INFO - Processing /home/airflow/.local/lib/python3.12/site-packages/airflow/example_dags/example_display_name.py took 0.251 seconds
[2026-09-25T17:31:01.322+0000] {processor.py:161} INFO - Started process (PID=437) to work on /home/airflow/.local/lib/python3.12/site-packages/airflow/example_dags/example_display_name.py
[2026-09-25T17:31:01.324+0000] {processor.py:830} INFO - Processing file /home/airflow/.local/lib/python3.12/site-packages/airflow/example_dags/example_display_name.py for tasks to queue
[2026-09-25T17:31:01.330+0000] {logging_mixin.py:188} INFO - [2026-09-25T17:31:01.329+0000] {dagbag.py:545} INFO - Filling up the DagBag from /home/airflow/.local/lib/python3.12/site-packages/airflow/example_dags/example_display_name.py
[2026-09-25T17:31:01.453+0000] {processor.py:840} INFO - DAG(s) 'example_display_name' retrieved from /home/airflow/.local/lib/python3.12/site-packages/airflow/example_dags/example_display_name.py
[2026-09-25T17:31:01.842+0000] {logging_mixin.py:188} INFO - [2026-09-25T17:31:01.842+0000] {dag.py:3096} INFO - Sync 1 DAGs
[2026-09-25T17:31:02.075+0000] {logging_mixin.py:188} INFO - [2026-09-25T17:31:02.074+0000] {dag.py:3954} INFO - Setting next_dagrun for example_display_name to None, run_after=None
[2026-09-25T17:31:02.244+0000] {processor.py:183} INFO - Processing /home/airflow/.local/lib/python3.12/site-packages/airflow/example_dags/example_display_name.py took 0.946 seconds
[2026-09-25T17:31:32.958+0000] {processor.py:161} INFO - Started process (PID=495) to work on /home/airflow/.local/lib/python3.12/site-packages/airflow/example_dags/example_display_name.py
[2026-09-25T17:31:32.962+0000] {processor.py:830} INFO - Processing file /home/airflow/.local/lib/python3.12/site-packages/airflow/example_dags/example_display_name.py for tasks to queue
[2026-09-25T17:31:32.971+0000] {logging_mixin.py:188} INFO - [2026-09-25T17:31:32.969+0000] {dagbag.py:545} INFO - Filling up the DagBag from /home/airflow/.local/lib/python3.12/site-packages/airflow/example_dags/example_display_name.py
[2026-09-25T17:31:32.994+0000] {processor.py:840} INFO - DAG(s) 'example_display_name' retrieved from /home/airflow/.local/lib/python3.12/site-packages/airflow/example_dags/example_display_name.py
[2026-09-25T17:31:33.089+0000] {logging_mixin.py:188} INFO - [2026-09-25T17:31:33.087+0000] {dag.py:3096} INFO - Sync 1 DAGs
[2026-09-25T17:31:33.154+0000] {logging_mixin.py:188} INFO - [2026-09-25T17:31:33.153+0000] {dag.py:3954} INFO - Setting next_dagrun for example_display_name to None, run_after=None
[2026-09-25T17:31:33.211+0000] {processor.py:183} INFO - Processing /home/airflow/.local/lib/python3.12/site-packages/airflow/example_dags/example_display_name.py took 0.280 seconds
