[2026-09-25T17:27:50.276+0000] {processor.py:161} INFO - Started process (PID=104) to work on /home/airflow/.local/lib/python3.12/site-packages/airflow/example_dags/example_python_decorator.py
[2026-09-25T17:27:50.279+0000] {processor.py:830} INFO - Processing file /home/airflow/.local/lib/python3.12/site-packages/airflow/example_dags/example_python_decorator.py for tasks to queue
[2026-09-25T17:27:50.284+0000] {logging_mixin.py:188} INFO - [2026-09-25T17:27:50.283+0000] {dagbag.py:545} INFO - Filling up the DagBag from /home/airflow/.local/lib/python3.12/site-packages/airflow/example_dags/example_python_decorator.py
[2026-09-25T17:27:50.361+0000] {processor.py:840} INFO - DAG(s) 'example_python_decorator' retrieved from /home/airflow/.local/lib/python3.12/site-packages/airflow/example_dags/example_python_decorator.py
[2026-09-25T17:27:50.711+0000] {logging_mixin.py:188} INFO - [2026-09-25T17:27:50.710+0000] {dag.py:3096} INFO - Sync 1 DAGs
[2026-09-25T17:27:50.743+0000] {logging_mixin.py:188} INFO - [2026-09-25T17:27:50.743+0000] {dag.py:3954} INFO - Setting next_dagrun for example_python_decorator to None, run_after=None
[2026-09-25T17:27:50.815+0000] {processor.py:183} INFO - Processing /home/airflow/.local/lib/python3.12/site-packages/airflow/example_dags/example_python_decorator.py took 0.569 seconds
[2026-09-25T17:28:28.611+0000] {processor.py:161} INFO - Started process (PID=162) to work on /home/airflow/.local/lib/python3.12/site-packages/airflow/example_dags/example_python_decorator.py
[2026-09-25T17:28:28.613+0000] {processor.py:830} INFO - Processing file /home/airflow/.local/lib/python3.12/site-packages/airflow/example_dags/example_python_decorator.py for tasks to queue
[2026-09-25T17:28:28.620+0000] {logging_mixin.py:188} INFO - [2026-09-25T17:28:28.619+0000] {dagbag.py:545} INFO - Filling up the DagBag from /home/airflow/.local/lib/python3.12/site-packages/airflow/example_dags/example_python_decorator.py
[2026-09-25T17:28:28.672+0000] {processor.py:840} INFO - DAG(s) 'example_python_decorator' retrieved from /home/airflow/.local/lib/python3.12/site-packages/airflow/example_dags/example_python_decorator.py
[2026-09-25T17:28:28.797+0000] {logging_mixin.py:188} INFO - [2026-09-25T17:28:28.796+0000] {dag.py:3096} INFO - Sync 1 DAGs
[2026-09-25T17:28:28.946+0000] {logging_mixin.py:188} INFO - [2026-09-25T17:28:28.946+0000] {dag.py:3954} INFO - Setting next_dagrun for example_python_decorator to None, run_after=None
[2026-09-25T17:28:29.234+0000] {processor.py:183} INFO - Processing /home/airflow/.local/lib/python3.12/site-packages/airflow/example_dags/example_python_decorator.py took 0.648 seconds
[2026-09-25T17:29:00.042+0000] {processor.py:161} INFO - Started process (PID=220) to work on /home/airflow/.local/lib/python3.12/site-packages/airflow/example_dags/example_python_decorator.py
[2026-09-25T17:29:00.045+0000] {processor.py:830} INFO - Processing file /home/airflow/.local/lib/python3.12/site-packages/airflow/example_dags/example_python_decorator.py for tasks to queue
[2026-09-25T17:29:00.064+0000] {logging_mixin.py:188} INFO - [2026-09-25T17:29:00.059+0000] {dagbag.py:545} INFO - Filling up the DagBag from /home/airflow/.local/lib/python3.12/site-packages/airflow/example_dags/example_python_decorator.py
[2026-09-25T17:29:00.161+0000] {processor.py:840} INFO - DAG(s) 'example_python_decorator' retrieved from /home/airflow/.local/lib/python3.12/site-packages/airflow/example_dags/example_python_decorator.py
[2026-09-25T17:29:00.275+0000] {logging_mixin.py:188} INFO - [2026-09-25T17:29:00.274+0000] {dag.py:3096} INFO - Sync 1 DAGs
[2026-09-25T17:29:00.332+0000] {logging_mixin.py:188} INFO - [2026-09-25T17:29:00.332+0000] {dag.py:3954} INFO - Setting next_dagrun for example_python_decorator to None, run_after=None
[2026-09-25T17:29:00.415+0000] {processor.py:183} INFO - Processing /home/airflow/.local/lib/python3.12/site-packages/airflow/example_dags/example_python_decorator.py took 0.416 seconds
[2026-09-25T17:29:38.198+0000] {processor.py:161} INFO - Started process (PID=278) to work on /home/airflow/.local/lib/python3.12/site-packages/airflow/example_dags/example_python_decorator.py
[2026-09-25T17:29:38.210+0000] {processor.py:830} INFO - Processing file /home/airflow/.local/lib/python3.12/site-packages/airflow/example_dags/example_python_decorator.py for tasks to queue
[2026-09-25T17:29:38.234+0000] {logging_mixin.py:188} INFO - [2026-09-25T17:29:38.233+0000] {dagbag.py:545} INFO - Filling up the DagBag from /home/airflow/.local/lib/python3.12/site-packages/airflow/example_dags/example_python_decorator.py
[2026-09-25T17:29:38.531+0000] {processor.py:840} INFO - DAG(s) 'example_python_decorator' retrieved from /home/airflow/.local/lib/python3.12/site-packages/airflow/example_dags/example_python_decorator.py
[2026-09-25T17:29:38.842+0000] {logging_mixin.py:188} INFO - [2026-09-25T17:29:38.836+0000] {dag.py:3096} INFO - Sync 1 DAGs
[2026-09-25T17:29:39.045+0000] {logging_mixin.py:188} INFO - [2026-09-25T17:29:39.042+0000] {dag.py:3954} INFO - Setting next_dagrun for example_python_decorator to None, run_after=None
[2026-09-25T17:29:39.197+0000] {processor.py:183} INFO - Processing /home/airflow/.local/lib/python3.12/site-packages/airflow/example_dags/example_python_decorator.py took 1.075 seconds
[2026-09-25T17:30:10.162+0000] {processor.py:161} INFO - Started process (PID=336) to work on /home/airflow/.local/lib/python3.12/site-packages/airflow/example_dags/example_python_decorator.py
[2026-09-25T17:30:10.168+0000] {processor.py:830} INFO - Processing file /home/airflow/.local/lib/python3.12/site-packages/airflow/example_dags/example_python_decorator.py for tasks to queue
[2026-09-25T17:30:10.176+0000] {logging_mixin.py:188} INFO - [2026-09-25T17:30:10.175+0000] {dagbag.py:545} INFO - Filling up the DagBag from /home/airflow/.local/lib/python3.12/site-packages/airflow/example_dags/example_python_decorator.py
[2026-09-25T17:30:10.258+0000] {processor.py:840} INFO - DAG(s) 'example_python_decorator' retrieved from /home/airflow/.local/lib/python3.12/site-packages/airflow/example_dags/example_python_decorator.py
[2026-09-25T17:30:10.369+0000] {logging_mixin.py:188} INFO - [2026-09-25T17:30:10.368+0000] {dag.py:3096} INFO - Sync 1 DAGs
[2026-09-25T17:30:10.570+0000] {logging_mixin.py:188} INFO - [2026-09-25T17:30:10.569+0000] {dag.py:3954} INFO - Setting next_dagrun for example_python_decorator to None, run_after=None
[2026-09-25T17:30:10.844+0000] {processor.py:183} INFO - Processing /home/airflow/.local/lib/python3.12/site-packages/airflow/example_dags/example_python_decorator.py took 0.706 seconds
[2026-09-25T17:30:41.400+0000] {processor.py:161} INFO - Started process (PID=392) to work on /home/airflow/.local/lib/python3.12/site-packages/airflow/example_dags/example_python_decorator.py
[2026-09-25T17:30:41.408+0000] {processor.py:830} INFO - Processing file /home/airflow/.local/lib/python3.12/site-packages/airflow/example_dags/example_python_decorator.py for tasks to queue
[2026-09-25T17:30:41.418+0000] {logging_mixin.py:188} INFO - [2026-09-25T17:30:41.417+0000] {dagbag.py:545} INFO - Filling up the DagBag from /home/airflow/.local/lib/python3.12/site-packages/airflow/example_dags/example_python_decorator.py
[2026-09-25T17:30:41.508+0000] {processor.py:840} INFO - DAG(s) 'example_python_decorator' retrieved from /home/airflow/.local/lib/python3.12/site-packages/airflow/example_dags/example_python_decorator.py
[2026-09-25T17:30:41.596+0000] {logging_mixin.py:188} INFO - [2026-09-25T17:30:41.596+0000] {dag.py:3096} INFO - Sync 1 DAGs
[2026-09-25T17:30:41.628+0000] {logging_mixin.py:188} INFO - [2026-09-25T17:30:41.627+0000] {dag.py:3954} INFO - Setting next_dagrun for example_python_decorator to None, run_after=None
[2026-09-25T17:30:41.688+0000] {processor.py:183} INFO - Processing /home/airflow/.local/lib/python3.12/site-packages/airflow/example_dags/example_python_decorator.py took 0.325 seconds
[2026-09-25T17:31:12.185+0000] {processor.py:161} INFO - Started process (PID=450) to work on /home/airflow/.local/lib/python3.12/site-packages/airflow/example_dags/example_python_decorator.py
[2026-09-25T17:31:12.195+0000] {processor.py:830} INFO - Processing file /home/airflow/.local/lib/python3.12/site-packages/airflow/example_dags/example_python_decorator.py for tasks to queue
[2026-09-25T17:31:12.207+0000] {logging_mixin.py:188} INFO - [2026-09-25T17:31:12.202+0000] {dagbag.py:545} INFO - Filling up the DagBag from /home/airflow/.local/lib/python3.12/site-packages/airflow/example_dags/example_python_decorator.py
[2026-09-25T17:31:12.280+0000] {processor.py:840} INFO - DAG(s) 'example_python_decorator' retrieved from /home/airflow/.local/lib/python3.12/site-packages/airflow/example_dags/example_python_decorator.py
[2026-09-25T17:31:12.403+0000] {logging_mixin.py:188} INFO - [2026-09-25T17:31:12.402+0000] {dag.py:3096} INFO - Sync 1 DAGs
[2026-09-25T17:31:12.528+0000] {logging_mixin.py:188} INFO - [2026-09-25T17:31:12.527+0000] {dag.py:3954} INFO - Setting next_dagrun for example_python_decorator to None, run_after=None
[2026-09-25T17:31:12.669+0000] {processor.py:183} INFO - Processing /home/airflow/.local/lib/python3.12/site-packages/airflow/example_dags/example_python_decorator.py took 0.507 seconds
