[2026-09-25T17:27:56.344+0000] {processor.py:161} INFO - Started process (PID=116) to work on /home/airflow/.local/lib/python3.12/site-packages/airflow/example_dags/example_task_group_decorator.py
[2026-09-25T17:27:56.347+0000] {processor.py:830} INFO - Processing file /home/airflow/.local/lib/python3.12/site-packages/airflow/example_dags/example_task_group_decorator.py for tasks to queue
[2026-09-25T17:27:56.351+0000] {logging_mixin.py:188} INFO - [2026-09-25T17:27:56.350+0000] {dagbag.py:545} INFO - Filling up the DagBag from /home/airflow/.local/lib/python3.12/site-packages/airflow/example_dags/example_task_group_decorator.py
[2026-09-25T17:27:56.427+0000] {processor.py:840} INFO - DAG(s) 'example_task_group_decorator' retrieved from /home/airflow/.local/lib/python3.12/site-packages/airflow/example_dags/example_task_group_decorator.py
[2026-09-25T17:27:57.115+0000] {logging_mixin.py:188} INFO - [2026-09-25T17:27:57.115+0000] {dag.py:3096} INFO - Sync 1 DAGs
[2026-09-25T17:27:57.256+0000] {logging_mixin.py:188} INFO - [2026-09-25T17:27:57.255+0000] {dag.py:3954} INFO - Setting next_dagrun for example_task_group_decorator to 2026-09-24 00:00:00+00:00, run_after=2026-09-25 00:00:00+00:00
[2026-09-25T17:27:57.499+0000] {processor.py:183} INFO - Processing /home/airflow/.local/lib/python3.12/site-packages/airflow/example_dags/example_task_group_decorator.py took 1.189 seconds
[2026-09-25T17:28:33.203+0000] {processor.py:161} INFO - Started process (PID=174) to work on /home/airflow/.local/lib/python3.12/site-packages/airflow/example_dags/example_task_group_decorator.py
[2026-09-25T17:28:33.207+0000] {processor.py:830} INFO - Processing file /home/airflow/.local/lib/python3.12/site-packages/airflow/example_dags/example_task_group_decorator.py for tasks to queue
[2026-09-25T17:28:33.219+0000] {logging_mixin.py:188} INFO - [2026-09-25T17:28:33.218+0000] {dagbag.py:545} INFO - Filling up the DagBag from /home/airflow/.local/lib/python3.12/site-packages/airflow/example_dags/example_task_group_decorator.py
[2026-09-25T17:28:33.522+0000] {processor.py:840} INFO - DAG(s) 'example_task_group_decorator' retrieved from /home/airflow/.local/lib/python3.12/site-packages/airflow/example_dags/example_task_group_decorator.py
[2026-09-25T17:28:33.909+0000] {logging_mixin.py:188} INFO - [2026-09-25T17:28:33.908+0000] {dag.py:3096} INFO - Sync 1 DAGs
[2026-09-25T17:28:34.063+0000] {logging_mixin.py:188} INFO - [2026-09-25T17:28:34.061+0000] {dag.py:3954} INFO - Setting next_dagrun for example_task_group_decorator to 2026-09-24 00:00:00+00:00, run_after=2026-09-25 00:00:00+00:00
[2026-09-25T17:28:34.195+0000] {processor.py:183} INFO - Processing /home/airflow/.local/lib/python3.12/site-packages/airflow/example_dags/example_task_group_decorator.py took 1.074 seconds
[2026-09-25T17:29:05.033+0000] {processor.py:161} INFO - Started process (PID=232) to work on /home/airflow/.local/lib/python3.12/site-packages/airflow/example_dags/example_task_group_decorator.py
[2026-09-25T17:29:05.035+0000] {processor.py:830} INFO - Processing file /home/airflow/.local/lib/python3.12/site-packages/airflow/example_dags/example_task_group_decorator.py for tasks to queue
[2026-09-25T17:29:05.041+0000] {logging_mixin.py:188} INFO - [2026-09-25T17:29:05.040+0000] {dagbag.py:545} INFO - Filling up the DagBag from /home/airflow/.local/lib/python3.12/site-packages/airflow/example_dags/example_task_group_decorator.py
[2026-09-25T17:29:05.105+0000] {processor.py:840} INFO - DAG(s) 'example_task_group_decorator' retrieved from /home/airflow/.local/lib/python3.12/site-packages/airflow/example_dags/example_task_group_decorator.py
[2026-09-25T17:29:05.207+0000] {logging_mixin.py:188} INFO - [2026-09-25T17:29:05.207+0000] {dag.py:3096} INFO - Sync 1 DAGs
[2026-09-25T17:29:05.308+0000] {logging_mixin.py:188} INFO - [2026-09-25T17:29:05.307+0000] {dag.py:3954} INFO - Setting next_dagrun for example_task_group_decorator to 2026-09-24 00:00:00+00:00, run_after=2026-09-25 00:00:00+00:00
[2026-09-25T17:29:05.390+0000] {processor.py:183} INFO - Processing /home/airflow/.local/lib/python3.12/site-packages/airflow/example_dags/example_task_group_decorator.py took 0.380 seconds
[2026-09-25T17:29:42.428+0000] {processor.py:161} INFO - Started process (PID=291) to work on /home/airflow/.local/lib/python3.12/site-packages/airflow/example_dags/example_task_group_decorator.py
[2026-09-25T17:29:42.435+0000] {processor.py:830} INFO - Processing file /home/airflow/.local/lib/python3.12/site-packages/airflow/example_dags/example_task_group_decorator.py for tasks to queue
[2026-09-25T17:29:42.440+0000] {logging_mixin.py:188} INFO - [2026-09-25T17:29:42.439+0000] {dagbag.py:545} INFO - Filling up the DagBag from /home/airflow/.local/lib/python3.12/site-packages/airflow/example_dags/example_task_group_decorator.py
[2026-09-25T17:29:42.493+0000] {processor.py:840} INFO - DAG(s) 'example_task_group_decorator' retrieved from /home/airflow/.local/lib/python3.12/site-packages/airflow/example_dags/example_task_group_decorator.py
[2026-09-25T17:29:42.592+0000] {logging_mixin.py:188} INFO - [2026-09-25T17:29:42.591+0000] {dag.py:3096} INFO - Sync 1 DAGs
[2026-09-25T17:29:42.670+0000] {logging_mixin.py:188} INFO - [2026-09-25T17:29:42.669+0000] {dag.py:3954} INFO - Setting next_dagrun for example_task_group_decorator to 2026-09-24 00:00:00+00:00, run_after=2026-09-25 00:00:00+00:00
[2026-09-25T17:29:42.751+0000] {processor.py:183} INFO - Processing /home/airflow/.local/lib/python3.12/site-packages/airflow/example_dags/example_task_group_decorator.py took 0.343 seconds
[2026-09-25T17:30:14.937+0000] {processor.py:161} INFO - Started process (PID=355) to work on /home/airflow/.local/lib/python3.12/site-packages/airflow/example_dags/example_task_group_decorator.py
[2026-09-25T17:30:14.941+0000] {processor.py:830} INFO - Processing file /home/airflow/.local/lib/python3.12/site-packages/airflow/example_dags/example_task_group_decorator.py for tasks to queue
[2026-09-25T17:30:14.954+0000] {logging_mixin.py:188} INFO - [2026-09-25T17:30:14.953+0000] {dagbag.py:545} INFO - Filling up the DagBag from /home/airflow/.local/lib/python3.12/site-packages/airflow/example_dags/example_task_group_decorator.py
[2026-09-25T17:30:15.122+0000] {processor.py:840} INFO - DAG(s) 'example_task_group_decorator' retrieved from /home/airflow/.local/lib/python3.12/site-packages/airflow/example_dags/example_task_group_decorator.py
[2026-09-25T17:30:15.405+0000] {logging_mixin.py:188} INFO - [2026-09-25T17:30:15.404+0000] {dag.py:3096} INFO - Sync 1 DAGs
[2026-09-25T17:30:15.480+0000] {logging_mixin.py:188} INFO - [2026-09-25T17:30:15.479+0000] {dag.py:3954} INFO - Setting next_dagrun for example_task_group_decorator to 2026-09-24 00:00:00+00:00, run_after=2026-09-25 00:00:00+00:00
[2026-09-25T17:30:15.581+0000] {processor.py:183} INFO - Processing /home/airflow/.local/lib/python3.12/site-packages/airflow/example_dags/example_task_group_decorator.py took 0.664 seconds
[2026-09-25T17:30:47.047+0000] {processor.py:161} INFO - Started process (PID=413) to work on /home/airflow/.local/lib/python3.12/site-packages/airflow/example_dags/example_task_group_decorator.py
[2026-09-25T17:30:47.058+0000] {processor.py:830} INFO - Processing file /home/airflow/.local/lib/python3.12/site-packages/airflow/example_dags/example_task_group_decorator.py for tasks to queue
[2026-09-25T17:30:47.072+0000] {logging_mixin.py:188} INFO - [2026-09-25T17:30:47.071+0000] {dagbag.py:545} INFO - Filling up the DagBag from /home/airflow/.local/lib/python3.12/site-packages/airflow/example_dags/example_task_group_decorator.py
[2026-09-25T17:30:47.134+0000] {processor.py:840} INFO - DAG(s) 'example_task_group_decorator' retrieved from /home/airflow/.local/lib/python3.12/site-packages/airflow/example_dags/example_task_group_decorator.py
[2026-09-25T17:30:47.345+0000] {logging_mixin.py:188} INFO - [2026-09-25T17:30:47.341+0000] {dag.py:3096} INFO - Sync 1 DAGs
[2026-09-25T17:30:47.469+0000] {logging_mixin.py:188} INFO - [2026-09-25T17:30:47.468+0000] {dag.py:3954} INFO - Setting next_dagrun for example_task_group_decorator to 2026-09-24 00:00:00+00:00, run_after=2026-09-25 00:00:00+00:00
[2026-09-25T17:30:47.571+0000] {processor.py:183} INFO - Processing /home/airflow/.local/lib/python3.12/site-packages/airflow/example_dags/example_task_group_decorator.py took 0.609 seconds
[2026-09-25T17:31:18.392+0000] {processor.py:161} INFO - Started process (PID=471) to work on /home/airflow/.local/lib/python3.12/site-packages/airflow/example_dags/example_task_group_decorator.py
[2026-09-25T17:31:18.400+0000] {processor.py:830} INFO - Processing file /home/airflow/.local/lib/python3.12/site-packages/airflow/example_dags/example_task_group_decorator.py for tasks to queue
[2026-09-25T17:31:18.410+0000] {logging_mixin.py:188} INFO - [2026-09-25T17:31:18.409+0000] {dagbag.py:545} INFO - Filling up the DagBag from /home/airflow/.local/lib/python3.12/site-packages/airflow/example_dags/example_task_group_decorator.py
[2026-09-25T17:31:18.474+0000] {processor.py:840} INFO - DAG(s) 'example_task_group_decorator' retrieved from /home/airflow/.local/lib/python3.12/site-packages/airflow/example_dags/example_task_group_decorator.py
[2026-09-25T17:31:18.533+0000] {logging_mixin.py:188} INFO - [2026-09-25T17:31:18.532+0000] {dag.py:3096} INFO - Sync 1 DAGs
[2026-09-25T17:31:18.577+0000] {logging_mixin.py:188} INFO - [2026-09-25T17:31:18.577+0000] {dag.py:3954} INFO - Setting next_dagrun for example_task_group_decorator to 2026-09-24 00:00:00+00:00, run_after=2026-09-25 00:00:00+00:00
[2026-09-25T17:31:18.621+0000] {processor.py:183} INFO - Processing /home/airflow/.local/lib/python3.12/site-packages/airflow/example_dags/example_task_group_decorator.py took 0.269 seconds
