[2026-09-25T17:27:30.332+0000] {processor.py:161} INFO - Started process (PID=77) to work on /home/airflow/.local/lib/python3.12/site-packages/airflow/example_dags/example_branch_day_of_week_operator.py
[2026-09-25T17:27:30.335+0000] {processor.py:830} INFO - Processing file /home/airflow/.local/lib/python3.12/site-packages/airflow/example_dags/example_branch_day_of_week_operator.py for tasks to queue
[2026-09-25T17:27:30.341+0000] {logging_mixin.py:188} INFO - [2026-09-25T17:27:30.340+0000] {dagbag.py:545} INFO - Filling up the DagBag from /home/airflow/.local/lib/python3.12/site-packages/airflow/example_dags/example_branch_day_of_week_operator.py
[2026-09-25T17:27:30.484+0000] {processor.py:840} INFO - DAG(s) 'example_weekday_branch_operator' retrieved from /home/airflow/.local/lib/python3.12/site-packages/airflow/example_dags/example_branch_day_of_week_operator.py
[2026-09-25T17:27:31.225+0000] {logging_mixin.py:188} INFO - [2026-09-25T17:27:31.224+0000] {dag.py:3096} INFO - Sync 1 DAGs
[2026-09-25T17:27:31.438+0000] {logging_mixin.py:188} INFO - [2026-09-25T17:27:31.431+0000] {dag.py:3954} INFO - Setting next_dagrun for example_weekday_branch_operator to 2026-09-24 00:00:00+00:00, run_after=2026-09-25 00:00:00+00:00
[2026-09-25T17:27:31.576+0000] {processor.py:183} INFO - Processing /home/airflow/.local/lib/python3.12/site-packages/airflow/example_dags/example_branch_day_of_week_operator.py took 1.306 seconds
[2026-09-25T17:28:09.930+0000] {processor.py:161} INFO - Started process (PID=136) to work on /home/airflow/.local/lib/python3.12/site-packages/airflow/example_dags/example_branch_day_of_week_operator.py
[2026-09-25T17:28:09.932+0000] {processor.py:830} INFO - Processing file /home/airflow/.local/lib/python3.12/site-packages/airflow/example_dags/example_branch_day_of_week_operator.py for tasks to queue
[2026-09-25T17:28:09.938+0000] {logging_mixin.py:188} INFO - [2026-09-25T17:28:09.937+0000] {dagbag.py:545} INFO - Filling up the DagBag from /home/airflow/.local/lib/python3.12/site-packages/airflow/example_dags/example_branch_day_of_week_operator.py
[2026-09-25T17:28:10.041+0000] {processor.py:840} INFO - DAG(s) 'example_weekday_branch_operator' retrieved from /home/airflow/.local/lib/python3.12/site-packages/airflow/example_dags/example_branch_day_of_week_operator.py
[2026-09-25T17:28:10.166+0000] {logging_mixin.py:188} INFO - [2026-09-25T17:28:10.165+0000] {dag.py:3096} INFO - Sync 1 DAGs
[2026-09-25T17:28:10.309+0000] {logging_mixin.py:188} INFO - [2026-09-25T17:28:10.309+0000] {dag.py:3954} INFO - Setting next_dagrun for example_weekday_branch_operator to 2026-09-24 00:00:00+00:00, run_after=2026-09-25 00:00:00+00:00
[2026-09-25T17:28:10.412+0000] {processor.py:183} INFO - Processing /home/airflow/.local/lib/python3.12/site-packages/airflow/example_dags/example_branch_day_of_week_operator.py took 0.502 seconds
[2026-09-25T17:28:40.854+0000] {processor.py:161} INFO - Started process (PID=192) to work on /home/airflow/.local/lib/python3.12/site-packages/airflow/example_dags/example_branch_day_of_week_operator.py
[2026-09-25T17:28:40.856+0000] {processor.py:830} INFO - Processing file /home/airflow/.local/lib/python3.12/site-packages/airflow/example_dags/example_branch_day_of_week_operator.py for tasks to queue
[2026-09-25T17:28:40.861+0000] {logging_mixin.py:188} INFO - [2026-09-25T17:28:40.860+0000] {dagbag.py:545} INFO - Filling up the DagBag from /home/airflow/.local/lib/python3.12/site-packages/airflow/example_dags/example_branch_day_of_week_operator.py
[2026-09-25T17:28:40.893+0000] {processor.py:840} INFO - DAG(s) 'example_weekday_branch_operator' retrieved from /home/airflow/.local/lib/python3.12/site-packages/airflow/example_dags/example_branch_day_of_week_operator.py
[2026-09-25T17:28:40.949+0000] {logging_mixin.py:188} INFO - [2026-09-25T17:28:40.948+0000] {dag.py:3096} INFO - Sync 1 DAGs
[2026-09-25T17:28:41.032+0000] {logging_mixin.py:188} INFO - [2026-09-25T17:28:41.030+0000] {dag.py:3954} INFO - Setting next_dagrun for example_weekday_branch_operator to 2026-09-24 00:00:00+00:00, run_after=2026-09-25 00:00:00+00:00
[2026-09-25T17:28:41.111+0000] {processor.py:183} INFO - Processing /home/airflow/.local/lib/python3.12/site-packages/airflow/example_dags/example_branch_day_of_week_operator.py took 0.282 seconds
[2026-09-25T17:29:11.506+0000] {processor.py:161} INFO - Started process (PID=250) to work on /home/airflow/.local/lib/python3.12/site-packages/airflow/example_dags/example_branch_day_of_week_operator.py
[2026-09-25T17:29:11.513+0000] {processor.py:830} INFO - Processing file /home/airflow/.local/lib/python3.12/site-packages/airflow/example_dags/example_branch_day_of_week_operator.py for tasks to queue
[2026-09-25T17:29:11.525+0000] {logging_mixin.py:188} INFO - [2026-09-25T17:29:11.521+0000] {dagbag.py:545} INFO - Filling up the DagBag from /home/airflow/.local/lib/python3.12/site-packages/airflow/example_dags/example_branch_day_of_week_operator.py
[2026-09-25T17:29:11.551+0000] {processor.py:840} INFO - DAG(s) 'example_weekday_branch_operator' retrieved from /home/airflow/.local/lib/python3.12/site-packages/airflow/example_dags/example_branch_day_of_week_operator.py
[2026-09-25T17:29:11.623+0000] {logging_mixin.py:188} INFO - [2026-09-25T17:29:11.623+0000] {dag.py:3096} INFO - Sync 1 DAGs
[2026-09-25T17:29:11.710+0000] {logging_mixin.py:188} INFO - [2026-09-25T17:29:11.709+0000] {dag.py:3954} INFO - Setting next_dagrun for example_weekday_branch_operator to 2026-09-24 00:00:00+00:00, run_after=2026-09-25 00:00:00+00:00
[2026-09-25T17:29:11.842+0000] {processor.py:183} INFO - Processing /home/airflow/.local/lib/python3.12/site-packages/airflow/example_dags/example_branch_day_of_week_operator.py took 0.354 seconds
[2026-09-25T17:29:45.473+0000] {processor.py:161} INFO - Started process (PID=314) to work on /home/airflow/.local/lib/python3.12/site-packages/airflow/example_dags/example_branch_day_of_week_operator.py
[2026-09-25T17:29:45.475+0000] {processor.py:830} INFO - Processing file /home/airflow/.local/lib/python3.12/site-packages/airflow/example_dags/example_branch_day_of_week_operator.py for tasks to queue
[2026-09-25T17:29:45.482+0000] {logging_mixin.py:188} INFO - [2026-09-25T17:29:45.480+0000] {dagbag.py:545} INFO - Filling up the DagBag from /home/airflow/.local/lib/python3.12/site-packages/airflow/example_dags/example_branch_day_of_week_operator.py
[2026-09-25T17:29:45.512+0000] {processor.py:840} INFO - DAG(s) 'example_weekday_branch_operator' retrieved from /home/airflow/.local/lib/python3.12/site-packages/airflow/example_dags/example_branch_day_of_week_operator.py
[2026-09-25T17:29:45.592+0000] {logging_mixin.py:188} INFO - [2026-09-25T17:29:45.592+0000] {dag.py:3096} INFO - Sync 1 DAGs
[2026-09-25T17:29:45.683+0000] {logging_mixin.py:188} INFO - [2026-09-25T17:29:45.682+0000] {dag.py:3954} INFO - Setting next_dagrun for example_weekday_branch_operator to 2026-09-24 00:00:00+00:00, run_after=2026-09-25 00:00:00+00:00
[2026-09-25T17:29:45.765+0000] {processor.py:183} INFO - Processing /home/airflow/.local/lib/python3.12/site-packages/airflow/example_dags/example_branch_day_of_week_operator.py took 0.313 seconds
[2026-09-25T17:30:18.836+0000] {processor.py:161} INFO - Started process (PID=365) to work on /home/airflow/.local/lib/python3.12/site-packages/airflow/example_dags/example_branch_day_of_week_operator.py
[2026-09-25T17:30:18.844+0000] {processor.py:830} INFO - Processing file /home/airflow/.local/lib/python3.12/site-packages/airflow/example_dags/example_branch_day_of_week_operator.py for tasks to queue
[2026-09-25T17:30:18.850+0000] {logging_mixin.py:188} INFO - [2026-09-25T17:30:18.849+0000] {dagbag.py:545} INFO - Filling up the DagBag from /home/airflow/.local/lib/python3.12/site-packages/airflow/example_dags/example_branch_day_of_week_operator.py
[2026-09-25T17:30:18.876+0000] {processor.py:840} INFO - DAG(s) 'example_weekday_branch_operator' retrieved from /home/airflow/.local/lib/python3.12/site-packages/airflow/example_dags/example_branch_day_of_week_operator.py
[2026-09-25T17:30:19.055+0000] {logging_mixin.py:188} INFO - [2026-09-25T17:30:19.051+0000] {dag.py:3096} INFO - Sync 1 DAGs
[2026-09-25T17:30:19.200+0000] {logging_mixin.py:188} INFO - [2026-09-25T17:30:19.198+0000] {dag.py:3954} INFO - Setting next_dagrun for example_weekday_branch_operator to 2026-09-24 00:00:00+00:00, run_after=2026-09-25 00:00:00+00:00
[2026-09-25T17:30:19.398+0000] {processor.py:183} INFO - Processing /home/airflow/.local/lib/python3.12/site-packages/airflow/example_dags/example_branch_day_of_week_operator.py took 0.722 seconds
[2026-09-25T17:30:50.523+0000] {processor.py:161} INFO - Started process (PID=423) to work on /home/airflow/.local/lib/python3.12/site-packages/airflow/example_dags/example_branch_day_of_week_operator.py
[2026-09-25T17:30:50.528+0000] {processor.py:830} INFO - Processing file /home/airflow/.local/lib/python3.12/site-packages/airflow/example_dags/example_branch_day_of_week_operator.py for tasks to queue
[2026-09-25T17:30:50.536+0000] {logging_mixin.py:188} INFO - [2026-09-25T17:30:50.535+0000] {dagbag.py:545} INFO - Filling up the DagBag from /home/airflow/.local/lib/python3.12/site-packages/airflow/example_dags/example_branch_day_of_week_operator.py
[2026-09-25T17:30:50.576+0000] {processor.py:840} INFO - DAG(s) 'example_weekday_branch_operator' retrieved from /home/airflow/.local/lib/python3.12/site-packages/airflow/example_dags/example_branch_day_of_week_operator.py
[2026-09-25T17:30:50.693+0000] {logging_mixin.py:188} INFO - [2026-09-25T17:30:50.693+0000] {dag.py:3096} INFO - Sync 1 DAGs
[2026-09-25T17:30:50.841+0000] {logging_mixin.py:188} INFO - [2026-09-25T17:30:50.840+0000] {dag.py:3954} INFO - Setting next_dagrun for example_weekday_branch_operator to 2026-09-24 00:00:00+00:00, run_after=2026-09-25 00:00:00+00:00
[2026-09-25T17:30:50.933+0000] {processor.py:183} INFO - Processing /home/airflow/.local/lib/python3.12/site-packages/airflow/example_dags/example_branch_day_of_week_operator.py took 0.447 seconds
[2026-09-25T17:31:21.151+0000] {processor.py:161} INFO - Started process (PID=481) to work on /home/airflow/.local/lib/python3.12/site-packages/airflow/example_dags/example_branch_day_of_week_operator.py
[2026-09-25T17:31:21.158+0000] {processor.py:830} INFO - Processing file /home/airflow/.local/lib/python3.12/site-packages/airflow/example_dags/example_branch_day_of_week_operator.py for tasks to queue
[2026-09-25T17:31:21.165+0000] {logging_mixin.py:188} INFO - [2026-09-25T17:31:21.163+0000] {dagbag.py:545} INFO - Filling up the DagBag from /home/airflow/.local/lib/python3.12/site-packages/airflow/example_dags/example_branch_day_of_week_operator.py
[2026-09-25T17:31:21.206+0000] {processor.py:840} INFO - DAG(s) 'example_weekday_branch_operator' retrieved from /home/airflow/.local/lib/python3.12/site-packages/airflow/example_dags/example_branch_day_of_week_operator.py
[2026-09-25T17:31:21.338+0000] {logging_mixin.py:188} INFO - [2026-09-25T17:31:21.337+0000] {dag.py:3096} INFO - Sync 1 DAGs
[2026-09-25T17:31:21.437+0000] {logging_mixin.py:188} INFO - [2026-09-25T17:31:21.436+0000] {dag.py:3954} INFO - Setting next_dagrun for example_weekday_branch_operator to 2026-09-24 00:00:00+00:00, run_after=2026-09-25 00:00:00+00:00
[2026-09-25T17:31:21.520+0000] {processor.py:183} INFO - Processing /home/airflow/.local/lib/python3.12/site-packages/airflow/example_dags/example_branch_day_of_week_operator.py took 0.390 seconds
