[2026-09-25T17:27:54.064+0000] {processor.py:161} INFO - Started process (PID=112) to work on /home/airflow/.local/lib/python3.12/site-packages/airflow/example_dags/example_skip_dag.py
[2026-09-25T17:27:54.066+0000] {processor.py:830} INFO - Processing file /home/airflow/.local/lib/python3.12/site-packages/airflow/example_dags/example_skip_dag.py for tasks to queue
[2026-09-25T17:27:54.071+0000] {logging_mixin.py:188} INFO - [2026-09-25T17:27:54.070+0000] {dagbag.py:545} INFO - Filling up the DagBag from /home/airflow/.local/lib/python3.12/site-packages/airflow/example_dags/example_skip_dag.py
[2026-09-25T17:27:54.111+0000] {processor.py:840} INFO - DAG(s) 'example_skip_dag' retrieved from /home/airflow/.local/lib/python3.12/site-packages/airflow/example_dags/example_skip_dag.py
[2026-09-25T17:27:54.773+0000] {logging_mixin.py:188} INFO - [2026-09-25T17:27:54.773+0000] {dag.py:3096} INFO - Sync 1 DAGs
[2026-09-25T17:27:54.891+0000] {logging_mixin.py:188} INFO - [2026-09-25T17:27:54.890+0000] {dag.py:3954} INFO - Setting next_dagrun for example_skip_dag to 2026-09-24 00:00:00+00:00, run_after=2026-09-25 00:00:00+00:00
[2026-09-25T17:27:54.956+0000] {processor.py:183} INFO - Processing /home/airflow/.local/lib/python3.12/site-packages/airflow/example_dags/example_skip_dag.py took 0.912 seconds
[2026-09-25T17:28:31.448+0000] {processor.py:161} INFO - Started process (PID=170) to work on /home/airflow/.local/lib/python3.12/site-packages/airflow/example_dags/example_skip_dag.py
[2026-09-25T17:28:31.450+0000] {processor.py:830} INFO - Processing file /home/airflow/.local/lib/python3.12/site-packages/airflow/example_dags/example_skip_dag.py for tasks to queue
[2026-09-25T17:28:31.457+0000] {logging_mixin.py:188} INFO - [2026-09-25T17:28:31.455+0000] {dagbag.py:545} INFO - Filling up the DagBag from /home/airflow/.local/lib/python3.12/site-packages/airflow/example_dags/example_skip_dag.py
[2026-09-25T17:28:31.503+0000] {processor.py:840} INFO - DAG(s) 'example_skip_dag' retrieved from /home/airflow/.local/lib/python3.12/site-packages/airflow/example_dags/example_skip_dag.py
[2026-09-25T17:28:31.622+0000] {logging_mixin.py:188} INFO - [2026-09-25T17:28:31.622+0000] {dag.py:3096} INFO - Sync 1 DAGs
[2026-09-25T17:28:31.829+0000] {logging_mixin.py:188} INFO - [2026-09-25T17:28:31.829+0000] {dag.py:3954} INFO - Setting next_dagrun for example_skip_dag to 2026-09-24 00:00:00+00:00, run_after=2026-09-25 00:00:00+00:00
[2026-09-25T17:28:31.930+0000] {processor.py:183} INFO - Processing /home/airflow/.local/lib/python3.12/site-packages/airflow/example_dags/example_skip_dag.py took 0.501 seconds
[2026-09-25T17:29:02.936+0000] {processor.py:161} INFO - Started process (PID=228) to work on /home/airflow/.local/lib/python3.12/site-packages/airflow/example_dags/example_skip_dag.py
[2026-09-25T17:29:02.938+0000] {processor.py:830} INFO - Processing file /home/airflow/.local/lib/python3.12/site-packages/airflow/example_dags/example_skip_dag.py for tasks to queue
[2026-09-25T17:29:02.942+0000] {logging_mixin.py:188} INFO - [2026-09-25T17:29:02.941+0000] {dagbag.py:545} INFO - Filling up the DagBag from /home/airflow/.local/lib/python3.12/site-packages/airflow/example_dags/example_skip_dag.py
[2026-09-25T17:29:02.963+0000] {processor.py:840} INFO - DAG(s) 'example_skip_dag' retrieved from /home/airflow/.local/lib/python3.12/site-packages/airflow/example_dags/example_skip_dag.py
[2026-09-25T17:29:03.051+0000] {logging_mixin.py:188} INFO - [2026-09-25T17:29:03.050+0000] {dag.py:3096} INFO - Sync 1 DAGs
[2026-09-25T17:29:03.149+0000] {logging_mixin.py:188} INFO - [2026-09-25T17:29:03.149+0000] {dag.py:3954} INFO - Setting next_dagrun for example_skip_dag to 2026-09-24 00:00:00+00:00, run_after=2026-09-25 00:00:00+00:00
[2026-09-25T17:29:03.220+0000] {processor.py:183} INFO - Processing /home/airflow/.local/lib/python3.12/site-packages/airflow/example_dags/example_skip_dag.py took 0.302 seconds
[2026-09-25T17:29:41.543+0000] {processor.py:161} INFO - Started process (PID=287) to work on /home/airflow/.local/lib/python3.12/site-packages/airflow/example_dags/example_skip_dag.py
[2026-09-25T17:29:41.545+0000] {processor.py:830} INFO - Processing file /home/airflow/.local/lib/python3.12/site-packages/airflow/example_dags/example_skip_dag.py for tasks to queue
[2026-09-25T17:29:41.551+0000] {logging_mixin.py:188} INFO - [2026-09-25T17:29:41.549+0000] {dagbag.py:545} INFO - Filling up the DagBag from /home/airflow/.local/lib/python3.12/site-packages/airflow/example_dags/example_skip_dag.py
[2026-09-25T17:29:41.572+0000] {processor.py:840} INFO - DAG(s) 'example_skip_dag' retrieved from /home/airflow/.local/lib/python3.12/site-packages/airflow/example_dags/example_skip_dag.py
[2026-09-25T17:29:41.651+0000] {logging_mixin.py:188} INFO - [2026-09-25T17:29:41.651+0000] {dag.py:3096} INFO - Sync 1 DAGs
[2026-09-25T17:29:41.760+0000] {logging_mixin.py:188} INFO - [2026-09-25T17:29:41.759+0000] {dag.py:3954} INFO - Setting next_dagrun for example_skip_dag to 2026-09-24 00:00:00+00:00, run_after=2026-09-25 00:00:00+00:00
[2026-09-25T17:29:41.854+0000] {processor.py:183} INFO - Processing /home/airflow/.local/lib/python3.12/site-packages/airflow/example_dags/example_skip_dag.py took 0.328 seconds
[2026-09-25T17:30:13.167+0000] {processor.py:161} INFO - Started process (PID=345) to work on /home/airflow/.local/lib/python3.12/site-packages/airflow/example_dags/example_skip_dag.py
[2026-09-25T17:30:13.193+0000] {processor.py:830} INFO - Processing file /home/airflow/.local/lib/python3.12/site-packages/airflow/example_dags/example_skip_dag.py for tasks to queue
[2026-09-25T17:30:13.214+0000] {logging_mixin.py:188} INFO - [2026-09-25T17:30:13.213+0000] {dagbag.py:545} INFO - Filling up the DagBag from /home/airflow/.local/lib/python3.12/site-packages/airflow/example_dags/example_skip_dag.py
[2026-09-25T17:30:13.275+0000] {processor.py:840} INFO - DAG(s) 'example_skip_dag' retrieved from /home/airflow/.local/lib/python3.12/site-packages/airflow/example_dags/example_skip_dag.py
[2026-09-25T17:30:13.413+0000] {logging_mixin.py:188} INFO - [2026-09-25T17:30:13.413+0000] {dag.py:3096} INFO - Sync 1 DAGs
[2026-09-25T17:30:13.533+0000] {logging_mixin.py:188} INFO - [2026-09-25T17:30:13.532+0000] {dag.py:3954} INFO - Setting next_dagrun for example_skip_dag to 2026-09-24 00:00:00+00:00, run_after=2026-09-25 00:00:00+00:00
[2026-09-25T17:30:13.607+0000] {processor.py:183} INFO - Processing /home/airflow/.local/lib/python3.12/site-packages/airflow/example_dags/example_skip_dag.py took 0.462 seconds
[2026-09-25T17:30:44.764+0000] {processor.py:161} INFO - Started process (PID=403) to work on /home/airflow/.local/lib/python3.12/site-packages/airflow/example_dags/example_skip_dag.py
[2026-09-25T17:30:44.773+0000] {processor.py:830} INFO - Processing file /home/airflow/.local/lib/python3.12/site-packages/airflow/example_dags/example_skip_dag.py for tasks to queue
[2026-09-25T17:30:44.799+0000] {logging_mixin.py:188} INFO - [2026-09-25T17:30:44.797+0000] {dagbag.py:545} INFO - Filling up the DagBag from /home/airflow/.local/lib/python3.12/site-packages/airflow/example_dags/example_skip_dag.py
[2026-09-25T17:30:44.887+0000] {processor.py:840} INFO - DAG(s) 'example_skip_dag' retrieved from /home/airflow/.local/lib/python3.12/site-packages/airflow/example_dags/example_skip_dag.py
[2026-09-25T17:30:44.984+0000] {logging_mixin.py:188} INFO - [2026-09-25T17:30:44.984+0000] {dag.py:3096} INFO - Sync 1 DAGs
[2026-09-25T17:30:45.077+0000] {logging_mixin.py:188} INFO - [2026-09-25T17:30:45.076+0000] {dag.py:3954} INFO - Setting next_dagrun for example_skip_dag to 2026-09-24 00:00:00+00:00, run_after=2026-09-25 00:00:00+00:00
[2026-09-25T17:30:45.172+0000] {processor.py:183} INFO - Processing /home/airflow/.local/lib/python3.12/site-packages/airflow/example_dags/example_skip_dag.py took 0.535 seconds
[2026-09-25T17:31:15.531+0000] {processor.py:161} INFO - Started process (PID=461) to work on /home/airflow/.local/lib/python3.12/site-packages/airflow/example_dags/example_skip_dag.py
[2026-09-25T17:31:15.533+0000] {processor.py:830} INFO - Processing file /home/airflow/.local/lib/python3.12/site-packages/airflow/example_dags/example_skip_dag.py for tasks to queue
[2026-09-25T17:31:15.538+0000] {logging_mixin.py:188} INFO - [2026-09-25T17:31:15.537+0000] {dagbag.py:545} INFO - Filling up the DagBag from /home/airflow/.local/lib/python3.12/site-packages/airflow/example_dags/example_skip_dag.py
[2026-09-25T17:31:15.557+0000] {processor.py:840} INFO - DAG(s) 'example_skip_dag' retrieved from /home/airflow/.local/lib/python3.12/site-packages/airflow/example_dags/example_skip_dag.py
[2026-09-25T17:31:15.619+0000] {logging_mixin.py:188} INFO - [2026-09-25T17:31:15.618+0000] {dag.py:3096} INFO - Sync 1 DAGs
[2026-09-25T17:31:15.719+0000] {logging_mixin.py:188} INFO - [2026-09-25T17:31:15.718+0000] {dag.py:3954} INFO - Setting next_dagrun for example_skip_dag to 2026-09-24 00:00:00+00:00, run_after=2026-09-25 00:00:00+00:00
[2026-09-25T17:31:15.816+0000] {processor.py:183} INFO - Processing /home/airflow/.local/lib/python3.12/site-packages/airflow/example_dags/example_skip_dag.py took 0.303 seconds
