[2026-09-25T17:27:52.319+0000] {processor.py:161} INFO - Started process (PID=108) to work on /home/airflow/.local/lib/python3.12/site-packages/airflow/example_dags/example_setup_teardown.py
[2026-09-25T17:27:52.321+0000] {processor.py:830} INFO - Processing file /home/airflow/.local/lib/python3.12/site-packages/airflow/example_dags/example_setup_teardown.py for tasks to queue
[2026-09-25T17:27:52.326+0000] {logging_mixin.py:188} INFO - [2026-09-25T17:27:52.325+0000] {dagbag.py:545} INFO - Filling up the DagBag from /home/airflow/.local/lib/python3.12/site-packages/airflow/example_dags/example_setup_teardown.py
[2026-09-25T17:27:52.367+0000] {processor.py:840} INFO - DAG(s) 'example_setup_teardown' retrieved from /home/airflow/.local/lib/python3.12/site-packages/airflow/example_dags/example_setup_teardown.py
[2026-09-25T17:27:52.855+0000] {logging_mixin.py:188} INFO - [2026-09-25T17:27:52.851+0000] {dag.py:3096} INFO - Sync 1 DAGs
[2026-09-25T17:27:52.980+0000] {logging_mixin.py:188} INFO - [2026-09-25T17:27:52.980+0000] {dag.py:3954} INFO - Setting next_dagrun for example_setup_teardown to 2026-09-24 00:00:00+00:00, run_after=2026-09-25 00:00:00+00:00
[2026-09-25T17:27:53.148+0000] {processor.py:183} INFO - Processing /home/airflow/.local/lib/python3.12/site-packages/airflow/example_dags/example_setup_teardown.py took 0.858 seconds
[2026-09-25T17:28:30.464+0000] {processor.py:161} INFO - Started process (PID=166) to work on /home/airflow/.local/lib/python3.12/site-packages/airflow/example_dags/example_setup_teardown.py
[2026-09-25T17:28:30.466+0000] {processor.py:830} INFO - Processing file /home/airflow/.local/lib/python3.12/site-packages/airflow/example_dags/example_setup_teardown.py for tasks to queue
[2026-09-25T17:28:30.471+0000] {logging_mixin.py:188} INFO - [2026-09-25T17:28:30.470+0000] {dagbag.py:545} INFO - Filling up the DagBag from /home/airflow/.local/lib/python3.12/site-packages/airflow/example_dags/example_setup_teardown.py
[2026-09-25T17:28:30.494+0000] {processor.py:840} INFO - DAG(s) 'example_setup_teardown' retrieved from /home/airflow/.local/lib/python3.12/site-packages/airflow/example_dags/example_setup_teardown.py
[2026-09-25T17:28:30.581+0000] {logging_mixin.py:188} INFO - [2026-09-25T17:28:30.580+0000] {dag.py:3096} INFO - Sync 1 DAGs
[2026-09-25T17:28:30.737+0000] {logging_mixin.py:188} INFO - [2026-09-25T17:28:30.736+0000] {dag.py:3954} INFO - Setting next_dagrun for example_setup_teardown to 2026-09-24 00:00:00+00:00, run_after=2026-09-25 00:00:00+00:00
[2026-09-25T17:28:30.853+0000] {processor.py:183} INFO - Processing /home/airflow/.local/lib/python3.12/site-packages/airflow/example_dags/example_setup_teardown.py took 0.407 seconds
[2026-09-25T17:29:01.011+0000] {processor.py:161} INFO - Started process (PID=224) to work on /home/airflow/.local/lib/python3.12/site-packages/airflow/example_dags/example_setup_teardown.py
[2026-09-25T17:29:01.016+0000] {processor.py:830} INFO - Processing file /home/airflow/.local/lib/python3.12/site-packages/airflow/example_dags/example_setup_teardown.py for tasks to queue
[2026-09-25T17:29:01.022+0000] {logging_mixin.py:188} INFO - [2026-09-25T17:29:01.021+0000] {dagbag.py:545} INFO - Filling up the DagBag from /home/airflow/.local/lib/python3.12/site-packages/airflow/example_dags/example_setup_teardown.py
[2026-09-25T17:29:01.044+0000] {processor.py:840} INFO - DAG(s) 'example_setup_teardown' retrieved from /home/airflow/.local/lib/python3.12/site-packages/airflow/example_dags/example_setup_teardown.py
[2026-09-25T17:29:01.121+0000] {logging_mixin.py:188} INFO - [2026-09-25T17:29:01.120+0000] {dag.py:3096} INFO - Sync 1 DAGs
[2026-09-25T17:29:01.227+0000] {logging_mixin.py:188} INFO - [2026-09-25T17:29:01.226+0000] {dag.py:3954} INFO - Setting next_dagrun for example_setup_teardown to 2026-09-24 00:00:00+00:00, run_after=2026-09-25 00:00:00+00:00
[2026-09-25T17:29:01.320+0000] {processor.py:183} INFO - Processing /home/airflow/.local/lib/python3.12/site-packages/airflow/example_dags/example_setup_teardown.py took 0.330 seconds
[2026-09-25T17:29:40.078+0000] {processor.py:161} INFO - Started process (PID=282) to work on /home/airflow/.local/lib/python3.12/site-packages/airflow/example_dags/example_setup_teardown.py
[2026-09-25T17:29:40.086+0000] {processor.py:830} INFO - Processing file /home/airflow/.local/lib/python3.12/site-packages/airflow/example_dags/example_setup_teardown.py for tasks to queue
[2026-09-25T17:29:40.118+0000] {logging_mixin.py:188} INFO - [2026-09-25T17:29:40.111+0000] {dagbag.py:545} INFO - Filling up the DagBag from /home/airflow/.local/lib/python3.12/site-packages/airflow/example_dags/example_setup_teardown.py
[2026-09-25T17:29:40.228+0000] {processor.py:840} INFO - DAG(s) 'example_setup_teardown' retrieved from /home/airflow/.local/lib/python3.12/site-packages/airflow/example_dags/example_setup_teardown.py
[2026-09-25T17:29:40.440+0000] {logging_mixin.py:188} INFO - [2026-09-25T17:29:40.438+0000] {dag.py:3096} INFO - Sync 1 DAGs
[2026-09-25T17:29:40.612+0000] {logging_mixin.py:188} INFO - [2026-09-25T17:29:40.611+0000] {dag.py:3954} INFO - Setting next_dagrun for example_setup_teardown to 2026-09-24 00:00:00+00:00, run_after=2026-09-25 00:00:00+00:00
[2026-09-25T17:29:40.747+0000] {processor.py:183} INFO - Processing /home/airflow/.local/lib/python3.12/site-packages/airflow/example_dags/example_setup_teardown.py took 0.738 seconds
[2026-09-25T17:30:11.514+0000] {processor.py:161} INFO - Started process (PID=340) to work on /home/airflow/.local/lib/python3.12/site-packages/airflow/example_dags/example_setup_teardown.py
[2026-09-25T17:30:11.524+0000] {processor.py:830} INFO - Processing file /home/airflow/.local/lib/python3.12/site-packages/airflow/example_dags/example_setup_teardown.py for tasks to queue
[2026-09-25T17:30:11.533+0000] {logging_mixin.py:188} INFO - [2026-09-25T17:30:11.532+0000] {dagbag.py:545} INFO - Filling up the DagBag from /home/airflow/.local/lib/python3.12/site-packages/airflow/example_dags/example_setup_teardown.py
[2026-09-25T17:30:11.559+0000] {processor.py:840} INFO - DAG(s) 'example_setup_teardown' retrieved from /home/airflow/.local/lib/python3.12/site-packages/airflow/example_dags/example_setup_teardown.py
[2026-09-25T17:30:11.724+0000] {logging_mixin.py:188} INFO - [2026-09-25T17:30:11.720+0000] {dag.py:3096} INFO - Sync 1 DAGs
[2026-09-25T17:30:11.948+0000] {logging_mixin.py:188} INFO - [2026-09-25T17:30:11.947+0000] {dag.py:3954} INFO - Setting next_dagrun for example_setup_teardown to 2026-09-24 00:00:00+00:00, run_after=2026-09-25 00:00:00+00:00
[2026-09-25T17:30:12.110+0000] {processor.py:183} INFO - Processing /home/airflow/.local/lib/python3.12/site-packages/airflow/example_dags/example_setup_teardown.py took 0.616 seconds
[2026-09-25T17:30:43.242+0000] {processor.py:161} INFO - Started process (PID=398) to work on /home/airflow/.local/lib/python3.12/site-packages/airflow/example_dags/example_setup_teardown.py
[2026-09-25T17:30:43.249+0000] {processor.py:830} INFO - Processing file /home/airflow/.local/lib/python3.12/site-packages/airflow/example_dags/example_setup_teardown.py for tasks to queue
[2026-09-25T17:30:43.256+0000] {logging_mixin.py:188} INFO - [2026-09-25T17:30:43.254+0000] {dagbag.py:545} INFO - Filling up the DagBag from /home/airflow/.local/lib/python3.12/site-packages/airflow/example_dags/example_setup_teardown.py
[2026-09-25T17:30:43.279+0000] {processor.py:840} INFO - DAG(s) 'example_setup_teardown' retrieved from /home/airflow/.local/lib/python3.12/site-packages/airflow/example_dags/example_setup_teardown.py
[2026-09-25T17:30:43.350+0000] {logging_mixin.py:188} INFO - [2026-09-25T17:30:43.349+0000] {dag.py:3096} INFO - Sync 1 DAGs
[2026-09-25T17:30:43.537+0000] {logging_mixin.py:188} INFO - [2026-09-25T17:30:43.536+0000] {dag.py:3954} INFO - Setting next_dagrun for example_setup_teardown to 2026-09-24 00:00:00+00:00, run_after=2026-09-25 00:00:00+00:00
[2026-09-25T17:30:43.693+0000] {processor.py:183} INFO - Processing /home/airflow/.local/lib/python3.12/site-packages/airflow/example_dags/example_setup_teardown.py took 0.471 seconds
[2026-09-25T17:31:14.011+0000] {processor.py:161} INFO - Started process (PID=455) to work on /home/airflow/.local/lib/python3.12/site-packages/airflow/example_dags/example_setup_teardown.py
[2026-09-25T17:31:14.014+0000] {processor.py:830} INFO - Processing file /home/airflow/.local/lib/python3.12/site-packages/airflow/example_dags/example_setup_teardown.py for tasks to queue
[2026-09-25T17:31:14.019+0000] {logging_mixin.py:188} INFO - [2026-09-25T17:31:14.018+0000] {dagbag.py:545} INFO - Filling up the DagBag from /home/airflow/.local/lib/python3.12/site-packages/airflow/example_dags/example_setup_teardown.py
[2026-09-25T17:31:14.040+0000] {processor.py:840} INFO - DAG(s) 'example_setup_teardown' retrieved from /home/airflow/.local/lib/python3.12/site-packages/airflow/example_dags/example_setup_teardown.py
[2026-09-25T17:31:14.120+0000] {logging_mixin.py:188} INFO - [2026-09-25T17:31:14.119+0000] {dag.py:3096} INFO - Sync 1 DAGs
[2026-09-25T17:31:14.210+0000] {logging_mixin.py:188} INFO - [2026-09-25T17:31:14.209+0000] {dag.py:3954} INFO - Setting next_dagrun for example_setup_teardown to 2026-09-24 00:00:00+00:00, run_after=2026-09-25 00:00:00+00:00
[2026-09-25T17:31:14.276+0000] {processor.py:183} INFO - Processing /home/airflow/.local/lib/python3.12/site-packages/airflow/example_dags/example_setup_teardown.py took 0.282 seconds
