[2026-09-25T17:28:00.017+0000] {processor.py:161} INFO - Started process (PID=122) to work on /home/airflow/.local/lib/python3.12/site-packages/airflow/example_dags/tutorial.py
[2026-09-25T17:28:00.019+0000] {processor.py:830} INFO - Processing file /home/airflow/.local/lib/python3.12/site-packages/airflow/example_dags/tutorial.py for tasks to queue
[2026-09-25T17:28:00.023+0000] {logging_mixin.py:188} INFO - [2026-09-25T17:28:00.022+0000] {dagbag.py:545} INFO - Filling up the DagBag from /home/airflow/.local/lib/python3.12/site-packages/airflow/example_dags/tutorial.py
[2026-09-25T17:28:00.037+0000] {processor.py:840} INFO - DAG(s) 'tutorial' retrieved from /home/airflow/.local/lib/python3.12/site-packages/airflow/example_dags/tutorial.py
[2026-09-25T17:28:00.529+0000] {logging_mixin.py:188} INFO - [2026-09-25T17:28:00.528+0000] {dag.py:3096} INFO - Sync 1 DAGs
[2026-09-25T17:28:00.607+0000] {logging_mixin.py:188} INFO - [2026-09-25T17:28:00.607+0000] {dag.py:3954} INFO - Setting next_dagrun for tutorial to 2026-09-24 00:00:00+00:00, run_after=2026-09-25 00:00:00+00:00
[2026-09-25T17:28:00.674+0000] {processor.py:183} INFO - Processing /home/airflow/.local/lib/python3.12/site-packages/airflow/example_dags/tutorial.py took 0.670 seconds
[2026-09-25T17:28:35.427+0000] {processor.py:161} INFO - Started process (PID=180) to work on /home/airflow/.local/lib/python3.12/site-packages/airflow/example_dags/tutorial.py
[2026-09-25T17:28:35.429+0000] {processor.py:830} INFO - Processing file /home/airflow/.local/lib/python3.12/site-packages/airflow/example_dags/tutorial.py for tasks to queue
[2026-09-25T17:28:35.433+0000] {logging_mixin.py:188} INFO - [2026-09-25T17:28:35.432+0000] {dagbag.py:545} INFO - Filling up the DagBag from /home/airflow/.local/lib/python3.12/site-packages/airflow/example_dags/tutorial.py
[2026-09-25T17:28:35.450+0000] {processor.py:840} INFO - DAG(s) 'tutorial' retrieved from /home/airflow/.local/lib/python3.12/site-packages/airflow/example_dags/tutorial.py
[2026-09-25T17:28:35.515+0000] {logging_mixin.py:188} INFO - [2026-09-25T17:28:35.514+0000] {dag.py:3096} INFO - Sync 1 DAGs
[2026-09-25T17:28:35.587+0000] {logging_mixin.py:188} INFO - [2026-09-25T17:28:35.585+0000] {dag.py:3954} INFO - Setting next_dagrun for tutorial to 2026-09-24 00:00:00+00:00, run_after=2026-09-25 00:00:00+00:00
[2026-09-25T17:28:35.699+0000] {processor.py:183} INFO - Processing /home/airflow/.local/lib/python3.12/site-packages/airflow/example_dags/tutorial.py took 0.293 seconds
[2026-09-25T17:29:06.360+0000] {processor.py:161} INFO - Started process (PID=238) to work on /home/airflow/.local/lib/python3.12/site-packages/airflow/example_dags/tutorial.py
[2026-09-25T17:29:06.362+0000] {processor.py:830} INFO - Processing file /home/airflow/.local/lib/python3.12/site-packages/airflow/example_dags/tutorial.py for tasks to queue
[2026-09-25T17:29:06.366+0000] {logging_mixin.py:188} INFO - [2026-09-25T17:29:06.365+0000] {dagbag.py:545} INFO - Filling up the DagBag from /home/airflow/.local/lib/python3.12/site-packages/airflow/example_dags/tutorial.py
[2026-09-25T17:29:06.383+0000] {processor.py:840} INFO - DAG(s) 'tutorial' retrieved from /home/airflow/.local/lib/python3.12/site-packages/airflow/example_dags/tutorial.py
[2026-09-25T17:29:06.444+0000] {logging_mixin.py:188} INFO - [2026-09-25T17:29:06.444+0000] {dag.py:3096} INFO - Sync 1 DAGs
[2026-09-25T17:29:06.518+0000] {logging_mixin.py:188} INFO - [2026-09-25T17:29:06.518+0000] {dag.py:3954} INFO - Setting next_dagrun for tutorial to 2026-09-24 00:00:00+00:00, run_after=2026-09-25 00:00:00+00:00
[2026-09-25T17:29:06.581+0000] {processor.py:183} INFO - Processing /home/airflow/.local/lib/python3.12/site-packages/airflow/example_dags/tutorial.py took 0.236 seconds
[2026-09-25T17:29:43.548+0000] {processor.py:161} INFO - Started process (PID=297) to work on /home/airflow/.local/lib/python3.12/site-packages/airflow/example_dags/tutorial.py
[2026-09-25T17:29:43.550+0000] {processor.py:830} INFO - Processing file /home/airflow/.local/lib/python3.12/site-packages/airflow/example_dags/tutorial.py for tasks to queue
[2026-09-25T17:29:43.556+0000] {logging_mixin.py:188} INFO - [2026-09-25T17:29:43.555+0000] {dagbag.py:545} INFO - Filling up the DagBag from /home/airflow/.local/lib/python3.12/site-packages/airflow/example_dags/tutorial.py
[2026-09-25T17:29:43.577+0000] {processor.py:840} INFO - DAG(s) 'tutorial' retrieved from /home/airflow/.local/lib/python3.12/site-packages/airflow/example_dags/tutorial.py
[2026-09-25T17:29:43.669+0000] {logging_mixin.py:188} INFO - [2026-09-25T17:29:43.668+0000] {dag.py:3096} INFO - Sync 1 DAGs
[2026-09-25T17:29:43.777+0000] {logging_mixin.py:188} INFO - [2026-09-25T17:29:43.775+0000] {dag.py:3954} INFO - Setting next_dagrun for tutorial to 2026-09-24 00:00:00+00:00, run_after=2026-09-25 00:00:00+00:00
[2026-09-25T17:29:43.873+0000] {processor.py:183} INFO - Processing /home/airflow/.local/lib/python3.12/site-packages/airflow/example_dags/tutorial.py took 0.348 seconds
[2026-09-25T17:30:17.330+0000] {processor.py:161} INFO - Started process (PID=361) to work on /home/airflow/.local/lib/python3.12/site-packages/airflow/example_dags/tutorial.py
[2026-09-25T17:30:17.341+0000] {processor.py:830} INFO - Processing file /home/airflow/.local/lib/python3.12/site-packages/airflow/example_dags/tutorial.py for tasks to queue
[2026-09-25T17:30:17.365+0000] {logging_mixin.py:188} INFO - [2026-09-25T17:30:17.363+0000] {dagbag.py:545} INFO - Filling up the DagBag from /home/airflow/.local/lib/python3.12/site-packages/airflow/example_dags/tutorial.py
[2026-09-25T17:30:17.577+0000] {processor.py:840} INFO - DAG(s) 'tutorial' retrieved from /home/airflow/.local/lib/python3.12/site-packages/airflow/example_dags/tutorial.py
[2026-09-25T17:30:17.832+0000] {logging_mixin.py:188} INFO - [2026-09-25T17:30:17.831+0000] {dag.py:3096} INFO - Sync 1 DAGs
[2026-09-25T17:30:17.988+0000] {logging_mixin.py:188} INFO - [2026-09-25T17:30:17.987+0000] {dag.py:3954} INFO - Setting next_dagrun for tutorial to 2026-09-24 00:00:00+00:00, run_after=2026-09-25 00:00:00+00:00
[2026-09-25T17:30:18.080+0000] {processor.py:183} INFO - Processing /home/airflow/.local/lib/python3.12/site-packages/airflow/example_dags/tutorial.py took 0.796 seconds
[2026-09-25T17:30:49.957+0000] {processor.py:161} INFO - Started process (PID=421) to work on /home/airflow/.local/lib/python3.12/site-packages/airflow/example_dags/tutorial.py
[2026-09-25T17:30:49.959+0000] {processor.py:830} INFO - Processing file /home/airflow/.local/lib/python3.12/site-packages/airflow/example_dags/tutorial.py for tasks to queue
[2026-09-25T17:30:49.977+0000] {logging_mixin.py:188} INFO - [2026-09-25T17:30:49.973+0000] {dagbag.py:545} INFO - Filling up the DagBag from /home/airflow/.local/lib/python3.12/site-packages/airflow/example_dags/tutorial.py
[2026-09-25T17:30:50.010+0000] {processor.py:840} INFO - DAG(s) 'tutorial' retrieved from /home/airflow/.local/lib/python3.12/site-packages/airflow/example_dags/tutorial.py
[2026-09-25T17:30:50.216+0000] {logging_mixin.py:188} INFO - [2026-09-25T17:30:50.215+0000] {dag.py:3096} INFO - Sync 1 DAGs
[2026-09-25T17:30:50.296+0000] {logging_mixin.py:188} INFO - [2026-09-25T17:30:50.295+0000] {dag.py:3954} INFO - Setting next_dagrun for tutorial to 2026-09-24 00:00:00+00:00, run_after=2026-09-25 00:00:00+00:00
[2026-09-25T17:30:50.401+0000] {processor.py:183} INFO - Processing /home/airflow/.local/lib/python3.12/site-packages/airflow/example_dags/tutorial.py took 0.483 seconds
[2026-09-25T17:31:20.750+0000] {processor.py:161} INFO - Started process (PID=479) to work on /home/airflow/.local/lib/python3.12/site-packages/airflow/example_dags/tutorial.py
[2026-09-25T17:31:20.753+0000] {processor.py:830} INFO - Processing file /home/airflow/.local/lib/python3.12/site-packages/airflow/example_dags/tutorial.py for tasks to queue
[2026-09-25T17:31:20.760+0000] {logging_mixin.py:188} INFO - [2026-09-25T17:31:20.759+0000] {dagbag.py:545} INFO - Filling up the DagBag from /home/airflow/.local/lib/python3.12/site-packages/airflow/example_dags/tutorial.py
[2026-09-25T17:31:20.792+0000] {processor.py:840} INFO - DAG(s) 'tutorial' retrieved from /home/airflow/.local/lib/python3.12/site-packages/airflow/example_dags/tutorial.py
[2026-09-25T17:31:20.879+0000] {logging_mixin.py:188} INFO - [2026-09-25T17:31:20.878+0000] {dag.py:3096} INFO - Sync 1 DAGs
[2026-09-25T17:31:20.964+0000] {logging_mixin.py:188} INFO - [2026-09-25T17:31:20.963+0000] {dag.py:3954} INFO - Setting next_dagrun for tutorial to 2026-09-24 00:00:00+00:00, run_after=2026-09-25 00:00:00+00:00
[2026-09-25T17:31:21.061+0000] {processor.py:183} INFO - Processing /home/airflow/.local/lib/python3.12/site-packages/airflow/example_dags/tutorial.py took 0.334 seconds
