[2026-09-25T17:28:03.079+0000] {processor.py:161} INFO - Started process (PID=125) to work on /home/airflow/.local/lib/python3.12/site-packages/airflow/example_dags/tutorial_taskflow_api.py
[2026-09-25T17:28:03.089+0000] {processor.py:830} INFO - Processing file /home/airflow/.local/lib/python3.12/site-packages/airflow/example_dags/tutorial_taskflow_api.py for tasks to queue
[2026-09-25T17:28:03.105+0000] {logging_mixin.py:188} INFO - [2026-09-25T17:28:03.104+0000] {dagbag.py:545} INFO - Filling up the DagBag from /home/airflow/.local/lib/python3.12/site-packages/airflow/example_dags/tutorial_taskflow_api.py
[2026-09-25T17:28:03.181+0000] {processor.py:840} INFO - DAG(s) 'tutorial_taskflow_api' retrieved from /home/airflow/.local/lib/python3.12/site-packages/airflow/example_dags/tutorial_taskflow_api.py
[2026-09-25T17:28:04.630+0000] {logging_mixin.py:188} INFO - [2026-09-25T17:28:04.629+0000] {dag.py:3096} INFO - Sync 1 DAGs
[2026-09-25T17:28:04.824+0000] {logging_mixin.py:188} INFO - [2026-09-25T17:28:04.823+0000] {dag.py:3954} INFO - Setting next_dagrun for tutorial_taskflow_api to None, run_after=None
[2026-09-25T17:28:04.901+0000] {processor.py:183} INFO - Processing /home/airflow/.local/lib/python3.12/site-packages/airflow/example_dags/tutorial_taskflow_api.py took 1.955 seconds
[2026-09-25T17:28:36.272+0000] {processor.py:161} INFO - Started process (PID=183) to work on /home/airflow/.local/lib/python3.12/site-packages/airflow/example_dags/tutorial_taskflow_api.py
[2026-09-25T17:28:36.274+0000] {processor.py:830} INFO - Processing file /home/airflow/.local/lib/python3.12/site-packages/airflow/example_dags/tutorial_taskflow_api.py for tasks to queue
[2026-09-25T17:28:36.281+0000] {logging_mixin.py:188} INFO - [2026-09-25T17:28:36.279+0000] {dagbag.py:545} INFO - Filling up the DagBag from /home/airflow/.local/lib/python3.12/site-packages/airflow/example_dags/tutorial_taskflow_api.py
[2026-09-25T17:28:36.538+0000] {processor.py:840} INFO - DAG(s) 'tutorial_taskflow_api' retrieved from /home/airflow/.local/lib/python3.12/site-packages/airflow/example_dags/tutorial_taskflow_api.py
[2026-09-25T17:28:36.745+0000] {logging_mixin.py:188} INFO - [2026-09-25T17:28:36.743+0000] {dag.py:3096} INFO - Sync 1 DAGs
[2026-09-25T17:28:36.834+0000] {logging_mixin.py:188} INFO - [2026-09-25T17:28:36.833+0000] {dag.py:3954} INFO - Setting next_dagrun for tutorial_taskflow_api to None, run_after=None
[2026-09-25T17:28:36.970+0000] {processor.py:183} INFO - Processing /home/airflow/.local/lib/python3.12/site-packages/airflow/example_dags/tutorial_taskflow_api.py took 0.719 seconds
[2026-09-25T17:29:07.183+0000] {processor.py:161} INFO - Started process (PID=241) to work on /home/airflow/.local/lib/python3.12/site-packages/airflow/example_dags/tutorial_taskflow_api.py
[2026-09-25T17:29:07.185+0000] {processor.py:830} INFO - Processing file /home/airflow/.local/lib/python3.12/site-packages/airflow/example_dags/tutorial_taskflow_api.py for tasks to queue
[2026-09-25T17:29:07.192+0000] {logging_mixin.py:188} INFO - [2026-09-25T17:29:07.191+0000] {dagbag.py:545} INFO - Filling up the DagBag from /home/airflow/.local/lib/python3.12/site-packages/airflow/example_dags/tutorial_taskflow_api.py
[2026-09-25T17:29:07.252+0000] {processor.py:840} INFO - DAG(s) 'tutorial_taskflow_api' retrieved from /home/airflow/.local/lib/python3.12/site-packages/airflow/example_dags/tutorial_taskflow_api.py
[2026-09-25T17:29:07.351+0000] {logging_mixin.py:188} INFO - [2026-09-25T17:29:07.350+0000] {dag.py:3096} INFO - Sync 1 DAGs
[2026-09-25T17:29:07.397+0000] {logging_mixin.py:188} INFO - [2026-09-25T17:29:07.396+0000] {dag.py:3954} INFO - Setting next_dagrun for tutorial_taskflow_api to None, run_after=None
[2026-09-25T17:29:07.503+0000] {processor.py:183} INFO - Processing /home/airflow/.local/lib/python3.12/site-packages/airflow/example_dags/tutorial_taskflow_api.py took 0.339 seconds
[2026-09-25T17:29:44.078+0000] {processor.py:161} INFO - Started process (PID=300) to work on /home/airflow/.local/lib/python3.12/site-packages/airflow/example_dags/tutorial_taskflow_api.py
[2026-09-25T17:29:44.081+0000] {processor.py:830} INFO - Processing file /home/airflow/.local/lib/python3.12/site-packages/airflow/example_dags/tutorial_taskflow_api.py for tasks to queue
[2026-09-25T17:29:44.089+0000] {logging_mixin.py:188} INFO - [2026-09-25T17:29:44.088+0000] {dagbag.py:545} INFO - Filling up the DagBag from /home/airflow/.local/lib/python3.12/site-packages/airflow/example_dags/tutorial_taskflow_api.py
[2026-09-25T17:29:44.113+0000] {processor.py:840} INFO - DAG(s) 'tutorial_taskflow_api' retrieved from /home/airflow/.local/lib/python3.12/site-packages/airflow/example_dags/tutorial_taskflow_api.py
[2026-09-25T17:29:44.232+0000] {logging_mixin.py:188} INFO - [2026-09-25T17:29:44.230+0000] {dag.py:3096} INFO - Sync 1 DAGs
[2026-09-25T17:29:44.315+0000] {logging_mixin.py:188} INFO - [2026-09-25T17:29:44.314+0000] {dag.py:3954} INFO - Setting next_dagrun for tutorial_taskflow_api to None, run_after=None
[2026-09-25T17:29:44.384+0000] {processor.py:183} INFO - Processing /home/airflow/.local/lib/python3.12/site-packages/airflow/example_dags/tutorial_taskflow_api.py took 0.328 seconds
[2026-09-25T17:30:20.621+0000] {processor.py:161} INFO - Started process (PID=370) to work on /home/airflow/.local/lib/python3.12/site-packages/airflow/example_dags/tutorial_taskflow_api.py
[2026-09-25T17:30:20.624+0000] {processor.py:830} INFO - Processing file /home/airflow/.local/lib/python3.12/site-packages/airflow/example_dags/tutorial_taskflow_api.py for tasks to queue
[2026-09-25T17:30:20.632+0000] {logging_mixin.py:188} INFO - [2026-09-25T17:30:20.630+0000] {dagbag.py:545} INFO - Filling up the DagBag from /home/airflow/.local/lib/python3.12/site-packages/airflow/example_dags/tutorial_taskflow_api.py
[2026-09-25T17:30:20.657+0000] {processor.py:840} INFO - DAG(s) 'tutorial_taskflow_api' retrieved from /home/airflow/.local/lib/python3.12/site-packages/airflow/example_dags/tutorial_taskflow_api.py
[2026-09-25T17:30:20.738+0000] {logging_mixin.py:188} INFO - [2026-09-25T17:30:20.736+0000] {dag.py:3096} INFO - Sync 1 DAGs
[2026-09-25T17:30:20.806+0000] {logging_mixin.py:188} INFO - [2026-09-25T17:30:20.805+0000] {dag.py:3954} INFO - Setting next_dagrun for tutorial_taskflow_api to None, run_after=None
[2026-09-25T17:30:20.923+0000] {processor.py:183} INFO - Processing /home/airflow/.local/lib/python3.12/site-packages/airflow/example_dags/tutorial_taskflow_api.py took 0.327 seconds
[2026-09-25T17:30:52.224+0000] {processor.py:161} INFO - Started process (PID=428) to work on /home/airflow/.local/lib/python3.12/site-packages/airflow/example_dags/tutorial_taskflow_api.py
[2026-09-25T17:30:52.233+0000] {processor.py:830} INFO - Processing file /home/airflow/.local/lib/python3.12/site-packages/airflow/example_dags/tutorial_taskflow_api.py for tasks to queue
[2026-09-25T17:30:52.240+0000] {logging_mixin.py:188} INFO - [2026-09-25T17:30:52.239+0000] {dagbag.py:545} INFO - Filling up the DagBag from /home/airflow/.local/lib/python3.12/site-packages/airflow/example_dags/tutorial_taskflow_api.py
[2026-09-25T17:30:52.271+0000] {processor.py:840} INFO - DAG(s) 'tutorial_taskflow_api' retrieved from /home/airflow/.local/lib/python3.12/site-packages/airflow/example_dags/tutorial_taskflow_api.py
[2026-09-25T17:30:52.420+0000] {logging_mixin.py:188} INFO - [2026-09-25T17:30:52.419+0000] {dag.py:3096} INFO - Sync 1 DAGs
[2026-09-25T17:30:52.511+0000] {logging_mixin.py:188} INFO - [2026-09-25T17:30:52.510+0000] {dag.py:3954} INFO - Setting next_dagrun for tutorial_taskflow_api to None, run_after=None
[2026-09-25T17:30:52.667+0000] {processor.py:183} INFO - Processing /home/airflow/.local/lib/python3.12/site-packages/airflow/example_dags/tutorial_taskflow_api.py took 0.469 seconds
[2026-09-25T17:31:23.040+0000] {processor.py:161} INFO - Started process (PID=486) to work on /home/airflow/.local/lib/python3.12/site-packages/airflow/example_dags/tutorial_taskflow_api.py
[2026-09-25T17:31:23.041+0000] {processor.py:830} INFO - Processing file /home/airflow/.local/lib/python3.12/site-packages/airflow/example_dags/tutorial_taskflow_api.py for tasks to queue
[2026-09-25T17:31:23.045+0000] {logging_mixin.py:188} INFO - [2026-09-25T17:31:23.045+0000] {dagbag.py:545} INFO - Filling up the DagBag from /home/airflow/.local/lib/python3.12/site-packages/airflow/example_dags/tutorial_taskflow_api.py
[2026-09-25T17:31:23.060+0000] {processor.py:840} INFO - DAG(s) 'tutorial_taskflow_api' retrieved from /home/airflow/.local/lib/python3.12/site-packages/airflow/example_dags/tutorial_taskflow_api.py
[2026-09-25T17:31:23.115+0000] {logging_mixin.py:188} INFO - [2026-09-25T17:31:23.114+0000] {dag.py:3096} INFO - Sync 1 DAGs
[2026-09-25T17:31:23.155+0000] {logging_mixin.py:188} INFO - [2026-09-25T17:31:23.155+0000] {dag.py:3954} INFO - Setting next_dagrun for tutorial_taskflow_api to None, run_after=None
[2026-09-25T17:31:23.210+0000] {processor.py:183} INFO - Processing /home/airflow/.local/lib/python3.12/site-packages/airflow/example_dags/tutorial_taskflow_api.py took 0.184 seconds
